Archive member included to satisfy reference by file (symbol)

.build/obj_astronaut_vial/serial_protocol.a(serial_protocol.o)
                              .build/obj_astronaut_vial/quantum/split_common/transport.o (soft_serial_target_init)
.build/obj_astronaut_vial/serial_vendor.a(serial_vendor.o)
                              .build/obj_astronaut_vial/serial_protocol.a(serial_protocol.o) (serial_transport_driver_clear)
.build/obj_astronaut_vial/spi_master.a(spi_master.o)
                              .build/obj_astronaut_vial/drivers/painter/comms/qp_comms_spi.o (spi_init)
C:/QMK_MSYS/mingw64/bin/../lib/gcc/arm-none-eabi/13.3.0/thumb/v6-m/nofp\libgcc.a(_thumb1_case_sqi.o)
                              .build/obj_astronaut_vial/quantum/keycode_config.o (__gnu_thumb1_case_sqi)
C:/QMK_MSYS/mingw64/bin/../lib/gcc/arm-none-eabi/13.3.0/thumb/v6-m/nofp\libgcc.a(_thumb1_case_uqi.o)
                              .build/obj_astronaut_vial/tft_display/hlc_tft_display.o (__gnu_thumb1_case_uqi)
C:/QMK_MSYS/mingw64/bin/../lib/gcc/arm-none-eabi/13.3.0/thumb/v6-m/nofp\libgcc.a(_thumb1_case_shi.o)
                              .build/obj_astronaut_vial/lib/chibios/os/hal/lib/streams/chprintf.o (__gnu_thumb1_case_shi)
C:/QMK_MSYS/mingw64/bin/../lib/gcc/arm-none-eabi/13.3.0/thumb/v6-m/nofp\libgcc.a(_thumb1_case_uhi.o)
                              .build/obj_astronaut_vial/quantum/action.o (__gnu_thumb1_case_uhi)
C:/QMK_MSYS/mingw64/bin/../lib/gcc/arm-none-eabi/13.3.0/thumb/v6-m/nofp\libgcc.a(_dvmd_tls.o)
                              .build/obj_astronaut_vial/./lib/pico-sdk/src/rp2_common/pico_divider/divider.o (__aeabi_idiv0)
C:/QMK_MSYS/mingw64/bin/../lib/gcc/arm-none-eabi/13.3.0/thumb/v6-m/nofp\libgcc.a(_ctzsi2.o)
                              .build/obj_astronaut_vial/./lib/pico-sdk/src/rp2_common/hardware_pio/pio.o (__ctzsi2)
C:/QMK_MSYS/mingw64/bin/../lib/gcc/arm-none-eabi/13.3.0/thumb/v6-m/nofp\libgcc.a(_fixunssfsi.o)
                              .build/obj_astronaut_vial/serial_vendor.a(serial_vendor.o) (__aeabi_f2uiz)
C:/QMK_MSYS/mingw64/bin/../lib/gcc/arm-none-eabi/13.3.0/thumb/v6-m/nofp\libgcc.a(divsf3.o)
                              .build/obj_astronaut_vial/serial_vendor.a(serial_vendor.o) (__aeabi_fdiv)
C:/QMK_MSYS/mingw64/bin/../lib/gcc/arm-none-eabi/13.3.0/thumb/v6-m/nofp\libgcc.a(mulsf3.o)
                              .build/obj_astronaut_vial/serial_vendor.a(serial_vendor.o) (__aeabi_fmul)
C:/QMK_MSYS/mingw64/bin/../lib/gcc/arm-none-eabi/13.3.0/thumb/v6-m/nofp\libgcc.a(subsf3.o)
                              .build/obj_astronaut_vial/serial_vendor.a(serial_vendor.o) (__aeabi_fsub)
C:/QMK_MSYS/mingw64/bin/../lib/gcc/arm-none-eabi/13.3.0/thumb/v6-m/nofp\libgcc.a(fixsfsi.o)
                              C:/QMK_MSYS/mingw64/bin/../lib/gcc/arm-none-eabi/13.3.0/thumb/v6-m/nofp\libgcc.a(_fixunssfsi.o) (__aeabi_f2iz)
C:/QMK_MSYS/mingw64/bin/../lib/gcc/arm-none-eabi/13.3.0/thumb/v6-m/nofp\libgcc.a(floatunsisf.o)
                              .build/obj_astronaut_vial/serial_vendor.a(serial_vendor.o) (__aeabi_ui2f)
C:/QMK_MSYS/mingw64/bin/../lib/gcc/arm-none-eabi/13.3.0/thumb/v6-m/nofp\libgcc.a(_arm_cmpsf2.o)
                              C:/QMK_MSYS/mingw64/bin/../lib/gcc/arm-none-eabi/13.3.0/thumb/v6-m/nofp\libgcc.a(_fixunssfsi.o) (__aeabi_fcmpge)
C:/QMK_MSYS/mingw64/bin/../lib/gcc/arm-none-eabi/13.3.0/thumb/v6-m/nofp\libgcc.a(_clzsi2.o)
                              C:/QMK_MSYS/mingw64/bin/../lib/gcc/arm-none-eabi/13.3.0/thumb/v6-m/nofp\libgcc.a(divsf3.o) (__clzsi2)
C:/QMK_MSYS/mingw64/bin/../lib/gcc/arm-none-eabi/13.3.0/thumb/v6-m/nofp\libgcc.a(eqsf2.o)
                              C:/QMK_MSYS/mingw64/bin/../lib/gcc/arm-none-eabi/13.3.0/thumb/v6-m/nofp\libgcc.a(_arm_cmpsf2.o) (__eqsf2)
C:/QMK_MSYS/mingw64/bin/../lib/gcc/arm-none-eabi/13.3.0/thumb/v6-m/nofp\libgcc.a(gesf2.o)
                              C:/QMK_MSYS/mingw64/bin/../lib/gcc/arm-none-eabi/13.3.0/thumb/v6-m/nofp\libgcc.a(_arm_cmpsf2.o) (__gesf2)
C:/QMK_MSYS/mingw64/bin/../lib/gcc/arm-none-eabi/13.3.0/thumb/v6-m/nofp\libgcc.a(lesf2.o)
                              C:/QMK_MSYS/mingw64/bin/../lib/gcc/arm-none-eabi/13.3.0/thumb/v6-m/nofp\libgcc.a(_arm_cmpsf2.o) (__lesf2)
C:/QMK_MSYS/mingw64/bin/../lib/gcc/arm-none-eabi/13.3.0/../../../../arm-none-eabi/lib/thumb/v6-m/nofp\libg_nano.a(libc_a-abort.o)
                              .build/obj_astronaut_vial/lib/chibios/os/various/syscalls.o (abort)
C:/QMK_MSYS/mingw64/bin/../lib/gcc/arm-none-eabi/13.3.0/../../../../arm-none-eabi/lib/thumb/v6-m/nofp\libg_nano.a(libc_a-rand.o)
                              .build/obj_astronaut_vial/tft_display/hlc_tft_display.o (srand)
C:/QMK_MSYS/mingw64/bin/../lib/gcc/arm-none-eabi/13.3.0/../../../../arm-none-eabi/lib/thumb/v6-m/nofp\libg_nano.a(libc_a-ctype_.o)
                              .build/obj_astronaut_vial/quantum/send_string/send_string.o (_ctype_)
[...]
Memory Configuration

Name             Origin             Length             Attributes
flash0           0x00000000         0x00004000         xr
flash1           0x10000000         0x00200000         xr
flash2           0x00000000         0x00000000         xr
flash3           0x00000000         0x00000000         xr
flash4           0x00000000         0x00000000         xr
flash5           0x00000000         0x00000000         xr
flash6           0x00000000         0x00000000         xr
flash7           0x00000000         0x00000000         xr
ram0             0x20000000         0x00040000         xw
ram1             0x00000000         0x00040000         xw
ram2             0x00000000         0x00000000         xw
ram3             0x00000000         0x00000000         xw
ram4             0x20040000         0x00001000         xw
ram5             0x20041000         0x00001000         xw
ram6             0x00000000         0x00000000         xw
ram7             0x20041f00         0x00000100         xw
*default*        0x00000000         0xffffffff

Linker script and memory map

LOAD .build/obj_astronaut_vial/tft_display/hlc_tft_display.o
LOAD .build/obj_astronaut_vial/tft_display/graphics/fonts/Retron2000-27.qff.o
LOAD .build/obj_astronaut_vial/tft_display/graphics/fonts/Retron2000-underline-27.qff.o
LOAD .build/obj_astronaut_vial/tft_display/graphics/numbers/0.qgf.o
LOAD .build/obj_astronaut_vial/tft_display/graphics/numbers/1.qgf.o
LOAD .build/obj_astronaut_vial/tft_display/graphics/numbers/2.qgf.o
LOAD .build/obj_astronaut_vial/tft_display/graphics/numbers/3.qgf.o
LOAD .build/obj_astronaut_vial/tft_display/graphics/numbers/4.qgf.o
LOAD .build/obj_astronaut_vial/tft_display/graphics/numbers/5.qgf.o
LOAD .build/obj_astronaut_vial/tft_display/graphics/numbers/6.qgf.o
LOAD .build/obj_astronaut_vial/tft_display/graphics/numbers/7.qgf.o
LOAD .build/obj_astronaut_vial/tft_display/graphics/numbers/8.qgf.o
LOAD .build/obj_astronaut_vial/tft_display/graphics/numbers/9.qgf.o
LOAD .build/obj_astronaut_vial/tft_display/graphics/numbers/undef.qgf.o
LOAD .build/obj_astronaut_vial/.build/obj_astronaut_vial/src/default_keyboard.o
LOAD .build/obj_astronaut_vial/quantum/keymap_introspection.o
LOAD .build/obj_astronaut_vial/quantum/quantum.o
LOAD .build/obj_astronaut_vial/quantum/bitwise.o
LOAD .build/obj_astronaut_vial/quantum/led.o
LOAD .build/obj_astronaut_vial/quantum/action.o
LOAD .build/obj_astronaut_vial/quantum/action_layer.o
LOAD .build/obj_astronaut_vial/quantum/action_tapping.o
LOAD .build/obj_astronaut_vial/quantum/action_util.o
LOAD .build/obj_astronaut_vial/quantum/eeconfig.o
LOAD .build/obj_astronaut_vial/quantum/keyboard.o
LOAD .build/obj_astronaut_vial/quantum/keymap_common.o
LOAD .build/obj_astronaut_vial/quantum/keycode_config.o
LOAD .build/obj_astronaut_vial/quantum/sync_timer.o
LOAD .build/obj_astronaut_vial/quantum/logging/debug.o
LOAD .build/obj_astronaut_vial/quantum/logging/sendchar.o
LOAD .build/obj_astronaut_vial/quantum/logging/print.o
LOAD .build/obj_astronaut_vial/quantum/matrix_common.o
LOAD .build/obj_astronaut_vial/quantum/matrix.o
LOAD .build/obj_astronaut_vial/quantum/debounce/sym_defer_g.o
LOAD .build/obj_astronaut_vial/quantum/split_common/split_util.o
LOAD .build/obj_astronaut_vial/quantum/split_common/transport.o
LOAD .build/obj_astronaut_vial/quantum/split_common/transactions.o
LOAD .build/obj_astronaut_vial/quantum/main.o
LOAD .build/obj_astronaut_vial/printf.o
LOAD .build/obj_astronaut_vial/quantum/unicode/utf8.o
LOAD .build/obj_astronaut_vial/quantum/color.o
LOAD .build/obj_astronaut_vial/quantum/painter/qp.o
LOAD .build/obj_astronaut_vial/quantum/painter/qp_internal.o
LOAD .build/obj_astronaut_vial/quantum/painter/qp_stream.o
LOAD .build/obj_astronaut_vial/quantum/painter/qgf.o
LOAD .build/obj_astronaut_vial/quantum/painter/qff.o
LOAD .build/obj_astronaut_vial/quantum/painter/qp_draw_core.o
LOAD .build/obj_astronaut_vial/quantum/painter/qp_draw_codec.o
LOAD .build/obj_astronaut_vial/quantum/painter/qp_draw_circle.o
LOAD .build/obj_astronaut_vial/quantum/painter/qp_draw_ellipse.o
LOAD .build/obj_astronaut_vial/quantum/painter/qp_draw_image.o
LOAD .build/obj_astronaut_vial/quantum/painter/qp_draw_text.o
LOAD .build/obj_astronaut_vial/drivers/painter/tft_panel/qp_tft_panel.o
LOAD .build/obj_astronaut_vial/drivers/painter/st77xx/qp_st7789.o
LOAD .build/obj_astronaut_vial/quantum/painter/qp_comms.o
LOAD .build/obj_astronaut_vial/drivers/painter/comms/qp_comms_spi.o
LOAD .build/obj_astronaut_vial/eeprom_driver.o
LOAD .build/obj_astronaut_vial/eeprom_wear_leveling.o
LOAD .build/obj_astronaut_vial/wear_leveling.o
LOAD .build/obj_astronaut_vial/wear_leveling_rp2040_flash.o
LOAD .build/obj_astronaut_vial/quantum/vial.o
LOAD .build/obj_astronaut_vial/quantum/qmk_settings.o
LOAD .build/obj_astronaut_vial/qmk_fnv_type_validation.o
LOAD .build/obj_astronaut_vial/hash_32a.o
LOAD .build/obj_astronaut_vial/hash_64a.o
LOAD .build/obj_astronaut_vial/quantum/process_keycode/process_auto_shift.o
LOAD .build/obj_astronaut_vial/quantum/bootmagic/bootmagic.o
LOAD .build/obj_astronaut_vial/quantum/process_keycode/process_combo.o
LOAD .build/obj_astronaut_vial/quantum/crc.o
LOAD .build/obj_astronaut_vial/quantum/deferred_exec.o
LOAD .build/obj_astronaut_vial/quantum/dynamic_keymap.o
LOAD .build/obj_astronaut_vial/quantum/process_keycode/process_grave_esc.o
LOAD .build/obj_astronaut_vial/quantum/process_keycode/process_key_override.o
LOAD .build/obj_astronaut_vial/quantum/process_keycode/process_magic.o
LOAD .build/obj_astronaut_vial/quantum/mousekey.o
LOAD .build/obj_astronaut_vial/quantum/send_string/send_string.o
LOAD .build/obj_astronaut_vial/quantum/process_keycode/process_space_cadet.o
LOAD .build/obj_astronaut_vial/quantum/process_keycode/process_tap_dance.o
LOAD .build/obj_astronaut_vial/quantum/process_keycode/process_tri_layer.o
LOAD .build/obj_astronaut_vial/quantum/tri_layer.o
LOAD .build/obj_astronaut_vial/quantum/via.o
LOAD .build/obj_astronaut_vial/quantum/wpm.o
LOAD .build/obj_astronaut_vial/protocol/host.o
LOAD .build/obj_astronaut_vial/protocol/report.o
LOAD .build/obj_astronaut_vial/protocol/usb_device_state.o
LOAD .build/obj_astronaut_vial/protocol/usb_util.o
LOAD .build/obj_astronaut_vial/platforms/suspend.o
LOAD .build/obj_astronaut_vial/platforms/synchronization_util.o
LOAD .build/obj_astronaut_vial/platforms/timer.o
LOAD .build/obj_astronaut_vial/platforms/chibios/hardware_id.o
LOAD .build/obj_astronaut_vial/platforms/chibios/platform.o
LOAD .build/obj_astronaut_vial/platforms/chibios/suspend.o
LOAD .build/obj_astronaut_vial/platforms/chibios/timer.o
LOAD .build/obj_astronaut_vial/platforms/chibios/bootloaders/rp2040.o
LOAD .build/obj_astronaut_vial/serial_protocol.a
LOAD .build/obj_astronaut_vial/serial_vendor.a
LOAD .build/obj_astronaut_vial/spi_master.a
LOAD .build/obj_astronaut_vial/./lib/chibios/os/common/startup/ARMCMx/compilers/GCC/crt0_v6m.o
LOAD .build/obj_astronaut_vial/./lib/chibios/os/common/startup/ARMCMx/compilers/GCC/vectors.o
LOAD .build/obj_astronaut_vial/./lib/chibios/os/common/ports/ARMv6-M-RP2/compilers/GCC/chcoreasm.o
LOAD .build/obj_astronaut_vial/protocol/chibios/usb_main.o
LOAD .build/obj_astronaut_vial/protocol/chibios/chibios.o
LOAD .build/obj_astronaut_vial/usb_descriptor.o
LOAD .build/obj_astronaut_vial/protocol/chibios/usb_driver.o
LOAD .build/obj_astronaut_vial/protocol/chibios/usb_endpoints.o
LOAD .build/obj_astronaut_vial/protocol/chibios/usb_report_handling.o
LOAD .build/obj_astronaut_vial/protocol/chibios/usb_util.o
LOAD .build/obj_astronaut_vial/lib/chibios/os/common/startup/ARMCMx/compilers/GCC/crt1.o
LOAD .build/obj_astronaut_vial/lib/chibios/os/rt/src/chsys.o
LOAD .build/obj_astronaut_vial/lib/chibios/os/rt/src/chrfcu.o
LOAD .build/obj_astronaut_vial/lib/chibios/os/rt/src/chdebug.o
LOAD .build/obj_astronaut_vial/lib/chibios/os/rt/src/chtrace.o
LOAD .build/obj_astronaut_vial/lib/chibios/os/rt/src/chvt.o
LOAD .build/obj_astronaut_vial/lib/chibios/os/rt/src/chschd.o
LOAD .build/obj_astronaut_vial/lib/chibios/os/rt/src/chinstances.o
LOAD .build/obj_astronaut_vial/lib/chibios/os/rt/src/chthreads.o
LOAD .build/obj_astronaut_vial/lib/chibios/os/rt/src/chtm.o
LOAD .build/obj_astronaut_vial/lib/chibios/os/rt/src/chstats.o
LOAD .build/obj_astronaut_vial/lib/chibios/os/rt/src/chregistry.o
LOAD .build/obj_astronaut_vial/lib/chibios/os/rt/src/chsem.o
LOAD .build/obj_astronaut_vial/lib/chibios/os/rt/src/chmtx.o
LOAD .build/obj_astronaut_vial/lib/chibios/os/rt/src/chcond.o
LOAD .build/obj_astronaut_vial/lib/chibios/os/rt/src/chevents.o
LOAD .build/obj_astronaut_vial/lib/chibios/os/rt/src/chmsg.o
LOAD .build/obj_astronaut_vial/lib/chibios/os/rt/src/chdynamic.o
LOAD .build/obj_astronaut_vial/lib/chibios/os/common/ports/ARMv6-M-RP2/chcore.o
LOAD .build/obj_astronaut_vial/lib/chibios/os/hal/osal/rt-nil/osal.o
LOAD .build/obj_astronaut_vial/lib/chibios/os/oslib/src/chmboxes.o
LOAD .build/obj_astronaut_vial/lib/chibios/os/oslib/src/chmemcore.o
LOAD .build/obj_astronaut_vial/lib/chibios/os/oslib/src/chmemheaps.o
LOAD .build/obj_astronaut_vial/lib/chibios/os/oslib/src/chmempools.o
LOAD .build/obj_astronaut_vial/lib/chibios/os/oslib/src/chpipes.o
LOAD .build/obj_astronaut_vial/lib/chibios/os/oslib/src/chobjcaches.o
LOAD .build/obj_astronaut_vial/lib/chibios/os/oslib/src/chdelegates.o
LOAD .build/obj_astronaut_vial/lib/chibios/os/oslib/src/chfactory.o
LOAD .build/obj_astronaut_vial/lib/chibios/os/hal/src/hal.o
LOAD .build/obj_astronaut_vial/lib/chibios/os/hal/src/hal_st.o
LOAD .build/obj_astronaut_vial/lib/chibios/os/hal/src/hal_buffers.o
LOAD .build/obj_astronaut_vial/lib/chibios/os/hal/src/hal_queues.o
LOAD .build/obj_astronaut_vial/lib/chibios/os/hal/src/hal_flash.o
LOAD .build/obj_astronaut_vial/lib/chibios/os/hal/src/hal_mmcsd.o
LOAD .build/obj_astronaut_vial/lib/chibios/os/hal/src/hal_adc.o
LOAD .build/obj_astronaut_vial/lib/chibios/os/hal/src/hal_can.o
LOAD .build/obj_astronaut_vial/lib/chibios/os/hal/src/hal_crypto.o
LOAD .build/obj_astronaut_vial/lib/chibios/os/hal/src/hal_dac.o
LOAD .build/obj_astronaut_vial/lib/chibios/os/hal/src/hal_efl.o
LOAD .build/obj_astronaut_vial/lib/chibios/os/hal/src/hal_gpt.o
LOAD .build/obj_astronaut_vial/lib/chibios/os/hal/src/hal_i2c.o
LOAD .build/obj_astronaut_vial/lib/chibios/os/hal/src/hal_i2s.o
LOAD .build/obj_astronaut_vial/lib/chibios/os/hal/src/hal_icu.o
LOAD .build/obj_astronaut_vial/lib/chibios/os/hal/src/hal_mac.o
LOAD .build/obj_astronaut_vial/lib/chibios/os/hal/src/hal_mmc_spi.o
LOAD .build/obj_astronaut_vial/lib/chibios/os/hal/src/hal_pal.o
LOAD .build/obj_astronaut_vial/lib/chibios/os/hal/src/hal_pwm.o
LOAD .build/obj_astronaut_vial/lib/chibios/os/hal/src/hal_rtc.o
LOAD .build/obj_astronaut_vial/lib/chibios/os/hal/src/hal_sdc.o
LOAD .build/obj_astronaut_vial/lib/chibios/os/hal/src/hal_serial.o
LOAD .build/obj_astronaut_vial/lib/chibios/os/hal/src/hal_serial_usb.o
LOAD .build/obj_astronaut_vial/lib/chibios/os/hal/src/hal_sio.o
LOAD .build/obj_astronaut_vial/lib/chibios/os/hal/src/hal_spi.o
LOAD .build/obj_astronaut_vial/lib/chibios/os/hal/src/hal_trng.o
LOAD .build/obj_astronaut_vial/lib/chibios/os/hal/src/hal_uart.o
LOAD .build/obj_astronaut_vial/lib/chibios/os/hal/src/hal_usb.o
LOAD .build/obj_astronaut_vial/lib/chibios/os/hal/src/hal_wdg.o
LOAD .build/obj_astronaut_vial/lib/chibios/os/hal/src/hal_wspi.o
LOAD .build/obj_astronaut_vial/lib/chibios/os/hal/ports/common/ARMCMx/nvic.o
LOAD .build/obj_astronaut_vial/lib/chibios/os/hal/ports/RP/RP2040/rp_isr.o
LOAD .build/obj_astronaut_vial/lib/chibios/os/hal/ports/RP/RP2040/hal_lld.o
LOAD .build/obj_astronaut_vial/lib/chibios/os/hal/ports/RP/LLD/DMAv1/rp_dma.o
LOAD .build/obj_astronaut_vial/lib/chibios/os/hal/ports/RP/LLD/GPIOv1/hal_pal_lld.o
LOAD .build/obj_astronaut_vial/lib/chibios/os/hal/ports/RP/LLD/SPIv1/hal_spi_lld.o
LOAD .build/obj_astronaut_vial/lib/chibios/os/hal/ports/RP/LLD/TIMERv1/hal_st_lld.o
LOAD .build/obj_astronaut_vial/lib/chibios/os/hal/ports/RP/LLD/UARTv1/hal_sio_lld.o
LOAD .build/obj_astronaut_vial/lib/chibios/os/hal/ports/RP/LLD/RTCv1/hal_rtc_lld.o
LOAD .build/obj_astronaut_vial/lib/chibios/os/hal/ports/RP/LLD/WDGv1/hal_wdg_lld.o
LOAD .build/obj_astronaut_vial/lib/chibios-contrib/os/hal/ports/RP/LLD/I2Cv1/hal_i2c_lld.o
LOAD .build/obj_astronaut_vial/lib/chibios-contrib/os/hal/ports/RP/LLD/PWMv1/hal_pwm_lld.o
LOAD .build/obj_astronaut_vial/lib/chibios-contrib/os/hal/ports/RP/LLD/ADCv1/hal_adc_lld.o
LOAD .build/obj_astronaut_vial/lib/chibios-contrib/os/hal/ports/RP/LLD/USBDv1/hal_usb_lld.o
LOAD .build/obj_astronaut_vial/lib/chibios/os/hal/boards/RP_PICO_RP2040/board.o
LOAD .build/obj_astronaut_vial/lib/chibios/os/hal/lib/streams/chprintf.o
LOAD .build/obj_astronaut_vial/lib/chibios/os/hal/lib/streams/chscanf.o
LOAD .build/obj_astronaut_vial/lib/chibios/os/hal/lib/streams/memstreams.o
LOAD .build/obj_astronaut_vial/lib/chibios/os/hal/lib/streams/nullstreams.o
LOAD .build/obj_astronaut_vial/lib/chibios/os/hal/lib/streams/bufstreams.o
LOAD .build/obj_astronaut_vial/lib/chibios/os/various/syscalls.o
LOAD .build/obj_astronaut_vial/platforms/chibios/syscall-fallbacks.o
LOAD .build/obj_astronaut_vial/platforms/chibios/wait.o
LOAD .build/obj_astronaut_vial/platforms/chibios/synchronization_util.o
LOAD .build/obj_astronaut_vial/platforms/chibios/interrupt_handlers.o
LOAD .build/obj_astronaut_vial/./lib/pico-sdk/src/rp2_common/hardware_clocks/clocks.o
LOAD .build/obj_astronaut_vial/./lib/pico-sdk/src/rp2_common/hardware_pll/pll.o
LOAD .build/obj_astronaut_vial/./lib/pico-sdk/src/rp2_common/hardware_pio/pio.o
LOAD .build/obj_astronaut_vial/./lib/pico-sdk/src/rp2_common/hardware_timer/timer.o
LOAD .build/obj_astronaut_vial/./lib/pico-sdk/src/rp2_common/hardware_flash/flash.o
LOAD .build/obj_astronaut_vial/./lib/pico-sdk/src/rp2_common/hardware_gpio/gpio.o
LOAD .build/obj_astronaut_vial/./lib/pico-sdk/src/rp2_common/hardware_claim/claim.o
LOAD .build/obj_astronaut_vial/./lib/pico-sdk/src/rp2_common/hardware_watchdog/watchdog.o
LOAD .build/obj_astronaut_vial/./lib/pico-sdk/src/rp2_common/hardware_xosc/xosc.o
LOAD .build/obj_astronaut_vial/./lib/pico-sdk/src/rp2_common/pico_bootrom/bootrom.o
LOAD .build/obj_astronaut_vial/platforms/chibios/vendors/RP/stage2_bootloaders.o
LOAD .build/obj_astronaut_vial/platforms/chibios/vendors/RP/pico_sdk_shims.o
LOAD .build/obj_astronaut_vial/./lib/pico-sdk/src/rp2_common/pico_divider/divider.o
LOAD .build/obj_astronaut_vial/./lib/pico-sdk/src/rp2_common/pico_int64_ops/pico_int64_ops_aeabi.o
                0x00000800                        __process_stack_size__ = 0x800
                0x00000400                        __main_stack_size__ = 0x400
LOAD C:/QMK_MSYS/mingw64/bin/../lib/gcc/arm-none-eabi/13.3.0/../../../../arm-none-eabi/lib/thumb/v6-m/nofp\libm.a
START GROUP
LOAD C:/QMK_MSYS/mingw64/bin/../lib/gcc/arm-none-eabi/13.3.0/thumb/v6-m/nofp\libgcc.a
LOAD C:/QMK_MSYS/mingw64/bin/../lib/gcc/arm-none-eabi/13.3.0/../../../../arm-none-eabi/lib/thumb/v6-m/nofp\libg_nano.a
LOAD C:/QMK_MSYS/mingw64/bin/../lib/gcc/arm-none-eabi/13.3.0/../../../../arm-none-eabi/lib/thumb/v6-m/nofp\libc_nano.a
END GROUP
START GROUP
LOAD C:/QMK_MSYS/mingw64/bin/../lib/gcc/arm-none-eabi/13.3.0/thumb/v6-m/nofp\libgcc.a
LOAD C:/QMK_MSYS/mingw64/bin/../lib/gcc/arm-none-eabi/13.3.0/../../../../arm-none-eabi/lib/thumb/v6-m/nofp\libc_nano.a
END GROUP

.flash_begin    0x10000000        0x0
                0x10000000                        __flash_binary_start = .

.boot2          0x10000000      0x100
                0x10000000                        __boot2_start__ = .
 *(.boot2)
 .boot2         0x10000000      0x100 .build/obj_astronaut_vial/platforms/chibios/vendors/RP/stage2_bootloaders.o
                0x10000000                BOOT2_ROM
                0x10000100                        __boot2_end__ = .

.mstack         0x20040000      0x400
                0x20040000                        . = ALIGN (0x8)
                0x20040000                        __main_stack_base__ = .
                0x20040400                        . = (. + __main_stack_size__)
 *fill*         0x20040000      0x400 
                0x20040400                        . = ALIGN (0x8)
                0x20040400                        __main_stack_end__ = .

.pstack         0x20040400      0x800
                0x20040400                        . = ALIGN (0x8)
                0x20040400                        __process_stack_base__ = .
                0x20040400                        __main_thread_stack_base__ = .
                0x20040c00                        . = (. + __process_stack_size__)
 *fill*         0x20040400      0x800 
                0x20040c00                        . = ALIGN (0x8)
                0x20040c00                        __process_stack_end__ = .
                0x20040c00                        __main_thread_stack_end__ = .
                0x00000400                        __c1_main_stack_size__ = __main_stack_size__
                0x00000800                        __c1_process_stack_size__ = __process_stack_size__

.c1_mstack      0x20041000      0x400
                0x20041000                        . = ALIGN (0x8)
                0x20041000                        __c1_main_stack_base__ = .
                0x20041400                        . = (. + __c1_main_stack_size__)
 *fill*         0x20041000      0x400 
                0x20041400                        . = ALIGN (0x8)
                0x20041400                        __c1_main_stack_end__ = .

.c1_pstack      0x20041400      0x800
                0x20041400                        . = ALIGN (0x8)
                0x20041400                        __c1_process_stack_base__ = .
                0x20041400                        __c1_main_thread_stack_base__ = .
                0x20041c00                        . = (. + __c1_process_stack_size__)
 *fill*         0x20041400      0x800 
                0x20041c00                        . = ALIGN (0x8)
                0x20041c00                        __c1_process_stack_end__ = .
                0x20041c00                        __c1_main_thread_stack_end__ = .

.vectors        0x10000100       0xc0
                0x10000100                        __textvectors_base__ = LOADADDR (.vectors)
                0x10000100                        __vectors_base__ = .
 *(.vectors)
 .vectors       0x10000100       0xc0 .build/obj_astronaut_vial/./lib/chibios/os/common/startup/ARMCMx/compilers/GCC/vectors.o
                0x10000100                _vectors
                0x100001c0                        __vectors_end__ = .

.xtors          0x100001c0        0x0
                0x100001c0                        __init_array_base__ = .
 *(SORT_BY_NAME(.init_array.*))
 *(.init_array)
                0x100001c0                        __init_array_end__ = .
                0x100001c0                        __fini_array_base__ = .
 *(.fini_array)
 *(SORT_BY_NAME(.fini_array.*))
                0x100001c0                        __fini_array_end__ = .

.text           0x100001c0    0x10398
                0x100001c0                        __text_base__ = .
 *(.text)
 .text          0x100001c0      0x104 .build/obj_astronaut_vial/./lib/chibios/os/common/startup/ARMCMx/compilers/GCC/crt0_v6m.o
                0x100001c0                _crt0_entry
 .text          0x100002c4        0x8 .build/obj_astronaut_vial/./lib/chibios/os/common/startup/ARMCMx/compilers/GCC/vectors.o
                0x100002c4                Reset_Handler
                0x100002c6                Vector9C
                0x100002c6                VectorAC
                0x100002c6                DebugMon_Handler
                0x100002c6                HardFault_Handler
                0x100002c6                Vector8C
                0x100002c6                SysTick_Handler
                0x100002c6                PendSV_Handler
                0x100002c6                Vector94
                0x100002c6                VectorA8
                0x100002c6                VectorB4
                0x100002c6                Vector74
                0x100002c6                UsageFault_Handler
                0x100002c6                VectorBC
                0x100002c6                Vector64
                0x100002c6                Vector58
                0x100002c6                Vector98
                0x100002c6                Vector24
                0x100002c6                Vector84
                0x100002c6                SecureFault_Handler
                0x100002c6                MemManage_Handler
                0x100002c6                VectorA0
                0x100002c6                SVC_Handler
                0x100002c6                VectorB0
                0x100002c6                Vector90
                0x100002c6                Vector60
                0x100002c6                Vector68
                0x100002c6                Vector78
                0x100002c6                VectorA4
                0x100002c6                Vector88
                0x100002c6                BusFault_Handler
                0x100002c6                Vector50
                0x100002c6                Vector28
                0x100002c6                VectorB8
                0x100002c6                Vector34
                0x100002c6                Vector20
                0x100002ca                _unhandled_exception
 .text          0x100002cc       0x48 .build/obj_astronaut_vial/./lib/chibios/os/common/ports/ARMv6-M-RP2/compilers/GCC/chcoreasm.o
                0x100002cc                __port_switch
                0x100002ec                __port_thread_start
                0x100002fe                __port_switch_from_isr
                0x10000302                __port_exit_from_isr
 .text          0x10000314       0x14 C:/QMK_MSYS/mingw64/bin/../lib/gcc/arm-none-eabi/13.3.0/thumb/v6-m/nofp\libgcc.a(_thumb1_case_sqi.o)
                0x10000314                __gnu_thumb1_case_sqi
 .text          0x10000328       0x14 C:/QMK_MSYS/mingw64/bin/../lib/gcc/arm-none-eabi/13.3.0/thumb/v6-m/nofp\libgcc.a(_thumb1_case_uqi.o)
                0x10000328                __gnu_thumb1_case_uqi
 .text          0x1000033c       0x14 C:/QMK_MSYS/mingw64/bin/../lib/gcc/arm-none-eabi/13.3.0/thumb/v6-m/nofp\libgcc.a(_thumb1_case_uhi.o)
                0x1000033c                __gnu_thumb1_case_uhi
 .text          0x10000350        0x4 C:/QMK_MSYS/mingw64/bin/../lib/gcc/arm-none-eabi/13.3.0/thumb/v6-m/nofp\libgcc.a(_dvmd_tls.o)
                0x10000350                __aeabi_idiv0
                0x10000350                __aeabi_ldiv0
 .text          0x10000354       0x40 C:/QMK_MSYS/mingw64/bin/../lib/gcc/arm-none-eabi/13.3.0/thumb/v6-m/nofp\libgcc.a(_ctzsi2.o)
                0x10000354                __ctzsi2
 .text          0x10000394       0x74 C:/QMK_MSYS/mingw64/bin/../lib/gcc/arm-none-eabi/13.3.0/thumb/v6-m/nofp\libgcc.a(_arm_cmpsf2.o)
                0x10000394                __aeabi_cfrcmple
                0x1000039c                __aeabi_cfcmpeq
                0x1000039c                __aeabi_cfcmple
                0x100003ac                __aeabi_fcmpeq
                0x100003b8                __aeabi_fcmplt
                0x100003cc                __aeabi_fcmple
                0x100003e0                __aeabi_fcmpgt
                0x100003f4                __aeabi_fcmpge
 .text          0x10000408       0x3c C:/QMK_MSYS/mingw64/bin/../lib/gcc/arm-none-eabi/13.3.0/thumb/v6-m/nofp\libgcc.a(_clzsi2.o)
                0x10000408                __clzsi2
 .text          0x10000444       0x10 C:/QMK_MSYS/mingw64/bin/../lib/gcc/arm-none-eabi/13.3.0/../../../../arm-none-eabi/lib/thumb/v6-m/nofp\libg_nano.a(libc_a-abort.o)
                0x10000444                abort
 .text          0x10000454       0xe8 C:/QMK_MSYS/mingw64/bin/../lib/gcc/arm-none-eabi/13.3.0/../../../../arm-none-eabi/lib/thumb/v6-m/nofp\libg_nano.a(libc_a-rand.o)
                0x10000454                srand
                0x100004b4                rand
 .text          0x1000053c       0x48 C:/QMK_MSYS/mingw64/bin/../lib/gcc/arm-none-eabi/13.3.0/../../../../arm-none-eabi/lib/thumb/v6-m/nofp\libg_nano.a(libc_a-memcmp.o)
                0x1000053c                memcmp
 .text          0x10000584       0xb0 C:/QMK_MSYS/mingw64/bin/../lib/gcc/arm-none-eabi/13.3.0/../../../../arm-none-eabi/lib/thumb/v6-m/nofp\libg_nano.a(libc_a-memmove.o)
                0x10000584                memmove
 .text          0x10000634       0xa8 C:/QMK_MSYS/mingw64/bin/../lib/gcc/arm-none-eabi/13.3.0/../../../../arm-none-eabi/lib/thumb/v6-m/nofp\libg_nano.a(libc_a-memset.o)
                0x10000634                memset
 .text          0x100006dc      0x264 C:/QMK_MSYS/mingw64/bin/../lib/gcc/arm-none-eabi/13.3.0/../../../../arm-none-eabi/lib/thumb/v6-m/nofp\libg_nano.a(libc_a-signal.o)
                0x100006dc                _init_signal_r
                0x1000070c                _signal_r
                0x10000750                _raise_r
                0x100007a4                __sigtramp_r
                0x10000800                raise
                0x10000858                signal
                0x100008a4                _init_signal
                0x100008dc                __sigtramp
 .text          0x10000940       0x30 C:/QMK_MSYS/mingw64/bin/../lib/gcc/arm-none-eabi/13.3.0/../../../../arm-none-eabi/lib/thumb/v6-m/nofp\libg_nano.a(libc_a-signalr.o)
                0x10000940                _kill_r
                0x10000968                _getpid_r
 .text          0x10000970       0x8c C:/QMK_MSYS/mingw64/bin/../lib/gcc/arm-none-eabi/13.3.0/../../../../arm-none-eabi/lib/thumb/v6-m/nofp\libg_nano.a(libc_a-memcpy-stub.o)
                0x10000970                memcpy
 .text          0x100009fc       0x5c C:/QMK_MSYS/mingw64/bin/../lib/gcc/arm-none-eabi/13.3.0/../../../../arm-none-eabi/lib/thumb/v6-m/nofp\libg_nano.a(libc_a-strlen-stub.o)
                0x100009fc                strlen
 .text          0x10000a58       0x4c C:/QMK_MSYS/mingw64/bin/../lib/gcc/arm-none-eabi/13.3.0/../../../../arm-none-eabi/lib/thumb/v6-m/nofp\libg_nano.a(libc_a-assert.o)
                0x10000a58                __assert_func
                0x10000a98                __assert
 .text          0x10000aa4       0x28 C:/QMK_MSYS/mingw64/bin/../lib/gcc/arm-none-eabi/13.3.0/../../../../arm-none-eabi/lib/thumb/v6-m/nofp\libg_nano.a(libc_a-malloc.o)
                0x10000aa4                malloc
                0x10000ab8                free
 .text          0x10000acc      0x158 C:/QMK_MSYS/mingw64/bin/../lib/gcc/arm-none-eabi/13.3.0/../../../../arm-none-eabi/lib/thumb/v6-m/nofp\libg_nano.a(libc_a-mallocr.o)
                0x10000b14                _malloc_r
 .text          0x10000c24       0x20 C:/QMK_MSYS/mingw64/bin/../lib/gcc/arm-none-eabi/13.3.0/../../../../arm-none-eabi/lib/thumb/v6-m/nofp\libg_nano.a(libc_a-mlock.o)
                0x10000c24                __malloc_lock
                0x10000c34                __malloc_unlock
 .text          0x10000c44       0x3c C:/QMK_MSYS/mingw64/bin/../lib/gcc/arm-none-eabi/13.3.0/../../../../arm-none-eabi/lib/thumb/v6-m/nofp\libg_nano.a(libc_a-fprintf.o)
                0x10000c44                _fprintf_r
                0x10000c44                _fiprintf_r
                0x10000c5c                fiprintf
                0x10000c5c                fprintf
 .text          0x10000c80       0x28 C:/QMK_MSYS/mingw64/bin/../lib/gcc/arm-none-eabi/13.3.0/../../../../arm-none-eabi/lib/thumb/v6-m/nofp\libg_nano.a(libc_a-lock.o)
                0x10000c80                __retarget_lock_init
                0x10000c84                __retarget_lock_init_recursive
                0x10000c88                __retarget_lock_close
                0x10000c8c                __retarget_lock_close_recursive
                0x10000c90                __retarget_lock_acquire
                0x10000c94                __retarget_lock_acquire_recursive
                0x10000c98                __retarget_lock_try_acquire
                0x10000c9c                __retarget_lock_try_acquire_recursive
                0x10000ca0                __retarget_lock_release
                0x10000ca4                __retarget_lock_release_recursive
 .text          0x10000ca8       0xb8 C:/QMK_MSYS/mingw64/bin/../lib/gcc/arm-none-eabi/13.3.0/../../../../arm-none-eabi/lib/thumb/v6-m/nofp\libg_nano.a(libc_a-freer.o)
                0x10000ca8                _free_r
 .text          0x10000d60      0x368 C:/QMK_MSYS/mingw64/bin/../lib/gcc/arm-none-eabi/13.3.0/../../../../arm-none-eabi/lib/thumb/v6-m/nofp\libg_nano.a(libc_a-nano-vfprintf.o)
                0x10000d88                __sfputs_r
                0x10000db4                __sprint_r
                0x10000dd4                _vfiprintf_r
                0x10000dd4                _vfprintf_r
                0x100010b0                vfprintf
                0x100010b0                vfiprintf
 .text          0x100010c8      0x3a8 C:/QMK_MSYS/mingw64/bin/../lib/gcc/arm-none-eabi/13.3.0/../../../../arm-none-eabi/lib/thumb/v6-m/nofp\libg_nano.a(libc_a-nano-vfprintf_i.o)
                0x100010c8                _printf_common
                0x10001210                _printf_i
 .text          0x10001470      0x308 C:/QMK_MSYS/mingw64/bin/../lib/gcc/arm-none-eabi/13.3.0/../../../../arm-none-eabi/lib/thumb/v6-m/nofp\libg_nano.a(libc_a-findfp.o)
                0x10001618                __sfp
                0x100016e0                __sinit
                0x10001718                __sfp_lock_acquire
                0x10001728                __sfp_lock_release
                0x10001738                __fp_lock_all
                0x10001758                __fp_unlock_all
 .text          0x10001778      0x310 C:/QMK_MSYS/mingw64/bin/../lib/gcc/arm-none-eabi/13.3.0/../../../../arm-none-eabi/lib/thumb/v6-m/nofp\libg_nano.a(libc_a-fvwrite.o)
                0x10001778                __sfvwrite_r
 .text          0x10001a88       0x44 C:/QMK_MSYS/mingw64/bin/../lib/gcc/arm-none-eabi/13.3.0/../../../../arm-none-eabi/lib/thumb/v6-m/nofp\libg_nano.a(libc_a-fwalk.o)
                0x10001a88                _fwalk_sglue
 .text          0x10001acc       0xa8 C:/QMK_MSYS/mingw64/bin/../lib/gcc/arm-none-eabi/13.3.0/../../../../arm-none-eabi/lib/thumb/v6-m/nofp\libg_nano.a(libc_a-stdio.o)
                0x10001acc                __sread
                0x10001af4                __seofread
                0x10001af8                __swrite
                0x10001b38                __sseek
                0x10001b68                __sclose
 .text          0x10001b74       0xb4 C:/QMK_MSYS/mingw64/bin/../lib/gcc/arm-none-eabi/13.3.0/../../../../arm-none-eabi/lib/thumb/v6-m/nofp\libg_nano.a(libc_a-wbuf.o)
                0x10001b74                __swbuf_r
                0x10001c10                __swbuf
 .text          0x10001c28       0xcc C:/QMK_MSYS/mingw64/bin/../lib/gcc/arm-none-eabi/13.3.0/../../../../arm-none-eabi/lib/thumb/v6-m/nofp\libg_nano.a(libc_a-wsetup.o)
                0x10001c28                __swsetup_r
 .text          0x10001cf4       0x74 C:/QMK_MSYS/mingw64/bin/../lib/gcc/arm-none-eabi/13.3.0/../../../../arm-none-eabi/lib/thumb/v6-m/nofp\libg_nano.a(libc_a-memchr-stub.o)
                0x10001cf4                memchr
 .text          0x10001d68       0x78 C:/QMK_MSYS/mingw64/bin/../lib/gcc/arm-none-eabi/13.3.0/../../../../arm-none-eabi/lib/thumb/v6-m/nofp\libg_nano.a(libc_a-reallocr.o)
                0x10001d68                _realloc_r
 .text          0x10001de0      0x1ac C:/QMK_MSYS/mingw64/bin/../lib/gcc/arm-none-eabi/13.3.0/../../../../arm-none-eabi/lib/thumb/v6-m/nofp\libg_nano.a(libc_a-fflush.o)
                0x10001de0                __sflush_r
                0x10001f00                _fflush_r
                0x10001f5c                fflush
 .text          0x10001f8c      0x110 C:/QMK_MSYS/mingw64/bin/../lib/gcc/arm-none-eabi/13.3.0/../../../../arm-none-eabi/lib/thumb/v6-m/nofp\libg_nano.a(libc_a-makebuf.o)
                0x10001f8c                __smakebuf_r
                0x10002050                __swhatbuf_r
 .text          0x1000209c       0x14 C:/QMK_MSYS/mingw64/bin/../lib/gcc/arm-none-eabi/13.3.0/../../../../arm-none-eabi/lib/thumb/v6-m/nofp\libg_nano.a(libc_a-msizer.o)
                0x1000209c                _malloc_usable_size_r
 *(.text.*)
 .text.draw_cell_rect
                0x100020b0       0x6c .build/obj_astronaut_vial/tft_display/hlc_tft_display.o
 .text.draw_status_text.constprop.0
                0x1000211c       0xcc .build/obj_astronaut_vial/tft_display/hlc_tft_display.o
 .text.ensure_morse_timeline
                0x100021e8      0x148 .build/obj_astronaut_vial/tft_display/hlc_tft_display.o
 .text.process_record_kb
                0x10002330       0x54 .build/obj_astronaut_vial/tft_display/hlc_tft_display.o
                0x10002330                process_record_kb
 .text.display_do_sleep
                0x10002384       0x28 .build/obj_astronaut_vial/tft_display/hlc_tft_display.o
                0x10002384                display_do_sleep
 .text.update_display
                0x100023ac      0x69c .build/obj_astronaut_vial/tft_display/hlc_tft_display.o
                0x100023ac                update_display
 .text.display_do_wake
                0x10002a48       0x60 .build/obj_astronaut_vial/tft_display/hlc_tft_display.o
                0x10002a48                display_do_wake
 .text.keyboard_post_init_user
                0x10002aa8      0x178 .build/obj_astronaut_vial/tft_display/hlc_tft_display.o
                0x10002aa8                keyboard_post_init_user
 .text.suspend_power_down_user
                0x10002c20       0x18 .build/obj_astronaut_vial/tft_display/hlc_tft_display.o
                0x10002c20                suspend_power_down_user
 .text.suspend_wakeup_init_user
                0x10002c38       0x18 .build/obj_astronaut_vial/tft_display/hlc_tft_display.o
                0x10002c38                suspend_wakeup_init_user
 .text.housekeeping_task_user
                0x10002c50      0x290 .build/obj_astronaut_vial/tft_display/hlc_tft_display.o
                0x10002c50                housekeeping_task_user
 .text.hlc_tft_on_activity
                0x10002ee0       0x4c .build/obj_astronaut_vial/tft_display/hlc_tft_display.o
                0x10002ee0                hlc_tft_on_activity
 .text.hlc_tft_layer_short
                0x10002f2c       0x20 .build/obj_astronaut_vial/quantum/keymap_introspection.o
                0x10002f2c                hlc_tft_layer_short
 .text.layer_state_set_user
                0x10002f4c       0x1e .build/obj_astronaut_vial/quantum/keymap_introspection.o
                0x10002f4c                layer_state_set_user
 *fill*         0x10002f6a        0x2 
 .text.process_record_user
                0x10002f6c      0x130 .build/obj_astronaut_vial/quantum/keymap_introspection.o
                0x10002f6c                process_record_user
 .text.keycode_at_keymap_location_raw
                0x1000309c       0x2c .build/obj_astronaut_vial/quantum/keymap_introspection.o
                0x1000309c                keycode_at_keymap_location_raw
 .text.extract_mod_bits
                0x100030c8       0x5c .build/obj_astronaut_vial/quantum/quantum.o
                0x100030c8                extract_mod_bits
 .text.do_code16
                0x10003124        0xc .build/obj_astronaut_vial/quantum/quantum.o
                0x10003124                do_code16
 .text.register_code16
                0x10003130       0x2c .build/obj_astronaut_vial/quantum/quantum.o
                0x10003130                register_code16
 .text.unregister_code16
                0x1000315c       0x2c .build/obj_astronaut_vial/quantum/quantum.o
                0x1000315c                unregister_code16
 .text.pre_process_record_user
                0x10003188        0x4 .build/obj_astronaut_vial/quantum/quantum.o
                0x10003188                pre_process_record_user
 .text.pre_process_record_kb
                0x1000318c        0x8 .build/obj_astronaut_vial/quantum/quantum.o
                0x1000318c                pre_process_record_kb
 .text.process_action_kb
                0x10003194        0x4 .build/obj_astronaut_vial/quantum/quantum.o
                0x10003194                process_action_kb
 .text.post_process_record_user
                0x10003198        0x2 .build/obj_astronaut_vial/quantum/quantum.o
                0x10003198                post_process_record_user
 .text.post_process_record_kb
                0x1000319a        0x8 .build/obj_astronaut_vial/quantum/quantum.o
                0x1000319a                post_process_record_kb
 *fill*         0x100031a2        0x2 
 .text.get_event_keycode
                0x100031a4       0x4c .build/obj_astronaut_vial/quantum/quantum.o
                0x100031a4                get_event_keycode
 .text.get_record_keycode
                0x100031f0       0x1c .build/obj_astronaut_vial/quantum/quantum.o
                0x100031f0                get_record_keycode
 .text.pre_process_record_quantum
                0x1000320c       0x28 .build/obj_astronaut_vial/quantum/quantum.o
                0x1000320c                pre_process_record_quantum
 .text.post_process_record_quantum
                0x10003234       0x12 .build/obj_astronaut_vial/quantum/quantum.o
                0x10003234                post_process_record_quantum
 .text.shutdown_user
                0x10003246        0x4 .build/obj_astronaut_vial/quantum/quantum.o
                0x10003246                shutdown_user
 .text.shutdown_kb
                0x1000324a        0x8 .build/obj_astronaut_vial/quantum/quantum.o
                0x1000324a                shutdown_kb
 *fill*         0x10003252        0x2 
 .text.shutdown_quantum
                0x10003254       0x1c .build/obj_astronaut_vial/quantum/quantum.o
                0x10003254                shutdown_quantum
 .text.reset_keyboard
                0x10003270        0xe .build/obj_astronaut_vial/quantum/quantum.o
                0x10003270                reset_keyboard
 .text.soft_reset_keyboard
                0x1000327e        0xe .build/obj_astronaut_vial/quantum/quantum.o
                0x1000327e                soft_reset_keyboard
 .text.process_record_quantum_helper
                0x1000328c      0x108 .build/obj_astronaut_vial/quantum/quantum.o
                0x1000328c                process_record_quantum_helper
 .text.process_record_quantum
                0x10003394       0x12 .build/obj_astronaut_vial/quantum/quantum.o
                0x10003394                process_record_quantum
 .text.suspend_power_down_quantum
                0x100033a6        0xc .build/obj_astronaut_vial/quantum/quantum.o
                0x100033a6                suspend_power_down_quantum
 .text.suspend_wakeup_init_quantum
                0x100033b2        0xc .build/obj_astronaut_vial/quantum/quantum.o
                0x100033b2                suspend_wakeup_init_quantum
 .text.biton16  0x100033be       0x2c .build/obj_astronaut_vial/quantum/bitwise.o
                0x100033be                biton16
 .text.bitrev   0x100033ea       0x26 .build/obj_astronaut_vial/quantum/bitwise.o
                0x100033ea                bitrev
 .text.led_update_user
                0x10003410        0x4 .build/obj_astronaut_vial/quantum/led.o
                0x10003410                led_update_user
 .text.led_update_ports
                0x10003414        0x2 .build/obj_astronaut_vial/quantum/led.o
                0x10003414                led_update_ports
 .text.led_update_kb
                0x10003416       0x16 .build/obj_astronaut_vial/quantum/led.o
                0x10003416                led_update_kb
 .text.led_init_ports
                0x1000342c        0x2 .build/obj_astronaut_vial/quantum/led.o
                0x1000342c                led_init_ports
 .text.led_set  0x1000342e        0x8 .build/obj_astronaut_vial/quantum/led.o
                0x1000342e                led_set
 .text.led_suspend
                0x10003436        0xa .build/obj_astronaut_vial/quantum/led.o
                0x10003436                led_suspend
 .text.led_wakeup
                0x10003440        0xc .build/obj_astronaut_vial/quantum/led.o
                0x10003440                led_wakeup
 .text.led_task
                0x1000344c       0x2c .build/obj_astronaut_vial/quantum/led.o
                0x1000344c                led_task
 .text.action_exec
                0x10003478       0x94 .build/obj_astronaut_vial/quantum/action.o
                0x10003478                action_exec
 .text.process_record_tap_hint
                0x1000350c       0x10 .build/obj_astronaut_vial/quantum/action.o
                0x1000350c                process_record_tap_hint
 .text.register_mouse
                0x1000351c       0x16 .build/obj_astronaut_vial/quantum/action.o
                0x1000351c                register_mouse
 *fill*         0x10003532        0x2 
 .text.register_code
                0x10003534       0x88 .build/obj_astronaut_vial/quantum/action.o
                0x10003534                register_code
 .text.unregister_code
                0x100035bc       0x6a .build/obj_astronaut_vial/quantum/action.o
                0x100035bc                unregister_code
 .text.tap_code_delay
                0x10003626       0x26 .build/obj_astronaut_vial/quantum/action.o
                0x10003626                tap_code_delay
 .text.tap_code
                0x1000364c       0x18 .build/obj_astronaut_vial/quantum/action.o
                0x1000364c                tap_code
 .text.bilateral_combinations_flush_chord_taps.part.0
                0x10003664       0x28 .build/obj_astronaut_vial/quantum/action.o
 .text.register_mods
                0x1000368c       0x10 .build/obj_astronaut_vial/quantum/action.o
                0x1000368c                register_mods
 .text.bilateral_combinations_tap.isra.0
                0x1000369c       0x68 .build/obj_astronaut_vial/quantum/action.o
 .text.bilateral_combinations_defermods_callback
                0x10003704       0x24 .build/obj_astronaut_vial/quantum/action.o
 .text.unregister_mods
                0x10003728       0x10 .build/obj_astronaut_vial/quantum/action.o
                0x10003728                unregister_mods
 .text.register_weak_mods
                0x10003738       0x10 .build/obj_astronaut_vial/quantum/action.o
                0x10003738                register_weak_mods
 .text.unregister_weak_mods
                0x10003748       0x10 .build/obj_astronaut_vial/quantum/action.o
                0x10003748                unregister_weak_mods
 .text.clear_keyboard_but_mods_and_keys
                0x10003758       0x20 .build/obj_astronaut_vial/quantum/action.o
                0x10003758                clear_keyboard_but_mods_and_keys
 .text.clear_keyboard_but_mods
                0x10003778        0xc .build/obj_astronaut_vial/quantum/action.o
                0x10003778                clear_keyboard_but_mods
 .text.clear_keyboard
                0x10003784        0xc .build/obj_astronaut_vial/quantum/action.o
                0x10003784                clear_keyboard
 .text.is_tap_action
                0x10003790       0x4c .build/obj_astronaut_vial/quantum/action.o
                0x10003790                is_tap_action
 .text.is_tap_record
                0x100037dc       0x22 .build/obj_astronaut_vial/quantum/action.o
                0x100037dc                is_tap_record
 *fill*         0x100037fe        0x2 
 .text.process_action
                0x10003800      0x708 .build/obj_astronaut_vial/quantum/action.o
                0x10003800                process_action
 .text.process_record_handler
                0x10003f08       0x2c .build/obj_astronaut_vial/quantum/action.o
                0x10003f08                process_record_handler
 .text.process_record
                0x10003f34       0x44 .build/obj_astronaut_vial/quantum/action.o
                0x10003f34                process_record
 .text.debug_event
                0x10003f78        0x6 .build/obj_astronaut_vial/quantum/action.o
                0x10003f78                debug_event
 .text.debug_record
                0x10003f7e        0x6 .build/obj_astronaut_vial/quantum/action.o
                0x10003f7e                debug_record
 .text.default_layer_state_set_user
                0x10003f84        0x2 .build/obj_astronaut_vial/quantum/action_layer.o
                0x10003f84                default_layer_state_set_user
 .text.default_layer_state_set_kb
                0x10003f86        0x8 .build/obj_astronaut_vial/quantum/action_layer.o
                0x10003f86                default_layer_state_set_kb
 *fill*         0x10003f8e        0x2 
 .text.default_layer_state_set
                0x10003f90       0x10 .build/obj_astronaut_vial/quantum/action_layer.o
 .text.default_layer_debug
                0x10003fa0        0x2 .build/obj_astronaut_vial/quantum/action_layer.o
                0x10003fa0                default_layer_debug
 .text.default_layer_set
                0x10003fa2        0x8 .build/obj_astronaut_vial/quantum/action_layer.o
                0x10003fa2                default_layer_set
 *fill*         0x10003faa        0x2 
 .text.default_layer_or
                0x10003fac       0x14 .build/obj_astronaut_vial/quantum/action_layer.o
                0x10003fac                default_layer_or
 .text.default_layer_and
                0x10003fc0       0x14 .build/obj_astronaut_vial/quantum/action_layer.o
                0x10003fc0                default_layer_and
 .text.default_layer_xor
                0x10003fd4       0x14 .build/obj_astronaut_vial/quantum/action_layer.o
                0x10003fd4                default_layer_xor
 .text.layer_state_set_kb
                0x10003fe8        0x8 .build/obj_astronaut_vial/quantum/action_layer.o
                0x10003fe8                layer_state_set_kb
 .text.layer_state_set
                0x10003ff0       0x10 .build/obj_astronaut_vial/quantum/action_layer.o
                0x10003ff0                layer_state_set
 .text.layer_clear
                0x10004000        0xa .build/obj_astronaut_vial/quantum/action_layer.o
                0x10004000                layer_clear
 *fill*         0x1000400a        0x2 
 .text.layer_state_is
                0x1000400c       0x20 .build/obj_astronaut_vial/quantum/action_layer.o
                0x1000400c                layer_state_is
 .text.layer_move
                0x1000402c        0xe .build/obj_astronaut_vial/quantum/action_layer.o
                0x1000402c                layer_move
 *fill*         0x1000403a        0x2 
 .text.layer_on
                0x1000403c       0x18 .build/obj_astronaut_vial/quantum/action_layer.o
                0x1000403c                layer_on
 .text.layer_off
                0x10004054       0x18 .build/obj_astronaut_vial/quantum/action_layer.o
                0x10004054                layer_off
 .text.layer_invert
                0x1000406c       0x18 .build/obj_astronaut_vial/quantum/action_layer.o
                0x1000406c                layer_invert
 .text.layer_or
                0x10004084       0x14 .build/obj_astronaut_vial/quantum/action_layer.o
                0x10004084                layer_or
 .text.layer_and
                0x10004098       0x14 .build/obj_astronaut_vial/quantum/action_layer.o
                0x10004098                layer_and
 .text.layer_xor
                0x100040ac       0x14 .build/obj_astronaut_vial/quantum/action_layer.o
                0x100040ac                layer_xor
 .text.layer_debug
                0x100040c0        0x2 .build/obj_astronaut_vial/quantum/action_layer.o
                0x100040c0                layer_debug
 .text.update_source_layers_cache_impl
                0x100040c2       0x30 .build/obj_astronaut_vial/quantum/action_layer.o
                0x100040c2                update_source_layers_cache_impl
 .text.read_source_layers_cache_impl
                0x100040f2       0x26 .build/obj_astronaut_vial/quantum/action_layer.o
                0x100040f2                read_source_layers_cache_impl
 .text.update_source_layers_cache
                0x10004118       0x28 .build/obj_astronaut_vial/quantum/action_layer.o
                0x10004118                update_source_layers_cache
 .text.read_source_layers_cache
                0x10004140       0x28 .build/obj_astronaut_vial/quantum/action_layer.o
                0x10004140                read_source_layers_cache
 .text.layer_switch_get_layer
                0x10004168       0x44 .build/obj_astronaut_vial/quantum/action_layer.o
                0x10004168                layer_switch_get_layer
 .text.layer_switch_get_action
                0x100041ac       0x14 .build/obj_astronaut_vial/quantum/action_layer.o
                0x100041ac                layer_switch_get_action
 .text.store_or_get_action
                0x100041c0       0x44 .build/obj_astronaut_vial/quantum/action_layer.o
                0x100041c0                store_or_get_action
 .text.update_tri_layer_state
                0x10004204       0x2a .build/obj_astronaut_vial/quantum/action_layer.o
                0x10004204                update_tri_layer_state
 *fill*         0x1000422e        0x2 
 .text.update_tri_layer
                0x10004230       0x1c .build/obj_astronaut_vial/quantum/action_layer.o
                0x10004230                update_tri_layer
 .text.debug_waiting_buffer
                0x1000424c       0x44 .build/obj_astronaut_vial/quantum/action_tapping.o
 .text.debug_tapping_key
                0x10004290       0x20 .build/obj_astronaut_vial/quantum/action_tapping.o
 .text.waiting_buffer_typed.isra.0
                0x100042b0       0x4c .build/obj_astronaut_vial/quantum/action_tapping.o
 .text.waiting_buffer_scan_tap
                0x100042fc       0x88 .build/obj_astronaut_vial/quantum/action_tapping.o
 .text.process_tapping
                0x10004384      0x2d4 .build/obj_astronaut_vial/quantum/action_tapping.o
 .text.action_tapping_process
                0x10004658       0xcc .build/obj_astronaut_vial/quantum/action_tapping.o
                0x10004658                action_tapping_process
 .text.get_oneshot_locked_mods
                0x10004724        0xc .build/obj_astronaut_vial/quantum/action_util.o
                0x10004724                get_oneshot_locked_mods
 .text.has_oneshot_mods_timed_out
                0x10004730       0x2c .build/obj_astronaut_vial/quantum/action_util.o
                0x10004730                has_oneshot_mods_timed_out
 .text.get_oneshot_layer
                0x1000475c        0xc .build/obj_astronaut_vial/quantum/action_util.o
                0x1000475c                get_oneshot_layer
 .text.get_oneshot_layer_state
                0x10004768       0x10 .build/obj_astronaut_vial/quantum/action_util.o
                0x10004768                get_oneshot_layer_state
 .text.has_oneshot_layer_timed_out
                0x10004778       0x30 .build/obj_astronaut_vial/quantum/action_util.o
                0x10004778                has_oneshot_layer_timed_out
 .text.is_oneshot_layer_active
                0x100047a8       0x14 .build/obj_astronaut_vial/quantum/action_util.o
                0x100047a8                is_oneshot_layer_active
 .text.get_mods
                0x100047bc        0xc .build/obj_astronaut_vial/quantum/action_util.o
                0x100047bc                get_mods
 .text.add_mods
                0x100047c8       0x10 .build/obj_astronaut_vial/quantum/action_util.o
                0x100047c8                add_mods
 .text.del_mods
                0x100047d8       0x10 .build/obj_astronaut_vial/quantum/action_util.o
                0x100047d8                del_mods
 .text.set_mods
                0x100047e8        0xc .build/obj_astronaut_vial/quantum/action_util.o
                0x100047e8                set_mods
 .text.clear_mods
                0x100047f4        0xc .build/obj_astronaut_vial/quantum/action_util.o
                0x100047f4                clear_mods
 .text.get_weak_mods
                0x10004800        0xc .build/obj_astronaut_vial/quantum/action_util.o
                0x10004800                get_weak_mods
 .text.add_weak_mods
                0x1000480c       0x10 .build/obj_astronaut_vial/quantum/action_util.o
                0x1000480c                add_weak_mods
 .text.del_weak_mods
                0x1000481c       0x10 .build/obj_astronaut_vial/quantum/action_util.o
                0x1000481c                del_weak_mods
 .text.clear_weak_mods
                0x1000482c        0xc .build/obj_astronaut_vial/quantum/action_util.o
                0x1000482c                clear_weak_mods
 .text.set_weak_override_mods
                0x10004838        0xc .build/obj_astronaut_vial/quantum/action_util.o
                0x10004838                set_weak_override_mods
 .text.clear_weak_override_mods
                0x10004844        0xc .build/obj_astronaut_vial/quantum/action_util.o
                0x10004844                clear_weak_override_mods
 .text.set_suppressed_override_mods
                0x10004850        0xc .build/obj_astronaut_vial/quantum/action_util.o
                0x10004850                set_suppressed_override_mods
 .text.clear_suppressed_override_mods
                0x1000485c        0xc .build/obj_astronaut_vial/quantum/action_util.o
                0x1000485c                clear_suppressed_override_mods
 .text.get_oneshot_mods
                0x10004868        0xc .build/obj_astronaut_vial/quantum/action_util.o
                0x10004868                get_oneshot_mods
 .text.oneshot_locked_mods_changed_user
                0x10004874        0x2 .build/obj_astronaut_vial/quantum/action_util.o
                0x10004874                oneshot_locked_mods_changed_user
 .text.oneshot_locked_mods_changed_kb
                0x10004876        0x8 .build/obj_astronaut_vial/quantum/action_util.o
                0x10004876                oneshot_locked_mods_changed_kb
 *fill*         0x1000487e        0x2 
 .text.add_oneshot_locked_mods
                0x10004880       0x20 .build/obj_astronaut_vial/quantum/action_util.o
                0x10004880                add_oneshot_locked_mods
 .text.del_oneshot_locked_mods
                0x100048a0       0x1c .build/obj_astronaut_vial/quantum/action_util.o
                0x100048a0                del_oneshot_locked_mods
 .text.oneshot_mods_changed_user
                0x100048bc        0x2 .build/obj_astronaut_vial/quantum/action_util.o
                0x100048bc                oneshot_mods_changed_user
 .text.oneshot_mods_changed_kb
                0x100048be        0x8 .build/obj_astronaut_vial/quantum/action_util.o
                0x100048be                oneshot_mods_changed_kb
 *fill*         0x100048c6        0x2 
 .text.add_oneshot_mods
                0x100048c8       0x2c .build/obj_astronaut_vial/quantum/action_util.o
                0x100048c8                add_oneshot_mods
 .text.del_oneshot_mods
                0x100048f4       0x2c .build/obj_astronaut_vial/quantum/action_util.o
                0x100048f4                del_oneshot_mods
 .text.set_oneshot_mods
                0x10004920       0x34 .build/obj_astronaut_vial/quantum/action_util.o
                0x10004920                set_oneshot_mods
 .text.clear_oneshot_mods
                0x10004954       0x20 .build/obj_astronaut_vial/quantum/action_util.o
                0x10004954                clear_oneshot_mods
 .text.get_mods_for_report
                0x10004974       0x60 .build/obj_astronaut_vial/quantum/action_util.o
 .text.send_6kro_report
                0x100049d4       0x38 .build/obj_astronaut_vial/quantum/action_util.o
                0x100049d4                send_6kro_report
 .text.send_nkro_report
                0x10004a0c       0x38 .build/obj_astronaut_vial/quantum/action_util.o
                0x10004a0c                send_nkro_report
 .text.send_keyboard_report
                0x10004a44       0x28 .build/obj_astronaut_vial/quantum/action_util.o
                0x10004a44                send_keyboard_report
 .text.oneshot_layer_changed_user
                0x10004a6c        0x2 .build/obj_astronaut_vial/quantum/action_util.o
                0x10004a6c                oneshot_layer_changed_user
 .text.oneshot_layer_changed_kb
                0x10004a6e        0x8 .build/obj_astronaut_vial/quantum/action_util.o
                0x10004a6e                oneshot_layer_changed_kb
 *fill*         0x10004a76        0x2 
 .text.set_oneshot_layer
                0x10004a78       0x3c .build/obj_astronaut_vial/quantum/action_util.o
                0x10004a78                set_oneshot_layer
 .text.reset_oneshot_layer
                0x10004ab4       0x1c .build/obj_astronaut_vial/quantum/action_util.o
                0x10004ab4                reset_oneshot_layer
 .text.clear_oneshot_layer_state
                0x10004ad0       0x30 .build/obj_astronaut_vial/quantum/action_util.o
                0x10004ad0                clear_oneshot_layer_state
 .text.oneshot_set
                0x10004b00       0x30 .build/obj_astronaut_vial/quantum/action_util.o
                0x10004b00                oneshot_set
 .text.oneshot_toggle
                0x10004b30       0x18 .build/obj_astronaut_vial/quantum/action_util.o
                0x10004b30                oneshot_toggle
 .text.oneshot_enable
                0x10004b48        0xa .build/obj_astronaut_vial/quantum/action_util.o
                0x10004b48                oneshot_enable
 .text.oneshot_disable
                0x10004b52        0xa .build/obj_astronaut_vial/quantum/action_util.o
                0x10004b52                oneshot_disable
 .text.eeconfig_disable
                0x10004b5c       0x18 .build/obj_astronaut_vial/quantum/eeconfig.o
                0x10004b5c                eeconfig_disable
 .text.eeconfig_is_enabled
                0x10004b74       0x1c .build/obj_astronaut_vial/quantum/eeconfig.o
                0x10004b74                eeconfig_is_enabled
 .text.eeconfig_read_debug
                0x10004b90        0xa .build/obj_astronaut_vial/quantum/eeconfig.o
                0x10004b90                eeconfig_read_debug
 .text.eeconfig_read_default_layer
                0x10004b9a        0xa .build/obj_astronaut_vial/quantum/eeconfig.o
                0x10004b9a                eeconfig_read_default_layer
 .text.eeconfig_read_keymap
                0x10004ba4        0xa .build/obj_astronaut_vial/quantum/eeconfig.o
                0x10004ba4                eeconfig_read_keymap
 .text.eeconfig_update_keymap
                0x10004bae        0xc .build/obj_astronaut_vial/quantum/eeconfig.o
                0x10004bae                eeconfig_update_keymap
 .text.eeconfig_update_kb
                0x10004bba        0xc .build/obj_astronaut_vial/quantum/eeconfig.o
                0x10004bba                eeconfig_update_kb
 .text.eeconfig_update_user
                0x10004bc6        0xc .build/obj_astronaut_vial/quantum/eeconfig.o
                0x10004bc6                eeconfig_update_user
 .text.eeconfig_init_user
                0x10004bd2        0xa .build/obj_astronaut_vial/quantum/eeconfig.o
                0x10004bd2                eeconfig_init_user
 .text.eeconfig_init_kb
                0x10004bdc        0xe .build/obj_astronaut_vial/quantum/eeconfig.o
                0x10004bdc                eeconfig_init_kb
 *fill*         0x10004bea        0x2 
 .text.eeconfig_init_quantum
                0x10004bec       0x90 .build/obj_astronaut_vial/quantum/eeconfig.o
                0x10004bec                eeconfig_init_quantum
 .text.eeconfig_init
                0x10004c7c        0x8 .build/obj_astronaut_vial/quantum/eeconfig.o
                0x10004c7c                eeconfig_init
 .text.eeconfig_update_handedness
                0x10004c84        0xc .build/obj_astronaut_vial/quantum/eeconfig.o
                0x10004c84                eeconfig_update_handedness
 .text.generate_tick_event
                0x10004c90       0x30 .build/obj_astronaut_vial/quantum/keyboard.o
 .text.last_input_activity_elapsed
                0x10004cc0       0x10 .build/obj_astronaut_vial/quantum/keyboard.o
                0x10004cc0                last_input_activity_elapsed
 .text.last_matrix_activity_trigger
                0x10004cd0       0x18 .build/obj_astronaut_vial/quantum/keyboard.o
                0x10004cd0                last_matrix_activity_trigger
 .text.matrix_setup
                0x10004ce8        0x2 .build/obj_astronaut_vial/quantum/keyboard.o
                0x10004ce8                matrix_setup
 .text.keyboard_pre_init_user
                0x10004cea        0x2 .build/obj_astronaut_vial/quantum/keyboard.o
                0x10004cea                keyboard_pre_init_user
 .text.keyboard_pre_init_kb
                0x10004cec        0x8 .build/obj_astronaut_vial/quantum/keyboard.o
                0x10004cec                keyboard_pre_init_kb
 .text.keyboard_post_init_kb
                0x10004cf4        0x8 .build/obj_astronaut_vial/quantum/keyboard.o
                0x10004cf4                keyboard_post_init_kb
 .text.matrix_can_read
                0x10004cfc        0x4 .build/obj_astronaut_vial/quantum/keyboard.o
                0x10004cfc                matrix_can_read
 .text.keyboard_setup
                0x10004d00       0x24 .build/obj_astronaut_vial/quantum/keyboard.o
                0x10004d00                keyboard_setup
 .text.should_process_keypress
                0x10004d24        0x8 .build/obj_astronaut_vial/quantum/keyboard.o
                0x10004d24                should_process_keypress
 .text.housekeeping_task_kb
                0x10004d2c        0x2 .build/obj_astronaut_vial/quantum/keyboard.o
                0x10004d2c                housekeeping_task_kb
 .text.housekeeping_task
                0x10004d2e        0xc .build/obj_astronaut_vial/quantum/keyboard.o
                0x10004d2e                housekeeping_task
 *fill*         0x10004d3a        0x2 
 .text.quantum_init
                0x10004d3c       0x40 .build/obj_astronaut_vial/quantum/keyboard.o
                0x10004d3c                quantum_init
 .text.keyboard_init
                0x10004d7c       0x44 .build/obj_astronaut_vial/quantum/keyboard.o
                0x10004d7c                keyboard_init
 .text.quantum_task
                0x10004dc0       0x20 .build/obj_astronaut_vial/quantum/keyboard.o
                0x10004dc0                quantum_task
 .text.keyboard_task
                0x10004de0       0xc8 .build/obj_astronaut_vial/quantum/keyboard.o
                0x10004de0                keyboard_task
 .text.action_for_keycode
                0x10004ea8      0x1d4 .build/obj_astronaut_vial/quantum/keymap_common.o
                0x10004ea8                action_for_keycode
 .text.keymap_key_to_keycode
                0x1000507c       0x40 .build/obj_astronaut_vial/quantum/keymap_common.o
                0x1000507c                keymap_key_to_keycode
 .text.action_for_key
                0x100050bc       0x12 .build/obj_astronaut_vial/quantum/keymap_common.o
                0x100050bc                action_for_key
 *fill*         0x100050ce        0x2 
 .text.keycode_config
                0x100050d0      0x124 .build/obj_astronaut_vial/quantum/keycode_config.o
                0x100050d0                keycode_config
 .text.mod_config
                0x100051f4       0x98 .build/obj_astronaut_vial/quantum/keycode_config.o
                0x100051f4                mod_config
 .text.sync_timer_init
                0x1000528c        0xc .build/obj_astronaut_vial/quantum/sync_timer.o
                0x1000528c                sync_timer_init
 .text.sync_timer_update
                0x10005298       0x1c .build/obj_astronaut_vial/quantum/sync_timer.o
                0x10005298                sync_timer_update
 .text.sync_timer_read32
                0x100052b4       0x20 .build/obj_astronaut_vial/quantum/sync_timer.o
                0x100052b4                sync_timer_read32
 .text.sync_timer_elapsed32
                0x100052d4       0x1c .build/obj_astronaut_vial/quantum/sync_timer.o
                0x100052d4                sync_timer_elapsed32
 .text.null_sendchar_func
                0x100052f0        0x4 .build/obj_astronaut_vial/quantum/logging/print.o
 .text.print_set_sendchar
                0x100052f4        0xc .build/obj_astronaut_vial/quantum/logging/print.o
                0x100052f4                print_set_sendchar
 .text.putchar_
                0x10005300       0x10 .build/obj_astronaut_vial/quantum/logging/print.o
                0x10005300                putchar_
 .text.matrix_init_user
                0x10005310        0x2 .build/obj_astronaut_vial/quantum/matrix_common.o
                0x10005310                matrix_init_user
 .text.matrix_init_kb
                0x10005312        0x8 .build/obj_astronaut_vial/quantum/matrix_common.o
                0x10005312                matrix_init_kb
 .text.matrix_scan_user
                0x1000531a        0x2 .build/obj_astronaut_vial/quantum/matrix_common.o
                0x1000531a                matrix_scan_user
 .text.matrix_scan_kb
                0x1000531c        0x8 .build/obj_astronaut_vial/quantum/matrix_common.o
                0x1000531c                matrix_scan_kb
 .text.matrix_is_on
                0x10005324       0x18 .build/obj_astronaut_vial/quantum/matrix_common.o
                0x10005324                matrix_is_on
 .text.matrix_get_row
                0x1000533c        0xc .build/obj_astronaut_vial/quantum/matrix_common.o
                0x1000533c                matrix_get_row
 .text.matrix_print
                0x10005348       0x50 .build/obj_astronaut_vial/quantum/matrix_common.o
                0x10005348                matrix_print
 .text.matrix_io_delay
                0x10005398        0xa .build/obj_astronaut_vial/quantum/matrix_common.o
                0x10005398                matrix_io_delay
 *fill*         0x100053a2        0x2 
 .text.matrix_output_select_delay
                0x100053a4      0x184 .build/obj_astronaut_vial/quantum/matrix_common.o
                0x100053a4                matrix_output_select_delay
 .text.matrix_output_unselect_delay
                0x10005528        0x8 .build/obj_astronaut_vial/quantum/matrix_common.o
                0x10005528                matrix_output_unselect_delay
 .text.matrix_slave_scan_user
                0x10005530        0x2 .build/obj_astronaut_vial/quantum/matrix_common.o
                0x10005530                matrix_slave_scan_user
 .text.matrix_slave_scan_kb
                0x10005532        0x8 .build/obj_astronaut_vial/quantum/matrix_common.o
                0x10005532                matrix_slave_scan_kb
 *fill*         0x1000553a        0x2 
 .text.matrix_post_scan
                0x1000553c       0x90 .build/obj_astronaut_vial/quantum/matrix_common.o
                0x1000553c                matrix_post_scan
 .text.gpio_atomic_set_pin_input_high
                0x100055cc       0x44 .build/obj_astronaut_vial/quantum/matrix.o
 .text.matrix_init_pins
                0x10005610       0x3c .build/obj_astronaut_vial/quantum/matrix.o
                0x10005610                matrix_init_pins
 .text.matrix_read_cols_on_row
                0x1000564c       0xb8 .build/obj_astronaut_vial/quantum/matrix.o
                0x1000564c                matrix_read_cols_on_row
 .text.matrix_init
                0x10005704       0x80 .build/obj_astronaut_vial/quantum/matrix.o
                0x10005704                matrix_init
 .text.matrix_scan
                0x10005784       0x70 .build/obj_astronaut_vial/quantum/matrix.o
                0x10005784                matrix_scan
 .text.debounce_init
                0x100057f4        0x2 .build/obj_astronaut_vial/quantum/debounce/sym_defer_g.o
                0x100057f4                debounce_init
 *fill*         0x100057f6        0x2 
 .text.debounce
                0x100057f8       0x5c .build/obj_astronaut_vial/quantum/debounce/sym_defer_g.o
                0x100057f8                debounce
 .text.is_keyboard_left_impl
                0x10005854       0x30 .build/obj_astronaut_vial/quantum/split_common/split_util.o
                0x10005854                is_keyboard_left_impl
 .text.is_keyboard_master_impl
                0x10005884       0x28 .build/obj_astronaut_vial/quantum/split_common/split_util.o
                0x10005884                is_keyboard_master_impl
 .text.is_keyboard_left
                0x100058ac        0xc .build/obj_astronaut_vial/quantum/split_common/split_util.o
                0x100058ac                is_keyboard_left
 .text.is_keyboard_master
                0x100058b8        0xc .build/obj_astronaut_vial/quantum/split_common/split_util.o
                0x100058b8                is_keyboard_master
 .text.split_pre_init
                0x100058c4       0x30 .build/obj_astronaut_vial/quantum/split_common/split_util.o
                0x100058c4                split_pre_init
 .text.split_post_init
                0x100058f4       0x10 .build/obj_astronaut_vial/quantum/split_common/split_util.o
                0x100058f4                split_post_init
 .text.is_transport_connected
                0x10005904       0x14 .build/obj_astronaut_vial/quantum/split_common/split_util.o
                0x10005904                is_transport_connected
 .text.transport_master_if_connected
                0x10005918       0x5c .build/obj_astronaut_vial/quantum/split_common/split_util.o
                0x10005918                transport_master_if_connected
 .text.transport_master_init
                0x10005974        0x8 .build/obj_astronaut_vial/quantum/split_common/transport.o
                0x10005974                transport_master_init
 .text.transport_slave_init
                0x1000597c        0x8 .build/obj_astronaut_vial/quantum/split_common/transport.o
                0x1000597c                transport_slave_init
 .text.transport_execute_transaction
                0x10005984       0x6c .build/obj_astronaut_vial/quantum/split_common/transport.o
                0x10005984                transport_execute_transaction
 .text.transport_master
                0x100059f0        0x8 .build/obj_astronaut_vial/quantum/split_common/transport.o
                0x100059f0                transport_master
 .text.transport_slave
                0x100059f8        0x8 .build/obj_astronaut_vial/quantum/split_common/transport.o
                0x100059f8                transport_slave
 .text.sync_timer_handlers_master
                0x10005a00       0x3c .build/obj_astronaut_vial/quantum/split_common/transactions.o
 .text.slave_matrix_handlers_master
                0x10005a3c       0xac .build/obj_astronaut_vial/quantum/split_common/transactions.o
 .text.transaction_handler_master.isra.0
                0x10005ae8       0x44 .build/obj_astronaut_vial/quantum/split_common/transactions.o
 .text.transactions_master
                0x10005b2c       0x24 .build/obj_astronaut_vial/quantum/split_common/transactions.o
                0x10005b2c                transactions_master
 .text.transactions_slave
                0x10005b50       0x48 .build/obj_astronaut_vial/quantum/split_common/transactions.o
                0x10005b50                transactions_slave
 .text.protocol_keyboard_task
                0x10005b98        0x8 .build/obj_astronaut_vial/quantum/main.o
                0x10005b98                protocol_keyboard_task
 .text.startup.main
                0x10005ba0       0x3c .build/obj_astronaut_vial/quantum/main.o
                0x10005ba0                main
 .text.putchar_via_gadget
                0x10005bdc       0x24 .build/obj_astronaut_vial/printf.o
 .text.out_rev_
                0x10005c00       0x56 .build/obj_astronaut_vial/printf.o
 *fill*         0x10005c56        0x2 
 .text.print_integer
                0x10005c58      0x174 .build/obj_astronaut_vial/printf.o
 .text.putchar_wrapper
                0x10005dcc        0x8 .build/obj_astronaut_vial/printf.o
 .text.vsnprintf_impl.constprop.0
                0x10005dd4      0x39c .build/obj_astronaut_vial/printf.o
 .text.vprintf  0x10006170       0x28 .build/obj_astronaut_vial/printf.o
                0x10006170                vprintf
 .text.vsnprintf
                0x10006198       0x38 .build/obj_astronaut_vial/printf.o
                0x10006198                vsnprintf
 .text.printf   0x100061d0       0x16 .build/obj_astronaut_vial/printf.o
                0x100061d0                printf
 .text.snprintf
                0x100061e6       0x16 .build/obj_astronaut_vial/printf.o
                0x100061e6                snprintf
 .text.decode_utf8
                0x100061fc       0xb0 .build/obj_astronaut_vial/quantum/unicode/utf8.o
                0x100061fc                decode_utf8
 .text.hsv_to_rgb_impl
                0x100062ac       0xa0 .build/obj_astronaut_vial/quantum/color.o
                0x100062ac                hsv_to_rgb_impl
 .text.hsv_to_rgb
                0x1000634c       0x2c .build/obj_astronaut_vial/quantum/color.o
                0x1000634c                hsv_to_rgb
 .text.hsv_to_rgb_nocie
                0x10006378       0x28 .build/obj_astronaut_vial/quantum/color.o
                0x10006378                hsv_to_rgb_nocie
 .text.qp_init  0x100063a0       0x96 .build/obj_astronaut_vial/quantum/painter/qp.o
                0x100063a0                qp_init
 .text.qp_power
                0x10006436       0x32 .build/obj_astronaut_vial/quantum/painter/qp.o
                0x10006436                qp_power
 .text.qp_flush
                0x10006468       0x2c .build/obj_astronaut_vial/quantum/painter/qp.o
                0x10006468                qp_flush
 .text.qp_set_viewport_offsets
                0x10006494        0xa .build/obj_astronaut_vial/quantum/painter/qp.o
                0x10006494                qp_set_viewport_offsets
 *fill*         0x1000649e        0x2 
 .text.qp_internal_register_device
                0x100064a0       0x18 .build/obj_astronaut_vial/quantum/painter/qp_internal.o
                0x100064a0                qp_internal_register_device
 .text.qp_internal_task
                0x100064b8       0x78 .build/obj_astronaut_vial/quantum/painter/qp_internal.o
                0x100064b8                qp_internal_task
 .text.mem_get  0x10006530       0x1e .build/obj_astronaut_vial/quantum/painter/qp_stream.o
 .text.mem_put  0x1000654e       0x20 .build/obj_astronaut_vial/quantum/painter/qp_stream.o
 .text.mem_seek
                0x1000656e       0x2c .build/obj_astronaut_vial/quantum/painter/qp_stream.o
 .text.mem_tell
                0x1000659a        0x4 .build/obj_astronaut_vial/quantum/painter/qp_stream.o
 .text.mem_is_eof
                0x1000659e        0x6 .build/obj_astronaut_vial/quantum/painter/qp_stream.o
 .text.mem_close
                0x100065a4        0x2 .build/obj_astronaut_vial/quantum/painter/qp_stream.o
 .text.qp_stream_read_impl
                0x100065a6       0x2e .build/obj_astronaut_vial/quantum/painter/qp_stream.o
                0x100065a6                qp_stream_read_impl
 .text.qp_make_memory_stream
                0x100065d4       0x4c .build/obj_astronaut_vial/quantum/painter/qp_stream.o
                0x100065d4                qp_make_memory_stream
 .text.qgf_validate_block_header
                0x10006620       0x34 .build/obj_astronaut_vial/quantum/painter/qgf.o
                0x10006620                qgf_validate_block_header
 .text.qgf_parse_format
                0x10006654       0x40 .build/obj_astronaut_vial/quantum/painter/qgf.o
                0x10006654                qgf_parse_format
 .text.qgf_parse_frame_descriptor
                0x10006694       0x36 .build/obj_astronaut_vial/quantum/painter/qgf.o
                0x10006694                qgf_parse_frame_descriptor
 *fill*         0x100066ca        0x2 
 .text.qgf_read_graphics_descriptor
                0x100066cc       0xa0 .build/obj_astronaut_vial/quantum/painter/qgf.o
                0x100066cc                qgf_read_graphics_descriptor
 .text.qgf_seek_to_frame_descriptor
                0x1000676c       0x76 .build/obj_astronaut_vial/quantum/painter/qgf.o
                0x1000676c                qgf_seek_to_frame_descriptor
 .text.qgf_validate_frame_descriptor
                0x100067e2       0x4a .build/obj_astronaut_vial/quantum/painter/qgf.o
                0x100067e2                qgf_validate_frame_descriptor
 .text.qgf_validate_palette_descriptor
                0x1000682c       0x3c .build/obj_astronaut_vial/quantum/painter/qgf.o
                0x1000682c                qgf_validate_palette_descriptor
 .text.qgf_validate_delta_descriptor
                0x10006868       0x24 .build/obj_astronaut_vial/quantum/painter/qgf.o
                0x10006868                qgf_validate_delta_descriptor
 .text.qgf_validate_frame_data_descriptor
                0x1000688c       0x2c .build/obj_astronaut_vial/quantum/painter/qgf.o
                0x1000688c                qgf_validate_frame_data_descriptor
 .text.qgf_validate_stream
                0x100068b8       0x8c .build/obj_astronaut_vial/quantum/painter/qgf.o
                0x100068b8                qgf_validate_stream
 .text.qgf_get_total_size
                0x10006944       0x30 .build/obj_astronaut_vial/quantum/painter/qgf.o
                0x10006944                qgf_get_total_size
 .text.qff_validate_ascii_descriptor
                0x10006974       0x28 .build/obj_astronaut_vial/quantum/painter/qff.o
 .text.qff_read_font_descriptor
                0x1000699c       0xd8 .build/obj_astronaut_vial/quantum/painter/qff.o
                0x1000699c                qff_read_font_descriptor
 .text.qff_validate_stream
                0x10006a74       0x74 .build/obj_astronaut_vial/quantum/painter/qff.o
                0x10006a74                qff_validate_stream
 .text.qff_get_total_size
                0x10006ae8       0x3a .build/obj_astronaut_vial/quantum/painter/qff.o
                0x10006ae8                qff_get_total_size
 .text.qp_internal_num_pixels_in_buffer
                0x10006b22        0xe .build/obj_astronaut_vial/quantum/painter/qp_draw_core.o
                0x10006b22                qp_internal_num_pixels_in_buffer
 .text.qp_internal_fill_pixdata
                0x10006b30       0x74 .build/obj_astronaut_vial/quantum/painter/qp_draw_core.o
                0x10006b30                qp_internal_fill_pixdata
 .text.qp_internal_invalidate_palette
                0x10006ba4       0x18 .build/obj_astronaut_vial/quantum/painter/qp_draw_core.o
                0x10006ba4                qp_internal_invalidate_palette
 .text.qp_internal_interpolate_palette
                0x10006bbc      0x104 .build/obj_astronaut_vial/quantum/painter/qp_draw_core.o
                0x10006bbc                qp_internal_interpolate_palette
 .text.qp_internal_load_qgf_palette
                0x10006cc0       0x60 .build/obj_astronaut_vial/quantum/painter/qp_draw_core.o
                0x10006cc0                qp_internal_load_qgf_palette
 .text.qp_internal_fillrect_helper_impl
                0x10006d20       0x90 .build/obj_astronaut_vial/quantum/painter/qp_draw_core.o
                0x10006d20                qp_internal_fillrect_helper_impl
 .text.qp_rect  0x10006db0      0x11a .build/obj_astronaut_vial/quantum/painter/qp_draw_core.o
                0x10006db0                qp_rect
 .text.qp_drawimage_byte_uncompressed_decoder
                0x10006eca        0xe .build/obj_astronaut_vial/quantum/painter/qp_draw_codec.o
 .text.qp_drawimage_byte_rle_decoder
                0x10006ed8       0x50 .build/obj_astronaut_vial/quantum/painter/qp_draw_codec.o
 .text.qp_internal_pixel_appender
                0x10006f28       0x54 .build/obj_astronaut_vial/quantum/painter/qp_draw_codec.o
                0x10006f28                qp_internal_pixel_appender
 .text.qp_internal_byte_appender
                0x10006f7c       0x50 .build/obj_astronaut_vial/quantum/painter/qp_draw_codec.o
                0x10006f7c                qp_internal_byte_appender
 .text.qp_internal_bpp_capable
                0x10006fcc        0x4 .build/obj_astronaut_vial/quantum/painter/qp_draw_codec.o
                0x10006fcc                qp_internal_bpp_capable
 .text.qp_internal_decode_palette
                0x10006fd0       0x6a .build/obj_astronaut_vial/quantum/painter/qp_draw_codec.o
                0x10006fd0                qp_internal_decode_palette
 .text.qp_internal_send_bytes
                0x1000703a       0x2c .build/obj_astronaut_vial/quantum/painter/qp_draw_codec.o
                0x1000703a                qp_internal_send_bytes
 *fill*         0x10007066        0x2 
 .text.qp_internal_appender
                0x10007068       0xa8 .build/obj_astronaut_vial/quantum/painter/qp_draw_codec.o
                0x10007068                qp_internal_appender
 .text.qp_internal_prepare_input_state
                0x10007110       0x1c .build/obj_astronaut_vial/quantum/painter/qp_draw_codec.o
                0x10007110                qp_internal_prepare_input_state
 .text.qp_drawimage_recolor_impl
                0x1000712c      0x1b0 .build/obj_astronaut_vial/quantum/painter/qp_draw_image.o
 .text.qp_load_image_mem
                0x100072dc       0x88 .build/obj_astronaut_vial/quantum/painter/qp_draw_image.o
                0x100072dc                qp_load_image_mem
 .text.qp_close_image
                0x10007364       0x1c .build/obj_astronaut_vial/quantum/painter/qp_draw_image.o
                0x10007364                qp_close_image
 .text.qp_drawimage_recolor
                0x10007380       0x6e .build/obj_astronaut_vial/quantum/painter/qp_draw_image.o
                0x10007380                qp_drawimage_recolor
 *fill*         0x100073ee        0x2 
 .text.qp_internal_animation_tick
                0x100073f0       0x18 .build/obj_astronaut_vial/quantum/painter/qp_draw_image.o
                0x100073f0                qp_internal_animation_tick
 .text.qp_iterate_code_points
                0x10007408      0x15c .build/obj_astronaut_vial/quantum/painter/qp_draw_text.o
 .text.qp_font_code_point_handler_drawglyph
                0x10007564       0x52 .build/obj_astronaut_vial/quantum/painter/qp_draw_text.o
 .text.qp_close_font
                0x100075b6       0x1c .build/obj_astronaut_vial/quantum/painter/qp_draw_text.o
                0x100075b6                qp_close_font
 *fill*         0x100075d2        0x2 
 .text.qp_load_font_mem
                0x100075d4       0xb4 .build/obj_astronaut_vial/quantum/painter/qp_draw_text.o
                0x100075d4                qp_load_font_mem
 .text.qp_drawtext_recolor
                0x10007688      0x160 .build/obj_astronaut_vial/quantum/painter/qp_draw_text.o
                0x10007688                qp_drawtext_recolor
 .text.qp_tft_panel_power
                0x100077e8       0x18 .build/obj_astronaut_vial/drivers/painter/tft_panel/qp_tft_panel.o
                0x100077e8                qp_tft_panel_power
 .text.qp_tft_panel_clear
                0x10007800        0xe .build/obj_astronaut_vial/drivers/painter/tft_panel/qp_tft_panel.o
                0x10007800                qp_tft_panel_clear
 .text.qp_tft_panel_flush
                0x1000780e        0x4 .build/obj_astronaut_vial/drivers/painter/tft_panel/qp_tft_panel.o
                0x1000780e                qp_tft_panel_flush
 .text.qp_tft_panel_viewport
                0x10007812       0xae .build/obj_astronaut_vial/drivers/painter/tft_panel/qp_tft_panel.o
                0x10007812                qp_tft_panel_viewport
 .text.qp_tft_panel_pixdata
                0x100078c0       0x10 .build/obj_astronaut_vial/drivers/painter/tft_panel/qp_tft_panel.o
                0x100078c0                qp_tft_panel_pixdata
 .text.qp_tft_panel_palette_convert_rgb565_swapped
                0x100078d0       0x62 .build/obj_astronaut_vial/drivers/painter/tft_panel/qp_tft_panel.o
                0x100078d0                qp_tft_panel_palette_convert_rgb565_swapped
 .text.qp_tft_panel_append_pixels_rgb565
                0x10007932       0x2a .build/obj_astronaut_vial/drivers/painter/tft_panel/qp_tft_panel.o
                0x10007932                qp_tft_panel_append_pixels_rgb565
 .text.qp_tft_panel_append_pixdata
                0x1000795c        0x6 .build/obj_astronaut_vial/drivers/painter/tft_panel/qp_tft_panel.o
                0x1000795c                qp_tft_panel_append_pixdata
 *fill*         0x10007962        0x2 
 .text.qp_st7789_init
                0x10007964       0x64 .build/obj_astronaut_vial/drivers/painter/st77xx/qp_st7789.o
                0x10007964                qp_st7789_init
 .text.qp_st7789_make_spi_device
                0x100079c8       0x6c .build/obj_astronaut_vial/drivers/painter/st77xx/qp_st7789.o
                0x100079c8                qp_st7789_make_spi_device
 .text.qp_comms_init
                0x10007a34       0x18 .build/obj_astronaut_vial/quantum/painter/qp_comms.o
                0x10007a34                qp_comms_init
 .text.qp_comms_start
                0x10007a4c       0x18 .build/obj_astronaut_vial/quantum/painter/qp_comms.o
                0x10007a4c                qp_comms_start
 .text.qp_comms_stop
                0x10007a64       0x14 .build/obj_astronaut_vial/quantum/painter/qp_comms.o
                0x10007a64                qp_comms_stop
 .text.qp_comms_send
                0x10007a78       0x18 .build/obj_astronaut_vial/quantum/painter/qp_comms.o
                0x10007a78                qp_comms_send
 .text.qp_comms_command
                0x10007a90        0xa .build/obj_astronaut_vial/quantum/painter/qp_comms.o
                0x10007a90                qp_comms_command
 .text.qp_comms_command_databyte
                0x10007a9a       0x1a .build/obj_astronaut_vial/quantum/painter/qp_comms.o
                0x10007a9a                qp_comms_command_databyte
 .text.qp_comms_command_databuf
                0x10007ab4       0x18 .build/obj_astronaut_vial/quantum/painter/qp_comms.o
                0x10007ab4                qp_comms_command_databuf
 .text.qp_comms_bulk_command_sequence
                0x10007acc        0xa .build/obj_astronaut_vial/quantum/painter/qp_comms.o
                0x10007acc                qp_comms_bulk_command_sequence
 .text.qp_comms_spi_start
                0x10007ad6       0x12 .build/obj_astronaut_vial/drivers/painter/comms/qp_comms_spi.o
                0x10007ad6                qp_comms_spi_start
 .text.qp_comms_spi_send_data
                0x10007ae8       0x2a .build/obj_astronaut_vial/drivers/painter/comms/qp_comms_spi.o
                0x10007ae8                qp_comms_spi_send_data
 .text.qp_comms_spi_dc_reset_send_data
                0x10007b12       0x16 .build/obj_astronaut_vial/drivers/painter/comms/qp_comms_spi.o
                0x10007b12                qp_comms_spi_dc_reset_send_data
 .text.qp_comms_spi_stop
                0x10007b28       0x16 .build/obj_astronaut_vial/drivers/painter/comms/qp_comms_spi.o
                0x10007b28                qp_comms_spi_stop
 .text.qp_comms_spi_dc_reset_send_command
                0x10007b3e       0x18 .build/obj_astronaut_vial/drivers/painter/comms/qp_comms_spi.o
                0x10007b3e                qp_comms_spi_dc_reset_send_command
 *fill*         0x10007b56        0x2 
 .text.qp_comms_spi_dc_reset_bulk_command_sequence
                0x10007b58       0x90 .build/obj_astronaut_vial/drivers/painter/comms/qp_comms_spi.o
                0x10007b58                qp_comms_spi_dc_reset_bulk_command_sequence
 .text.qp_comms_spi_init
                0x10007be8       0x38 .build/obj_astronaut_vial/drivers/painter/comms/qp_comms_spi.o
                0x10007be8                qp_comms_spi_init
 .text.qp_comms_spi_dc_reset_init
                0x10007c20       0x80 .build/obj_astronaut_vial/drivers/painter/comms/qp_comms_spi.o
                0x10007c20                qp_comms_spi_dc_reset_init
 .text.eeprom_read_byte
                0x10007ca0       0x1a .build/obj_astronaut_vial/eeprom_driver.o
                0x10007ca0                eeprom_read_byte
 .text.eeprom_read_word
                0x10007cba       0x1a .build/obj_astronaut_vial/eeprom_driver.o
                0x10007cba                eeprom_read_word
 .text.eeprom_read_dword
                0x10007cd4       0x14 .build/obj_astronaut_vial/eeprom_driver.o
                0x10007cd4                eeprom_read_dword
 .text.eeprom_write_byte
                0x10007ce8       0x14 .build/obj_astronaut_vial/eeprom_driver.o
                0x10007ce8                eeprom_write_byte
 .text.eeprom_write_word
                0x10007cfc       0x14 .build/obj_astronaut_vial/eeprom_driver.o
                0x10007cfc                eeprom_write_word
 .text.eeprom_write_dword
                0x10007d10       0x10 .build/obj_astronaut_vial/eeprom_driver.o
                0x10007d10                eeprom_write_dword
 .text.eeprom_update_block
                0x10007d20       0x3a .build/obj_astronaut_vial/eeprom_driver.o
                0x10007d20                eeprom_update_block
 .text.eeprom_update_byte
                0x10007d5a       0x18 .build/obj_astronaut_vial/eeprom_driver.o
                0x10007d5a                eeprom_update_byte
 .text.eeprom_update_word
                0x10007d72       0x18 .build/obj_astronaut_vial/eeprom_driver.o
                0x10007d72                eeprom_update_word
 .text.eeprom_update_dword
                0x10007d8a       0x18 .build/obj_astronaut_vial/eeprom_driver.o
                0x10007d8a                eeprom_update_dword
 .text.eeprom_driver_init
                0x10007da2        0x8 .build/obj_astronaut_vial/eeprom_wear_leveling.o
                0x10007da2                eeprom_driver_init
 .text.eeprom_driver_format
                0x10007daa        0x8 .build/obj_astronaut_vial/eeprom_wear_leveling.o
                0x10007daa                eeprom_driver_format
 .text.eeprom_read_block
                0x10007db2        0xe .build/obj_astronaut_vial/eeprom_wear_leveling.o
                0x10007db2                eeprom_read_block
 .text.eeprom_write_block
                0x10007dc0        0xe .build/obj_astronaut_vial/eeprom_wear_leveling.o
                0x10007dc0                eeprom_write_block
 *fill*         0x10007dce        0x2 
 .text.wear_leveling_clear_cache
                0x10007dd0       0x20 .build/obj_astronaut_vial/wear_leveling.o
 .text.wear_leveling_unlock
                0x10007df0       0x24 .build/obj_astronaut_vial/wear_leveling.o
 .text.wear_leveling_lock
                0x10007e14       0x28 .build/obj_astronaut_vial/wear_leveling.o
 .text.wear_leveling_erase
                0x10007e3c       0x2e .build/obj_astronaut_vial/wear_leveling.o
                0x10007e3c                wear_leveling_erase
 *fill*         0x10007e6a        0x2 
 .text.wear_leveling_read
                0x10007e6c       0x24 .build/obj_astronaut_vial/wear_leveling.o
                0x10007e6c                wear_leveling_read
 .text.wear_leveling_consolidate_force
                0x10007e90       0x6c .build/obj_astronaut_vial/wear_leveling.o
 .text.wear_leveling_consolidate_if_needed
                0x10007efc       0x20 .build/obj_astronaut_vial/wear_leveling.o
 .text.wear_leveling_append_raw
                0x10007f1c       0x28 .build/obj_astronaut_vial/wear_leveling.o
 .text.wear_leveling_write
                0x10007f44      0x160 .build/obj_astronaut_vial/wear_leveling.o
                0x10007f44                wear_leveling_write
 .text.wear_leveling_init
                0x100080a4      0x184 .build/obj_astronaut_vial/wear_leveling.o
                0x100080a4                wear_leveling_init
 .text.backing_store_init
                0x10008228       0x1c .build/obj_astronaut_vial/wear_leveling_rp2040_flash.o
                0x10008228                backing_store_init
 .text.backing_store_unlock
                0x10008244        0x4 .build/obj_astronaut_vial/wear_leveling_rp2040_flash.o
                0x10008244                backing_store_unlock
 .text.backing_store_erase
                0x10008248       0x28 .build/obj_astronaut_vial/wear_leveling_rp2040_flash.o
                0x10008248                backing_store_erase
 .text.backing_store_write_bulk
                0x10008270       0x24 .build/obj_astronaut_vial/wear_leveling_rp2040_flash.o
                0x10008270                backing_store_write_bulk
 .text.backing_store_write
                0x10008294       0x12 .build/obj_astronaut_vial/wear_leveling_rp2040_flash.o
                0x10008294                backing_store_write
 .text.backing_store_lock
                0x100082a6        0x4 .build/obj_astronaut_vial/wear_leveling_rp2040_flash.o
                0x100082a6                backing_store_lock
 *fill*         0x100082aa        0x2 
 .text.backing_store_read_bulk
                0x100082ac       0x20 .build/obj_astronaut_vial/wear_leveling_rp2040_flash.o
                0x100082ac                backing_store_read_bulk
 .text.backing_store_read
                0x100082cc        0xa .build/obj_astronaut_vial/wear_leveling_rp2040_flash.o
                0x100082cc                backing_store_read
 *fill*         0x100082d6        0x2 
 .text.reload_tap_dance
                0x100082d8       0x30 .build/obj_astronaut_vial/quantum/vial.o
 .text.reload_combo
                0x10008308       0x58 .build/obj_astronaut_vial/quantum/vial.o
 .text.vial_keycode_firewall
                0x10008360       0x1c .build/obj_astronaut_vial/quantum/vial.o
 .text.reload_key_override
                0x1000837c       0x9c .build/obj_astronaut_vial/quantum/vial.o
 .text.vial_init
                0x10008418       0x10 .build/obj_astronaut_vial/quantum/vial.o
                0x10008418                vial_init
 .text.vial_handle_cmd
                0x10008428      0x278 .build/obj_astronaut_vial/quantum/vial.o
                0x10008428                vial_handle_cmd
 .text.vial_keycode_down
                0x100086a0       0x40 .build/obj_astronaut_vial/quantum/vial.o
                0x100086a0                vial_keycode_down
 .text.vial_keycode_up
                0x100086e0       0x3c .build/obj_astronaut_vial/quantum/vial.o
                0x100086e0                vial_keycode_up
 .text.on_dance_reset
                0x1000871c       0x9c .build/obj_astronaut_vial/quantum/vial.o
 .text.vial_keycode_tap