Archive member included to satisfy reference by file (symbol)

.build/obj_astronaut_vial/serial_protocol.a(serial_protocol.o)
                              .build/obj_astronaut_vial/quantum/split_common/transport.o (soft_serial_target_init)
.build/obj_astronaut_vial/serial_vendor.a(serial_vendor.o)
                              .build/obj_astronaut_vial/serial_protocol.a(serial_protocol.o) (serial_transport_driver_clear)
.build/obj_astronaut_vial/spi_master.a(spi_master.o)
                              .build/obj_astronaut_vial/drivers/painter/comms/qp_comms_spi.o (spi_init)
C:/QMK_MSYS/mingw64/bin/../lib/gcc/arm-none-eabi/13.3.0/thumb/v6-m/nofp\libgcc.a(_thumb1_case_sqi.o)
                              .build/obj_astronaut_vial/quantum/keycode_config.o (__gnu_thumb1_case_sqi)
C:/QMK_MSYS/mingw64/bin/../lib/gcc/arm-none-eabi/13.3.0/thumb/v6-m/nofp\libgcc.a(_thumb1_case_uqi.o)
                              .build/obj_astronaut_vial/tft_display/hlc_tft_display.o (__gnu_thumb1_case_uqi)
C:/QMK_MSYS/mingw64/bin/../lib/gcc/arm-none-eabi/13.3.0/thumb/v6-m/nofp\libgcc.a(_thumb1_case_shi.o)
                              .build/obj_astronaut_vial/lib/chibios/os/hal/lib/streams/chprintf.o (__gnu_thumb1_case_shi)
C:/QMK_MSYS/mingw64/bin/../lib/gcc/arm-none-eabi/13.3.0/thumb/v6-m/nofp\libgcc.a(_thumb1_case_uhi.o)
                              .build/obj_astronaut_vial/quantum/action.o (__gnu_thumb1_case_uhi)
C:/QMK_MSYS/mingw64/bin/../lib/gcc/arm-none-eabi/13.3.0/thumb/v6-m/nofp\libgcc.a(_dvmd_tls.o)
                              .build/obj_astronaut_vial/./lib/pico-sdk/src/rp2_common/pico_divider/divider.o (__aeabi_idiv0)
C:/QMK_MSYS/mingw64/bin/../lib/gcc/arm-none-eabi/13.3.0/thumb/v6-m/nofp\libgcc.a(_ctzsi2.o)
                              .build/obj_astronaut_vial/./lib/pico-sdk/src/rp2_common/hardware_pio/pio.o (__ctzsi2)
C:/QMK_MSYS/mingw64/bin/../lib/gcc/arm-none-eabi/13.3.0/thumb/v6-m/nofp\libgcc.a(_fixunssfsi.o)
                              .build/obj_astronaut_vial/serial_vendor.a(serial_vendor.o) (__aeabi_f2uiz)
C:/QMK_MSYS/mingw64/bin/../lib/gcc/arm-none-eabi/13.3.0/thumb/v6-m/nofp\libgcc.a(divsf3.o)
                              .build/obj_astronaut_vial/serial_vendor.a(serial_vendor.o) (__aeabi_fdiv)
C:/QMK_MSYS/mingw64/bin/../lib/gcc/arm-none-eabi/13.3.0/thumb/v6-m/nofp\libgcc.a(mulsf3.o)
                              .build/obj_astronaut_vial/serial_vendor.a(serial_vendor.o) (__aeabi_fmul)
C:/QMK_MSYS/mingw64/bin/../lib/gcc/arm-none-eabi/13.3.0/thumb/v6-m/nofp\libgcc.a(subsf3.o)
                              .build/obj_astronaut_vial/serial_vendor.a(serial_vendor.o) (__aeabi_fsub)
C:/QMK_MSYS/mingw64/bin/../lib/gcc/arm-none-eabi/13.3.0/thumb/v6-m/nofp\libgcc.a(fixsfsi.o)
                              C:/QMK_MSYS/mingw64/bin/../lib/gcc/arm-none-eabi/13.3.0/thumb/v6-m/nofp\libgcc.a(_fixunssfsi.o) (__aeabi_f2iz)
C:/QMK_MSYS/mingw64/bin/../lib/gcc/arm-none-eabi/13.3.0/thumb/v6-m/nofp\libgcc.a(floatunsisf.o)
                              .build/obj_astronaut_vial/serial_vendor.a(serial_vendor.o) (__aeabi_ui2f)
C:/QMK_MSYS/mingw64/bin/../lib/gcc/arm-none-eabi/13.3.0/thumb/v6-m/nofp\libgcc.a(_arm_cmpsf2.o)
                              C:/QMK_MSYS/mingw64/bin/../lib/gcc/arm-none-eabi/13.3.0/thumb/v6-m/nofp\libgcc.a(_fixunssfsi.o) (__aeabi_fcmpge)
C:/QMK_MSYS/mingw64/bin/../lib/gcc/arm-none-eabi/13.3.0/thumb/v6-m/nofp\libgcc.a(_clzsi2.o)
                              C:/QMK_MSYS/mingw64/bin/../lib/gcc/arm-none-eabi/13.3.0/thumb/v6-m/nofp\libgcc.a(divsf3.o) (__clzsi2)
C:/QMK_MSYS/mingw64/bin/../lib/gcc/arm-none-eabi/13.3.0/thumb/v6-m/nofp\libgcc.a(eqsf2.o)
                              C:/QMK_MSYS/mingw64/bin/../lib/gcc/arm-none-eabi/13.3.0/thumb/v6-m/nofp\libgcc.a(_arm_cmpsf2.o) (__eqsf2)
C:/QMK_MSYS/mingw64/bin/../lib/gcc/arm-none-eabi/13.3.0/thumb/v6-m/nofp\libgcc.a(gesf2.o)
                              C:/QMK_MSYS/mingw64/bin/../lib/gcc/arm-none-eabi/13.3.0/thumb/v6-m/nofp\libgcc.a(_arm_cmpsf2.o) (__gesf2)
C:/QMK_MSYS/mingw64/bin/../lib/gcc/arm-none-eabi/13.3.0/thumb/v6-m/nofp\libgcc.a(lesf2.o)
                              C:/QMK_MSYS/mingw64/bin/../lib/gcc/arm-none-eabi/13.3.0/thumb/v6-m/nofp\libgcc.a(_arm_cmpsf2.o) (__lesf2)
C:/QMK_MSYS/mingw64/bin/../lib/gcc/arm-none-eabi/13.3.0/../../../../arm-none-eabi/lib/thumb/v6-m/nofp\libg_nano.a(libc_a-abort.o)
                              .build/obj_astronaut_vial/lib/chibios/os/various/syscalls.o (abort)
C:/QMK_MSYS/mingw64/bin/../lib/gcc/arm-none-eabi/13.3.0/../../../../arm-none-eabi/lib/thumb/v6-m/nofp\libg_nano.a(libc_a-rand.o)
                              .build/obj_astronaut_vial/tft_display/hlc_tft_display.o (srand)
C:/QMK_MSYS/mingw64/bin/../lib/gcc/arm-none-eabi/13.3.0/../../../../arm-none-eabi/lib/thumb/v6-m/nofp\libg_nano.a(libc_a-ctype_.o)
                              .build/obj_astronaut_vial/quantum/send_string/send_string.o (_ctype_)
[...]
Memory Configuration

Name             Origin             Length             Attributes
flash0           0x00000000         0x00004000         xr
flash1           0x10000000         0x00200000         xr
flash2           0x00000000         0x00000000         xr
flash3           0x00000000         0x00000000         xr
flash4           0x00000000         0x00000000         xr
flash5           0x00000000         0x00000000         xr
flash6           0x00000000         0x00000000         xr
flash7           0x00000000         0x00000000         xr
ram0             0x20000000         0x00040000         xw
ram1             0x00000000         0x00040000         xw
ram2             0x00000000         0x00000000         xw
ram3             0x00000000         0x00000000         xw
ram4             0x20040000         0x00001000         xw
ram5             0x20041000         0x00001000         xw
ram6             0x00000000         0x00000000         xw
ram7             0x20041f00         0x00000100         xw
*default*        0x00000000         0xffffffff

Linker script and memory map

LOAD .build/obj_astronaut_vial/tft_display/hlc_tft_display.o
LOAD .build/obj_astronaut_vial/tft_display/graphics/fonts/Retron2000-27.qff.o
LOAD .build/obj_astronaut_vial/tft_display/graphics/fonts/Retron2000-underline-27.qff.o
LOAD .build/obj_astronaut_vial/tft_display/graphics/numbers/0.qgf.o
LOAD .build/obj_astronaut_vial/tft_display/graphics/numbers/1.qgf.o
LOAD .build/obj_astronaut_vial/tft_display/graphics/numbers/2.qgf.o
LOAD .build/obj_astronaut_vial/tft_display/graphics/numbers/3.qgf.o
LOAD .build/obj_astronaut_vial/tft_display/graphics/numbers/4.qgf.o
LOAD .build/obj_astronaut_vial/tft_display/graphics/numbers/5.qgf.o
LOAD .build/obj_astronaut_vial/tft_display/graphics/numbers/6.qgf.o
LOAD .build/obj_astronaut_vial/tft_display/graphics/numbers/7.qgf.o
LOAD .build/obj_astronaut_vial/tft_display/graphics/numbers/8.qgf.o
LOAD .build/obj_astronaut_vial/tft_display/graphics/numbers/9.qgf.o
LOAD .build/obj_astronaut_vial/tft_display/graphics/numbers/undef.qgf.o
LOAD .build/obj_astronaut_vial/.build/obj_astronaut_vial/src/default_keyboard.o
LOAD .build/obj_astronaut_vial/quantum/keymap_introspection.o
LOAD .build/obj_astronaut_vial/quantum/quantum.o
LOAD .build/obj_astronaut_vial/quantum/bitwise.o
LOAD .build/obj_astronaut_vial/quantum/led.o
LOAD .build/obj_astronaut_vial/quantum/action.o
LOAD .build/obj_astronaut_vial/quantum/action_layer.o
LOAD .build/obj_astronaut_vial/quantum/action_tapping.o
LOAD .build/obj_astronaut_vial/quantum/action_util.o
LOAD .build/obj_astronaut_vial/quantum/eeconfig.o
LOAD .build/obj_astronaut_vial/quantum/keyboard.o
LOAD .build/obj_astronaut_vial/quantum/keymap_common.o
LOAD .build/obj_astronaut_vial/quantum/keycode_config.o
LOAD .build/obj_astronaut_vial/quantum/sync_timer.o
LOAD .build/obj_astronaut_vial/quantum/logging/debug.o
LOAD .build/obj_astronaut_vial/quantum/logging/sendchar.o
LOAD .build/obj_astronaut_vial/quantum/logging/print.o
LOAD .build/obj_astronaut_vial/quantum/matrix_common.o
LOAD .build/obj_astronaut_vial/quantum/matrix.o
LOAD .build/obj_astronaut_vial/quantum/debounce/sym_defer_g.o
LOAD .build/obj_astronaut_vial/quantum/split_common/split_util.o
LOAD .build/obj_astronaut_vial/quantum/split_common/transport.o
LOAD .build/obj_astronaut_vial/quantum/split_common/transactions.o
LOAD .build/obj_astronaut_vial/quantum/main.o
LOAD .build/obj_astronaut_vial/printf.o
LOAD .build/obj_astronaut_vial/quantum/unicode/utf8.o
LOAD .build/obj_astronaut_vial/quantum/color.o
LOAD .build/obj_astronaut_vial/quantum/painter/qp.o
LOAD .build/obj_astronaut_vial/quantum/painter/qp_internal.o
LOAD .build/obj_astronaut_vial/quantum/painter/qp_stream.o
LOAD .build/obj_astronaut_vial/quantum/painter/qgf.o
LOAD .build/obj_astronaut_vial/quantum/painter/qff.o
LOAD .build/obj_astronaut_vial/quantum/painter/qp_draw_core.o
LOAD .build/obj_astronaut_vial/quantum/painter/qp_draw_codec.o
LOAD .build/obj_astronaut_vial/quantum/painter/qp_draw_circle.o
LOAD .build/obj_astronaut_vial/quantum/painter/qp_draw_ellipse.o
LOAD .build/obj_astronaut_vial/quantum/painter/qp_draw_image.o
LOAD .build/obj_astronaut_vial/quantum/painter/qp_draw_text.o
LOAD .build/obj_astronaut_vial/drivers/painter/tft_panel/qp_tft_panel.o
LOAD .build/obj_astronaut_vial/drivers/painter/st77xx/qp_st7789.o
LOAD .build/obj_astronaut_vial/quantum/painter/qp_comms.o
LOAD .build/obj_astronaut_vial/drivers/painter/comms/qp_comms_spi.o
LOAD .build/obj_astronaut_vial/eeprom_driver.o
LOAD .build/obj_astronaut_vial/eeprom_wear_leveling.o
LOAD .build/obj_astronaut_vial/wear_leveling.o
LOAD .build/obj_astronaut_vial/wear_leveling_rp2040_flash.o
LOAD .build/obj_astronaut_vial/quantum/vial.o
LOAD .build/obj_astronaut_vial/quantum/qmk_settings.o
LOAD .build/obj_astronaut_vial/qmk_fnv_type_validation.o
LOAD .build/obj_astronaut_vial/hash_32a.o
LOAD .build/obj_astronaut_vial/hash_64a.o
LOAD .build/obj_astronaut_vial/quantum/process_keycode/process_auto_shift.o
LOAD .build/obj_astronaut_vial/quantum/bootmagic/bootmagic.o
LOAD .build/obj_astronaut_vial/quantum/process_keycode/process_combo.o
LOAD .build/obj_astronaut_vial/quantum/crc.o
LOAD .build/obj_astronaut_vial/quantum/deferred_exec.o
LOAD .build/obj_astronaut_vial/quantum/dynamic_keymap.o
LOAD .build/obj_astronaut_vial/quantum/process_keycode/process_grave_esc.o
LOAD .build/obj_astronaut_vial/quantum/process_keycode/process_key_override.o
LOAD .build/obj_astronaut_vial/quantum/process_keycode/process_magic.o
LOAD .build/obj_astronaut_vial/quantum/mousekey.o
LOAD .build/obj_astronaut_vial/quantum/send_string/send_string.o
LOAD .build/obj_astronaut_vial/quantum/process_keycode/process_space_cadet.o
LOAD .build/obj_astronaut_vial/quantum/process_keycode/process_tap_dance.o
LOAD .build/obj_astronaut_vial/quantum/process_keycode/process_tri_layer.o
LOAD .build/obj_astronaut_vial/quantum/tri_layer.o
LOAD .build/obj_astronaut_vial/quantum/via.o
LOAD .build/obj_astronaut_vial/protocol/host.o
LOAD .build/obj_astronaut_vial/protocol/report.o
LOAD .build/obj_astronaut_vial/protocol/usb_device_state.o
LOAD .build/obj_astronaut_vial/protocol/usb_util.o
LOAD .build/obj_astronaut_vial/platforms/suspend.o
LOAD .build/obj_astronaut_vial/platforms/synchronization_util.o
LOAD .build/obj_astronaut_vial/platforms/timer.o
LOAD .build/obj_astronaut_vial/platforms/chibios/hardware_id.o
LOAD .build/obj_astronaut_vial/platforms/chibios/platform.o
LOAD .build/obj_astronaut_vial/platforms/chibios/suspend.o
LOAD .build/obj_astronaut_vial/platforms/chibios/timer.o
LOAD .build/obj_astronaut_vial/platforms/chibios/bootloaders/rp2040.o
LOAD .build/obj_astronaut_vial/serial_protocol.a
LOAD .build/obj_astronaut_vial/serial_vendor.a
LOAD .build/obj_astronaut_vial/spi_master.a
LOAD .build/obj_astronaut_vial/./lib/chibios/os/common/startup/ARMCMx/compilers/GCC/crt0_v6m.o
LOAD .build/obj_astronaut_vial/./lib/chibios/os/common/startup/ARMCMx/compilers/GCC/vectors.o
LOAD .build/obj_astronaut_vial/./lib/chibios/os/common/ports/ARMv6-M-RP2/compilers/GCC/chcoreasm.o
LOAD .build/obj_astronaut_vial/protocol/chibios/usb_main.o
LOAD .build/obj_astronaut_vial/protocol/chibios/chibios.o
LOAD .build/obj_astronaut_vial/usb_descriptor.o
LOAD .build/obj_astronaut_vial/protocol/chibios/usb_driver.o
LOAD .build/obj_astronaut_vial/protocol/chibios/usb_endpoints.o
LOAD .build/obj_astronaut_vial/protocol/chibios/usb_report_handling.o
LOAD .build/obj_astronaut_vial/protocol/chibios/usb_util.o
LOAD .build/obj_astronaut_vial/lib/chibios/os/common/startup/ARMCMx/compilers/GCC/crt1.o
LOAD .build/obj_astronaut_vial/lib/chibios/os/rt/src/chsys.o
LOAD .build/obj_astronaut_vial/lib/chibios/os/rt/src/chrfcu.o
LOAD .build/obj_astronaut_vial/lib/chibios/os/rt/src/chdebug.o
LOAD .build/obj_astronaut_vial/lib/chibios/os/rt/src/chtrace.o
LOAD .build/obj_astronaut_vial/lib/chibios/os/rt/src/chvt.o
LOAD .build/obj_astronaut_vial/lib/chibios/os/rt/src/chschd.o
LOAD .build/obj_astronaut_vial/lib/chibios/os/rt/src/chinstances.o
LOAD .build/obj_astronaut_vial/lib/chibios/os/rt/src/chthreads.o
LOAD .build/obj_astronaut_vial/lib/chibios/os/rt/src/chtm.o
LOAD .build/obj_astronaut_vial/lib/chibios/os/rt/src/chstats.o
LOAD .build/obj_astronaut_vial/lib/chibios/os/rt/src/chregistry.o
LOAD .build/obj_astronaut_vial/lib/chibios/os/rt/src/chsem.o
LOAD .build/obj_astronaut_vial/lib/chibios/os/rt/src/chmtx.o
LOAD .build/obj_astronaut_vial/lib/chibios/os/rt/src/chcond.o
LOAD .build/obj_astronaut_vial/lib/chibios/os/rt/src/chevents.o
LOAD .build/obj_astronaut_vial/lib/chibios/os/rt/src/chmsg.o
LOAD .build/obj_astronaut_vial/lib/chibios/os/rt/src/chdynamic.o
LOAD .build/obj_astronaut_vial/lib/chibios/os/common/ports/ARMv6-M-RP2/chcore.o
LOAD .build/obj_astronaut_vial/lib/chibios/os/hal/osal/rt-nil/osal.o
LOAD .build/obj_astronaut_vial/lib/chibios/os/oslib/src/chmboxes.o
LOAD .build/obj_astronaut_vial/lib/chibios/os/oslib/src/chmemcore.o
LOAD .build/obj_astronaut_vial/lib/chibios/os/oslib/src/chmemheaps.o
LOAD .build/obj_astronaut_vial/lib/chibios/os/oslib/src/chmempools.o
LOAD .build/obj_astronaut_vial/lib/chibios/os/oslib/src/chpipes.o
LOAD .build/obj_astronaut_vial/lib/chibios/os/oslib/src/chobjcaches.o
LOAD .build/obj_astronaut_vial/lib/chibios/os/oslib/src/chdelegates.o
LOAD .build/obj_astronaut_vial/lib/chibios/os/oslib/src/chfactory.o
LOAD .build/obj_astronaut_vial/lib/chibios/os/hal/src/hal.o
LOAD .build/obj_astronaut_vial/lib/chibios/os/hal/src/hal_st.o
LOAD .build/obj_astronaut_vial/lib/chibios/os/hal/src/hal_buffers.o
LOAD .build/obj_astronaut_vial/lib/chibios/os/hal/src/hal_queues.o
LOAD .build/obj_astronaut_vial/lib/chibios/os/hal/src/hal_flash.o
LOAD .build/obj_astronaut_vial/lib/chibios/os/hal/src/hal_mmcsd.o
LOAD .build/obj_astronaut_vial/lib/chibios/os/hal/src/hal_adc.o
LOAD .build/obj_astronaut_vial/lib/chibios/os/hal/src/hal_can.o
LOAD .build/obj_astronaut_vial/lib/chibios/os/hal/src/hal_crypto.o
LOAD .build/obj_astronaut_vial/lib/chibios/os/hal/src/hal_dac.o
LOAD .build/obj_astronaut_vial/lib/chibios/os/hal/src/hal_efl.o
LOAD .build/obj_astronaut_vial/lib/chibios/os/hal/src/hal_gpt.o
LOAD .build/obj_astronaut_vial/lib/chibios/os/hal/src/hal_i2c.o
LOAD .build/obj_astronaut_vial/lib/chibios/os/hal/src/hal_i2s.o
LOAD .build/obj_astronaut_vial/lib/chibios/os/hal/src/hal_icu.o
LOAD .build/obj_astronaut_vial/lib/chibios/os/hal/src/hal_mac.o
LOAD .build/obj_astronaut_vial/lib/chibios/os/hal/src/hal_mmc_spi.o
LOAD .build/obj_astronaut_vial/lib/chibios/os/hal/src/hal_pal.o
LOAD .build/obj_astronaut_vial/lib/chibios/os/hal/src/hal_pwm.o
LOAD .build/obj_astronaut_vial/lib/chibios/os/hal/src/hal_rtc.o
LOAD .build/obj_astronaut_vial/lib/chibios/os/hal/src/hal_sdc.o
LOAD .build/obj_astronaut_vial/lib/chibios/os/hal/src/hal_serial.o
LOAD .build/obj_astronaut_vial/lib/chibios/os/hal/src/hal_serial_usb.o
LOAD .build/obj_astronaut_vial/lib/chibios/os/hal/src/hal_sio.o
LOAD .build/obj_astronaut_vial/lib/chibios/os/hal/src/hal_spi.o
LOAD .build/obj_astronaut_vial/lib/chibios/os/hal/src/hal_trng.o
LOAD .build/obj_astronaut_vial/lib/chibios/os/hal/src/hal_uart.o
LOAD .build/obj_astronaut_vial/lib/chibios/os/hal/src/hal_usb.o
LOAD .build/obj_astronaut_vial/lib/chibios/os/hal/src/hal_wdg.o
LOAD .build/obj_astronaut_vial/lib/chibios/os/hal/src/hal_wspi.o
LOAD .build/obj_astronaut_vial/lib/chibios/os/hal/ports/common/ARMCMx/nvic.o
LOAD .build/obj_astronaut_vial/lib/chibios/os/hal/ports/RP/RP2040/rp_isr.o
LOAD .build/obj_astronaut_vial/lib/chibios/os/hal/ports/RP/RP2040/hal_lld.o
LOAD .build/obj_astronaut_vial/lib/chibios/os/hal/ports/RP/LLD/DMAv1/rp_dma.o
LOAD .build/obj_astronaut_vial/lib/chibios/os/hal/ports/RP/LLD/GPIOv1/hal_pal_lld.o
LOAD .build/obj_astronaut_vial/lib/chibios/os/hal/ports/RP/LLD/SPIv1/hal_spi_lld.o
LOAD .build/obj_astronaut_vial/lib/chibios/os/hal/ports/RP/LLD/TIMERv1/hal_st_lld.o
LOAD .build/obj_astronaut_vial/lib/chibios/os/hal/ports/RP/LLD/UARTv1/hal_sio_lld.o
LOAD .build/obj_astronaut_vial/lib/chibios/os/hal/ports/RP/LLD/RTCv1/hal_rtc_lld.o
LOAD .build/obj_astronaut_vial/lib/chibios/os/hal/ports/RP/LLD/WDGv1/hal_wdg_lld.o
LOAD .build/obj_astronaut_vial/lib/chibios-contrib/os/hal/ports/RP/LLD/I2Cv1/hal_i2c_lld.o
LOAD .build/obj_astronaut_vial/lib/chibios-contrib/os/hal/ports/RP/LLD/PWMv1/hal_pwm_lld.o
LOAD .build/obj_astronaut_vial/lib/chibios-contrib/os/hal/ports/RP/LLD/ADCv1/hal_adc_lld.o
LOAD .build/obj_astronaut_vial/lib/chibios-contrib/os/hal/ports/RP/LLD/USBDv1/hal_usb_lld.o
LOAD .build/obj_astronaut_vial/lib/chibios/os/hal/boards/RP_PICO_RP2040/board.o
LOAD .build/obj_astronaut_vial/lib/chibios/os/hal/lib/streams/chprintf.o
LOAD .build/obj_astronaut_vial/lib/chibios/os/hal/lib/streams/chscanf.o
LOAD .build/obj_astronaut_vial/lib/chibios/os/hal/lib/streams/memstreams.o
LOAD .build/obj_astronaut_vial/lib/chibios/os/hal/lib/streams/nullstreams.o
LOAD .build/obj_astronaut_vial/lib/chibios/os/hal/lib/streams/bufstreams.o
LOAD .build/obj_astronaut_vial/lib/chibios/os/various/syscalls.o
LOAD .build/obj_astronaut_vial/platforms/chibios/syscall-fallbacks.o
LOAD .build/obj_astronaut_vial/platforms/chibios/wait.o
LOAD .build/obj_astronaut_vial/platforms/chibios/synchronization_util.o
LOAD .build/obj_astronaut_vial/platforms/chibios/interrupt_handlers.o
LOAD .build/obj_astronaut_vial/./lib/pico-sdk/src/rp2_common/hardware_clocks/clocks.o
LOAD .build/obj_astronaut_vial/./lib/pico-sdk/src/rp2_common/hardware_pll/pll.o
LOAD .build/obj_astronaut_vial/./lib/pico-sdk/src/rp2_common/hardware_pio/pio.o
LOAD .build/obj_astronaut_vial/./lib/pico-sdk/src/rp2_common/hardware_timer/timer.o
LOAD .build/obj_astronaut_vial/./lib/pico-sdk/src/rp2_common/hardware_flash/flash.o
LOAD .build/obj_astronaut_vial/./lib/pico-sdk/src/rp2_common/hardware_gpio/gpio.o
LOAD .build/obj_astronaut_vial/./lib/pico-sdk/src/rp2_common/hardware_claim/claim.o
LOAD .build/obj_astronaut_vial/./lib/pico-sdk/src/rp2_common/hardware_watchdog/watchdog.o
LOAD .build/obj_astronaut_vial/./lib/pico-sdk/src/rp2_common/hardware_xosc/xosc.o
LOAD .build/obj_astronaut_vial/./lib/pico-sdk/src/rp2_common/pico_bootrom/bootrom.o
LOAD .build/obj_astronaut_vial/platforms/chibios/vendors/RP/stage2_bootloaders.o
LOAD .build/obj_astronaut_vial/platforms/chibios/vendors/RP/pico_sdk_shims.o
LOAD .build/obj_astronaut_vial/./lib/pico-sdk/src/rp2_common/pico_divider/divider.o
LOAD .build/obj_astronaut_vial/./lib/pico-sdk/src/rp2_common/pico_int64_ops/pico_int64_ops_aeabi.o
                0x00000800                        __process_stack_size__ = 0x800
                0x00000400                        __main_stack_size__ = 0x400
LOAD C:/QMK_MSYS/mingw64/bin/../lib/gcc/arm-none-eabi/13.3.0/../../../../arm-none-eabi/lib/thumb/v6-m/nofp\libm.a
START GROUP
LOAD C:/QMK_MSYS/mingw64/bin/../lib/gcc/arm-none-eabi/13.3.0/thumb/v6-m/nofp\libgcc.a
LOAD C:/QMK_MSYS/mingw64/bin/../lib/gcc/arm-none-eabi/13.3.0/../../../../arm-none-eabi/lib/thumb/v6-m/nofp\libg_nano.a
LOAD C:/QMK_MSYS/mingw64/bin/../lib/gcc/arm-none-eabi/13.3.0/../../../../arm-none-eabi/lib/thumb/v6-m/nofp\libc_nano.a
END GROUP
START GROUP
LOAD C:/QMK_MSYS/mingw64/bin/../lib/gcc/arm-none-eabi/13.3.0/thumb/v6-m/nofp\libgcc.a
LOAD C:/QMK_MSYS/mingw64/bin/../lib/gcc/arm-none-eabi/13.3.0/../../../../arm-none-eabi/lib/thumb/v6-m/nofp\libc_nano.a
END GROUP

.flash_begin    0x10000000        0x0
                0x10000000                        __flash_binary_start = .

.boot2          0x10000000      0x100
                0x10000000                        __boot2_start__ = .
 *(.boot2)
 .boot2         0x10000000      0x100 .build/obj_astronaut_vial/platforms/chibios/vendors/RP/stage2_bootloaders.o
                0x10000000                BOOT2_ROM
                0x10000100                        __boot2_end__ = .

.mstack         0x20040000      0x400
                0x20040000                        . = ALIGN (0x8)
                0x20040000                        __main_stack_base__ = .
                0x20040400                        . = (. + __main_stack_size__)
 *fill*         0x20040000      0x400 
                0x20040400                        . = ALIGN (0x8)
                0x20040400                        __main_stack_end__ = .

.pstack         0x20040400      0x800
                0x20040400                        . = ALIGN (0x8)
                0x20040400                        __process_stack_base__ = .
                0x20040400                        __main_thread_stack_base__ = .
                0x20040c00                        . = (. + __process_stack_size__)
 *fill*         0x20040400      0x800 
                0x20040c00                        . = ALIGN (0x8)
                0x20040c00                        __process_stack_end__ = .
                0x20040c00                        __main_thread_stack_end__ = .
                0x00000400                        __c1_main_stack_size__ = __main_stack_size__
                0x00000800                        __c1_process_stack_size__ = __process_stack_size__

.c1_mstack      0x20041000      0x400
                0x20041000                        . = ALIGN (0x8)
                0x20041000                        __c1_main_stack_base__ = .
                0x20041400                        . = (. + __c1_main_stack_size__)
 *fill*         0x20041000      0x400 
                0x20041400                        . = ALIGN (0x8)
                0x20041400                        __c1_main_stack_end__ = .

.c1_pstack      0x20041400      0x800
                0x20041400                        . = ALIGN (0x8)
                0x20041400                        __c1_process_stack_base__ = .
                0x20041400                        __c1_main_thread_stack_base__ = .
                0x20041c00                        . = (. + __c1_process_stack_size__)
 *fill*         0x20041400      0x800 
                0x20041c00                        . = ALIGN (0x8)
                0x20041c00                        __c1_process_stack_end__ = .
                0x20041c00                        __c1_main_thread_stack_end__ = .

.vectors        0x10000100       0xc0
                0x10000100                        __textvectors_base__ = LOADADDR (.vectors)
                0x10000100                        __vectors_base__ = .
 *(.vectors)
 .vectors       0x10000100       0xc0 .build/obj_astronaut_vial/./lib/chibios/os/common/startup/ARMCMx/compilers/GCC/vectors.o
                0x10000100                _vectors
                0x100001c0                        __vectors_end__ = .

.xtors          0x100001c0        0x0
                0x100001c0                        __init_array_base__ = .
 *(SORT_BY_NAME(.init_array.*))
 *(.init_array)
                0x100001c0                        __init_array_end__ = .
                0x100001c0                        __fini_array_base__ = .
 *(.fini_array)
 *(SORT_BY_NAME(.fini_array.*))
                0x100001c0                        __fini_array_end__ = .

.text           0x100001c0     0xfb40
                0x100001c0                        __text_base__ = .
 *(.text)
 .text          0x100001c0      0x104 .build/obj_astronaut_vial/./lib/chibios/os/common/startup/ARMCMx/compilers/GCC/crt0_v6m.o
                0x100001c0                _crt0_entry
 .text          0x100002c4        0x8 .build/obj_astronaut_vial/./lib/chibios/os/common/startup/ARMCMx/compilers/GCC/vectors.o
                0x100002c4                Reset_Handler
                0x100002c6                Vector9C
                0x100002c6                VectorAC
                0x100002c6                DebugMon_Handler
                0x100002c6                HardFault_Handler
                0x100002c6                Vector8C
                0x100002c6                SysTick_Handler
                0x100002c6                PendSV_Handler
                0x100002c6                Vector94
                0x100002c6                VectorA8
                0x100002c6                VectorB4
                0x100002c6                Vector74
                0x100002c6                UsageFault_Handler
                0x100002c6                VectorBC
                0x100002c6                Vector64
                0x100002c6                Vector58
                0x100002c6                Vector98
                0x100002c6                Vector24
                0x100002c6                Vector84
                0x100002c6                SecureFault_Handler
                0x100002c6                MemManage_Handler
                0x100002c6                VectorA0
                0x100002c6                SVC_Handler
                0x100002c6                VectorB0
                0x100002c6                Vector90
                0x100002c6                Vector60
                0x100002c6                Vector68
                0x100002c6                Vector78
                0x100002c6                VectorA4
                0x100002c6                Vector88
                0x100002c6                BusFault_Handler
                0x100002c6                Vector50
                0x100002c6                Vector28
                0x100002c6                VectorB8
                0x100002c6                Vector34
                0x100002c6                Vector20
                0x100002ca                _unhandled_exception
 .text          0x100002cc       0x48 .build/obj_astronaut_vial/./lib/chibios/os/common/ports/ARMv6-M-RP2/compilers/GCC/chcoreasm.o
                0x100002cc                __port_switch
                0x100002ec                __port_thread_start
                0x100002fe                __port_switch_from_isr
                0x10000302                __port_exit_from_isr
 .text          0x10000314       0x14 C:/QMK_MSYS/mingw64/bin/../lib/gcc/arm-none-eabi/13.3.0/thumb/v6-m/nofp\libgcc.a(_thumb1_case_sqi.o)
                0x10000314                __gnu_thumb1_case_sqi
 .text          0x10000328       0x14 C:/QMK_MSYS/mingw64/bin/../lib/gcc/arm-none-eabi/13.3.0/thumb/v6-m/nofp\libgcc.a(_thumb1_case_uqi.o)
                0x10000328                __gnu_thumb1_case_uqi
 .text          0x1000033c       0x14 C:/QMK_MSYS/mingw64/bin/../lib/gcc/arm-none-eabi/13.3.0/thumb/v6-m/nofp\libgcc.a(_thumb1_case_uhi.o)
                0x1000033c                __gnu_thumb1_case_uhi
 .text          0x10000350        0x4 C:/QMK_MSYS/mingw64/bin/../lib/gcc/arm-none-eabi/13.3.0/thumb/v6-m/nofp\libgcc.a(_dvmd_tls.o)
                0x10000350                __aeabi_idiv0
                0x10000350                __aeabi_ldiv0
 .text          0x10000354       0x40 C:/QMK_MSYS/mingw64/bin/../lib/gcc/arm-none-eabi/13.3.0/thumb/v6-m/nofp\libgcc.a(_ctzsi2.o)
                0x10000354                __ctzsi2
 .text          0x10000394       0x74 C:/QMK_MSYS/mingw64/bin/../lib/gcc/arm-none-eabi/13.3.0/thumb/v6-m/nofp\libgcc.a(_arm_cmpsf2.o)
                0x10000394                __aeabi_cfrcmple
                0x1000039c                __aeabi_cfcmpeq
                0x1000039c                __aeabi_cfcmple
                0x100003ac                __aeabi_fcmpeq
                0x100003b8                __aeabi_fcmplt
                0x100003cc                __aeabi_fcmple
                0x100003e0                __aeabi_fcmpgt
                0x100003f4                __aeabi_fcmpge
 .text          0x10000408       0x3c C:/QMK_MSYS/mingw64/bin/../lib/gcc/arm-none-eabi/13.3.0/thumb/v6-m/nofp\libgcc.a(_clzsi2.o)
                0x10000408                __clzsi2
 .text          0x10000444       0x10 C:/QMK_MSYS/mingw64/bin/../lib/gcc/arm-none-eabi/13.3.0/../../../../arm-none-eabi/lib/thumb/v6-m/nofp\libg_nano.a(libc_a-abort.o)
                0x10000444                abort
 .text          0x10000454       0xe8 C:/QMK_MSYS/mingw64/bin/../lib/gcc/arm-none-eabi/13.3.0/../../../../arm-none-eabi/lib/thumb/v6-m/nofp\libg_nano.a(libc_a-rand.o)
                0x10000454                srand
                0x100004b4                rand
 .text          0x1000053c       0x48 C:/QMK_MSYS/mingw64/bin/../lib/gcc/arm-none-eabi/13.3.0/../../../../arm-none-eabi/lib/thumb/v6-m/nofp\libg_nano.a(libc_a-memcmp.o)
                0x1000053c                memcmp
 .text          0x10000584       0xa8 C:/QMK_MSYS/mingw64/bin/../lib/gcc/arm-none-eabi/13.3.0/../../../../arm-none-eabi/lib/thumb/v6-m/nofp\libg_nano.a(libc_a-memset.o)
                0x10000584                memset
 .text          0x1000062c      0x264 C:/QMK_MSYS/mingw64/bin/../lib/gcc/arm-none-eabi/13.3.0/../../../../arm-none-eabi/lib/thumb/v6-m/nofp\libg_nano.a(libc_a-signal.o)
                0x1000062c                _init_signal_r
                0x1000065c                _signal_r
                0x100006a0                _raise_r
                0x100006f4                __sigtramp_r
                0x10000750                raise
                0x100007a8                signal
                0x100007f4                _init_signal
                0x1000082c                __sigtramp
 .text          0x10000890       0x30 C:/QMK_MSYS/mingw64/bin/../lib/gcc/arm-none-eabi/13.3.0/../../../../arm-none-eabi/lib/thumb/v6-m/nofp\libg_nano.a(libc_a-signalr.o)
                0x10000890                _kill_r
                0x100008b8                _getpid_r
 .text          0x100008c0       0x8c C:/QMK_MSYS/mingw64/bin/../lib/gcc/arm-none-eabi/13.3.0/../../../../arm-none-eabi/lib/thumb/v6-m/nofp\libg_nano.a(libc_a-memcpy-stub.o)
                0x100008c0                memcpy
 .text          0x1000094c       0x4c C:/QMK_MSYS/mingw64/bin/../lib/gcc/arm-none-eabi/13.3.0/../../../../arm-none-eabi/lib/thumb/v6-m/nofp\libg_nano.a(libc_a-assert.o)
                0x1000094c                __assert_func
                0x1000098c                __assert
 .text          0x10000998       0x28 C:/QMK_MSYS/mingw64/bin/../lib/gcc/arm-none-eabi/13.3.0/../../../../arm-none-eabi/lib/thumb/v6-m/nofp\libg_nano.a(libc_a-malloc.o)
                0x10000998                malloc
                0x100009ac                free
 .text          0x100009c0      0x158 C:/QMK_MSYS/mingw64/bin/../lib/gcc/arm-none-eabi/13.3.0/../../../../arm-none-eabi/lib/thumb/v6-m/nofp\libg_nano.a(libc_a-mallocr.o)
                0x10000a08                _malloc_r
 .text          0x10000b18       0x20 C:/QMK_MSYS/mingw64/bin/../lib/gcc/arm-none-eabi/13.3.0/../../../../arm-none-eabi/lib/thumb/v6-m/nofp\libg_nano.a(libc_a-mlock.o)
                0x10000b18                __malloc_lock
                0x10000b28                __malloc_unlock
 .text          0x10000b38       0x3c C:/QMK_MSYS/mingw64/bin/../lib/gcc/arm-none-eabi/13.3.0/../../../../arm-none-eabi/lib/thumb/v6-m/nofp\libg_nano.a(libc_a-fprintf.o)
                0x10000b38                _fprintf_r
                0x10000b38                _fiprintf_r
                0x10000b50                fiprintf
                0x10000b50                fprintf
 .text          0x10000b74       0x28 C:/QMK_MSYS/mingw64/bin/../lib/gcc/arm-none-eabi/13.3.0/../../../../arm-none-eabi/lib/thumb/v6-m/nofp\libg_nano.a(libc_a-lock.o)
                0x10000b74                __retarget_lock_init
                0x10000b78                __retarget_lock_init_recursive
                0x10000b7c                __retarget_lock_close
                0x10000b80                __retarget_lock_close_recursive
                0x10000b84                __retarget_lock_acquire
                0x10000b88                __retarget_lock_acquire_recursive
                0x10000b8c                __retarget_lock_try_acquire
                0x10000b90                __retarget_lock_try_acquire_recursive
                0x10000b94                __retarget_lock_release
                0x10000b98                __retarget_lock_release_recursive
 .text          0x10000b9c       0xb8 C:/QMK_MSYS/mingw64/bin/../lib/gcc/arm-none-eabi/13.3.0/../../../../arm-none-eabi/lib/thumb/v6-m/nofp\libg_nano.a(libc_a-freer.o)
                0x10000b9c                _free_r
 .text          0x10000c54      0x368 C:/QMK_MSYS/mingw64/bin/../lib/gcc/arm-none-eabi/13.3.0/../../../../arm-none-eabi/lib/thumb/v6-m/nofp\libg_nano.a(libc_a-nano-vfprintf.o)
                0x10000c7c                __sfputs_r
                0x10000ca8                __sprint_r
                0x10000cc8                _vfiprintf_r
                0x10000cc8                _vfprintf_r
                0x10000fa4                vfprintf
                0x10000fa4                vfiprintf
 .text          0x10000fbc      0x3a8 C:/QMK_MSYS/mingw64/bin/../lib/gcc/arm-none-eabi/13.3.0/../../../../arm-none-eabi/lib/thumb/v6-m/nofp\libg_nano.a(libc_a-nano-vfprintf_i.o)
                0x10000fbc                _printf_common
                0x10001104                _printf_i
 .text          0x10001364      0x308 C:/QMK_MSYS/mingw64/bin/../lib/gcc/arm-none-eabi/13.3.0/../../../../arm-none-eabi/lib/thumb/v6-m/nofp\libg_nano.a(libc_a-findfp.o)
                0x1000150c                __sfp
                0x100015d4                __sinit
                0x1000160c                __sfp_lock_acquire
                0x1000161c                __sfp_lock_release
                0x1000162c                __fp_lock_all
                0x1000164c                __fp_unlock_all
 .text          0x1000166c      0x310 C:/QMK_MSYS/mingw64/bin/../lib/gcc/arm-none-eabi/13.3.0/../../../../arm-none-eabi/lib/thumb/v6-m/nofp\libg_nano.a(libc_a-fvwrite.o)
                0x1000166c                __sfvwrite_r
 .text          0x1000197c       0x44 C:/QMK_MSYS/mingw64/bin/../lib/gcc/arm-none-eabi/13.3.0/../../../../arm-none-eabi/lib/thumb/v6-m/nofp\libg_nano.a(libc_a-fwalk.o)
                0x1000197c                _fwalk_sglue
 .text          0x100019c0       0xa8 C:/QMK_MSYS/mingw64/bin/../lib/gcc/arm-none-eabi/13.3.0/../../../../arm-none-eabi/lib/thumb/v6-m/nofp\libg_nano.a(libc_a-stdio.o)
                0x100019c0                __sread
                0x100019e8                __seofread
                0x100019ec                __swrite
                0x10001a2c                __sseek
                0x10001a5c                __sclose
 .text          0x10001a68       0xb4 C:/QMK_MSYS/mingw64/bin/../lib/gcc/arm-none-eabi/13.3.0/../../../../arm-none-eabi/lib/thumb/v6-m/nofp\libg_nano.a(libc_a-wbuf.o)
                0x10001a68                __swbuf_r
                0x10001b04                __swbuf
 .text          0x10001b1c       0xcc C:/QMK_MSYS/mingw64/bin/../lib/gcc/arm-none-eabi/13.3.0/../../../../arm-none-eabi/lib/thumb/v6-m/nofp\libg_nano.a(libc_a-wsetup.o)
                0x10001b1c                __swsetup_r
 .text          0x10001be8       0xb0 C:/QMK_MSYS/mingw64/bin/../lib/gcc/arm-none-eabi/13.3.0/../../../../arm-none-eabi/lib/thumb/v6-m/nofp\libg_nano.a(libc_a-memmove.o)
                0x10001be8                memmove
 .text          0x10001c98       0x74 C:/QMK_MSYS/mingw64/bin/../lib/gcc/arm-none-eabi/13.3.0/../../../../arm-none-eabi/lib/thumb/v6-m/nofp\libg_nano.a(libc_a-memchr-stub.o)
                0x10001c98                memchr
 .text          0x10001d0c       0x78 C:/QMK_MSYS/mingw64/bin/../lib/gcc/arm-none-eabi/13.3.0/../../../../arm-none-eabi/lib/thumb/v6-m/nofp\libg_nano.a(libc_a-reallocr.o)
                0x10001d0c                _realloc_r
 .text          0x10001d84      0x1ac C:/QMK_MSYS/mingw64/bin/../lib/gcc/arm-none-eabi/13.3.0/../../../../arm-none-eabi/lib/thumb/v6-m/nofp\libg_nano.a(libc_a-fflush.o)
                0x10001d84                __sflush_r
                0x10001ea4                _fflush_r
                0x10001f00                fflush
 .text          0x10001f30      0x110 C:/QMK_MSYS/mingw64/bin/../lib/gcc/arm-none-eabi/13.3.0/../../../../arm-none-eabi/lib/thumb/v6-m/nofp\libg_nano.a(libc_a-makebuf.o)
                0x10001f30                __smakebuf_r
                0x10001ff4                __swhatbuf_r
 .text          0x10002040       0x14 C:/QMK_MSYS/mingw64/bin/../lib/gcc/arm-none-eabi/13.3.0/../../../../arm-none-eabi/lib/thumb/v6-m/nofp\libg_nano.a(libc_a-msizer.o)
                0x10002040                _malloc_usable_size_r
 *(.text.*)
 .text.draw_cell_rect
                0x10002054       0x6c .build/obj_astronaut_vial/tft_display/hlc_tft_display.o
 .text.draw_status_text
                0x100020c0       0xac .build/obj_astronaut_vial/tft_display/hlc_tft_display.o
 .text.display_do_sleep
                0x1000216c       0x28 .build/obj_astronaut_vial/tft_display/hlc_tft_display.o
                0x1000216c                display_do_sleep
 .text.update_display
                0x10002194      0x2b8 .build/obj_astronaut_vial/tft_display/hlc_tft_display.o
                0x10002194                update_display
 .text.display_do_wake
                0x1000244c       0x60 .build/obj_astronaut_vial/tft_display/hlc_tft_display.o
                0x1000244c                display_do_wake
 .text.keyboard_post_init_user
                0x100024ac      0x118 .build/obj_astronaut_vial/tft_display/hlc_tft_display.o
                0x100024ac                keyboard_post_init_user
 .text.suspend_power_down_user
                0x100025c4       0x18 .build/obj_astronaut_vial/tft_display/hlc_tft_display.o
                0x100025c4                suspend_power_down_user
 .text.suspend_wakeup_init_user
                0x100025dc       0x18 .build/obj_astronaut_vial/tft_display/hlc_tft_display.o
                0x100025dc                suspend_wakeup_init_user
 .text.housekeeping_task_user
                0x100025f4      0x298 .build/obj_astronaut_vial/tft_display/hlc_tft_display.o
                0x100025f4                housekeeping_task_user
 .text.hlc_tft_on_activity
                0x1000288c       0x20 .build/obj_astronaut_vial/tft_display/hlc_tft_display.o
                0x1000288c                hlc_tft_on_activity
 .text.layer_state_set_user
                0x100028ac       0x1e .build/obj_astronaut_vial/quantum/keymap_introspection.o
                0x100028ac                layer_state_set_user
 *fill*         0x100028ca        0x2 
 .text.process_record_user
                0x100028cc      0x130 .build/obj_astronaut_vial/quantum/keymap_introspection.o
                0x100028cc                process_record_user
 .text.keycode_at_keymap_location_raw
                0x100029fc       0x2c .build/obj_astronaut_vial/quantum/keymap_introspection.o
                0x100029fc                keycode_at_keymap_location_raw
 .text.extract_mod_bits
                0x10002a28       0x5c .build/obj_astronaut_vial/quantum/quantum.o
                0x10002a28                extract_mod_bits
 .text.do_code16
                0x10002a84        0xc .build/obj_astronaut_vial/quantum/quantum.o
                0x10002a84                do_code16
 .text.register_code16
                0x10002a90       0x2c .build/obj_astronaut_vial/quantum/quantum.o
                0x10002a90                register_code16
 .text.unregister_code16
                0x10002abc       0x2c .build/obj_astronaut_vial/quantum/quantum.o
                0x10002abc                unregister_code16
 .text.pre_process_record_user
                0x10002ae8        0x4 .build/obj_astronaut_vial/quantum/quantum.o
                0x10002ae8                pre_process_record_user
 .text.pre_process_record_kb
                0x10002aec        0x8 .build/obj_astronaut_vial/quantum/quantum.o
                0x10002aec                pre_process_record_kb
 .text.process_action_kb
                0x10002af4        0x4 .build/obj_astronaut_vial/quantum/quantum.o
                0x10002af4                process_action_kb
 .text.process_record_kb
                0x10002af8        0x8 .build/obj_astronaut_vial/quantum/quantum.o
                0x10002af8                process_record_kb
 .text.post_process_record_user
                0x10002b00        0x2 .build/obj_astronaut_vial/quantum/quantum.o
                0x10002b00                post_process_record_user
 .text.post_process_record_kb
                0x10002b02        0x8 .build/obj_astronaut_vial/quantum/quantum.o
                0x10002b02                post_process_record_kb
 *fill*         0x10002b0a        0x2 
 .text.get_event_keycode
                0x10002b0c       0x4c .build/obj_astronaut_vial/quantum/quantum.o
                0x10002b0c                get_event_keycode
 .text.get_record_keycode
                0x10002b58       0x1c .build/obj_astronaut_vial/quantum/quantum.o
                0x10002b58                get_record_keycode
 .text.pre_process_record_quantum
                0x10002b74       0x28 .build/obj_astronaut_vial/quantum/quantum.o
                0x10002b74                pre_process_record_quantum
 .text.post_process_record_quantum
                0x10002b9c       0x12 .build/obj_astronaut_vial/quantum/quantum.o
                0x10002b9c                post_process_record_quantum
 .text.shutdown_user
                0x10002bae        0x4 .build/obj_astronaut_vial/quantum/quantum.o
                0x10002bae                shutdown_user
 .text.shutdown_kb
                0x10002bb2        0x8 .build/obj_astronaut_vial/quantum/quantum.o
                0x10002bb2                shutdown_kb
 *fill*         0x10002bba        0x2 
 .text.shutdown_quantum
                0x10002bbc       0x1c .build/obj_astronaut_vial/quantum/quantum.o
                0x10002bbc                shutdown_quantum
 .text.reset_keyboard
                0x10002bd8        0xe .build/obj_astronaut_vial/quantum/quantum.o
                0x10002bd8                reset_keyboard
 .text.soft_reset_keyboard
                0x10002be6        0xe .build/obj_astronaut_vial/quantum/quantum.o
                0x10002be6                soft_reset_keyboard
 .text.process_record_quantum_helper
                0x10002bf4       0xfc .build/obj_astronaut_vial/quantum/quantum.o
                0x10002bf4                process_record_quantum_helper
 .text.process_record_quantum
                0x10002cf0       0x12 .build/obj_astronaut_vial/quantum/quantum.o
                0x10002cf0                process_record_quantum
 .text.suspend_power_down_quantum
                0x10002d02        0xc .build/obj_astronaut_vial/quantum/quantum.o
                0x10002d02                suspend_power_down_quantum
 .text.suspend_wakeup_init_quantum
                0x10002d0e        0xc .build/obj_astronaut_vial/quantum/quantum.o
                0x10002d0e                suspend_wakeup_init_quantum
 .text.biton16  0x10002d1a       0x2c .build/obj_astronaut_vial/quantum/bitwise.o
                0x10002d1a                biton16
 .text.bitrev   0x10002d46       0x26 .build/obj_astronaut_vial/quantum/bitwise.o
                0x10002d46                bitrev
 .text.led_update_user
                0x10002d6c        0x4 .build/obj_astronaut_vial/quantum/led.o
                0x10002d6c                led_update_user
 .text.led_update_ports
                0x10002d70        0x2 .build/obj_astronaut_vial/quantum/led.o
                0x10002d70                led_update_ports
 .text.led_update_kb
                0x10002d72       0x16 .build/obj_astronaut_vial/quantum/led.o
                0x10002d72                led_update_kb
 .text.led_init_ports
                0x10002d88        0x2 .build/obj_astronaut_vial/quantum/led.o
                0x10002d88                led_init_ports
 .text.led_set  0x10002d8a        0x8 .build/obj_astronaut_vial/quantum/led.o
                0x10002d8a                led_set
 .text.led_suspend
                0x10002d92        0xa .build/obj_astronaut_vial/quantum/led.o
                0x10002d92                led_suspend
 .text.led_wakeup
                0x10002d9c        0xc .build/obj_astronaut_vial/quantum/led.o
                0x10002d9c                led_wakeup
 .text.led_task
                0x10002da8       0x2c .build/obj_astronaut_vial/quantum/led.o
                0x10002da8                led_task
 .text.action_exec
                0x10002dd4       0x94 .build/obj_astronaut_vial/quantum/action.o
                0x10002dd4                action_exec
 .text.process_record_tap_hint
                0x10002e68       0x10 .build/obj_astronaut_vial/quantum/action.o
                0x10002e68                process_record_tap_hint
 .text.register_mouse
                0x10002e78       0x16 .build/obj_astronaut_vial/quantum/action.o
                0x10002e78                register_mouse
 *fill*         0x10002e8e        0x2 
 .text.register_code
                0x10002e90       0x88 .build/obj_astronaut_vial/quantum/action.o
                0x10002e90                register_code
 .text.unregister_code
                0x10002f18       0x6a .build/obj_astronaut_vial/quantum/action.o
                0x10002f18                unregister_code
 .text.tap_code_delay
                0x10002f82       0x26 .build/obj_astronaut_vial/quantum/action.o
                0x10002f82                tap_code_delay
 .text.tap_code
                0x10002fa8       0x18 .build/obj_astronaut_vial/quantum/action.o
                0x10002fa8                tap_code
 .text.bilateral_combinations_flush_chord_taps.part.0
                0x10002fc0       0x28 .build/obj_astronaut_vial/quantum/action.o
 .text.register_mods
                0x10002fe8       0x10 .build/obj_astronaut_vial/quantum/action.o
                0x10002fe8                register_mods
 .text.bilateral_combinations_tap.isra.0
                0x10002ff8       0x68 .build/obj_astronaut_vial/quantum/action.o
 .text.bilateral_combinations_defermods_callback
                0x10003060       0x24 .build/obj_astronaut_vial/quantum/action.o
 .text.unregister_mods
                0x10003084       0x10 .build/obj_astronaut_vial/quantum/action.o
                0x10003084                unregister_mods
 .text.register_weak_mods
                0x10003094       0x10 .build/obj_astronaut_vial/quantum/action.o
                0x10003094                register_weak_mods
 .text.unregister_weak_mods
                0x100030a4       0x10 .build/obj_astronaut_vial/quantum/action.o
                0x100030a4                unregister_weak_mods
 .text.clear_keyboard_but_mods_and_keys
                0x100030b4       0x20 .build/obj_astronaut_vial/quantum/action.o
                0x100030b4                clear_keyboard_but_mods_and_keys
 .text.clear_keyboard_but_mods
                0x100030d4        0xc .build/obj_astronaut_vial/quantum/action.o
                0x100030d4                clear_keyboard_but_mods
 .text.clear_keyboard
                0x100030e0        0xc .build/obj_astronaut_vial/quantum/action.o
                0x100030e0                clear_keyboard
 .text.is_tap_action
                0x100030ec       0x4c .build/obj_astronaut_vial/quantum/action.o
                0x100030ec                is_tap_action
 .text.is_tap_record
                0x10003138       0x22 .build/obj_astronaut_vial/quantum/action.o
                0x10003138                is_tap_record
 *fill*         0x1000315a        0x2 
 .text.process_action
                0x1000315c      0x708 .build/obj_astronaut_vial/quantum/action.o
                0x1000315c                process_action
 .text.process_record_handler
                0x10003864       0x2c .build/obj_astronaut_vial/quantum/action.o
                0x10003864                process_record_handler
 .text.process_record
                0x10003890       0x44 .build/obj_astronaut_vial/quantum/action.o
                0x10003890                process_record
 .text.debug_event
                0x100038d4        0x6 .build/obj_astronaut_vial/quantum/action.o
                0x100038d4                debug_event
 .text.debug_record
                0x100038da        0x6 .build/obj_astronaut_vial/quantum/action.o
                0x100038da                debug_record
 .text.default_layer_state_set_user
                0x100038e0        0x2 .build/obj_astronaut_vial/quantum/action_layer.o
                0x100038e0                default_layer_state_set_user
 .text.default_layer_state_set_kb
                0x100038e2        0x8 .build/obj_astronaut_vial/quantum/action_layer.o
                0x100038e2                default_layer_state_set_kb
 *fill*         0x100038ea        0x2 
 .text.default_layer_state_set
                0x100038ec       0x10 .build/obj_astronaut_vial/quantum/action_layer.o
 .text.default_layer_debug
                0x100038fc        0x2 .build/obj_astronaut_vial/quantum/action_layer.o
                0x100038fc                default_layer_debug
 .text.default_layer_set
                0x100038fe        0x8 .build/obj_astronaut_vial/quantum/action_layer.o
                0x100038fe                default_layer_set
 *fill*         0x10003906        0x2 
 .text.default_layer_or
                0x10003908       0x14 .build/obj_astronaut_vial/quantum/action_layer.o
                0x10003908                default_layer_or
 .text.default_layer_and
                0x1000391c       0x14 .build/obj_astronaut_vial/quantum/action_layer.o
                0x1000391c                default_layer_and
 .text.default_layer_xor
                0x10003930       0x14 .build/obj_astronaut_vial/quantum/action_layer.o
                0x10003930                default_layer_xor
 .text.layer_state_set_kb
                0x10003944        0x8 .build/obj_astronaut_vial/quantum/action_layer.o
                0x10003944                layer_state_set_kb
 .text.layer_state_set
                0x1000394c       0x10 .build/obj_astronaut_vial/quantum/action_layer.o
                0x1000394c                layer_state_set
 .text.layer_clear
                0x1000395c        0xa .build/obj_astronaut_vial/quantum/action_layer.o
                0x1000395c                layer_clear
 *fill*         0x10003966        0x2 
 .text.layer_state_is
                0x10003968       0x20 .build/obj_astronaut_vial/quantum/action_layer.o
                0x10003968                layer_state_is
 .text.layer_move
                0x10003988        0xe .build/obj_astronaut_vial/quantum/action_layer.o
                0x10003988                layer_move
 *fill*         0x10003996        0x2 
 .text.layer_on
                0x10003998       0x18 .build/obj_astronaut_vial/quantum/action_layer.o
                0x10003998                layer_on
 .text.layer_off
                0x100039b0       0x18 .build/obj_astronaut_vial/quantum/action_layer.o
                0x100039b0                layer_off
 .text.layer_invert
                0x100039c8       0x18 .build/obj_astronaut_vial/quantum/action_layer.o
                0x100039c8                layer_invert
 .text.layer_or
                0x100039e0       0x14 .build/obj_astronaut_vial/quantum/action_layer.o
                0x100039e0                layer_or
 .text.layer_and
                0x100039f4       0x14 .build/obj_astronaut_vial/quantum/action_layer.o
                0x100039f4                layer_and
 .text.layer_xor
                0x10003a08       0x14 .build/obj_astronaut_vial/quantum/action_layer.o
                0x10003a08                layer_xor
 .text.layer_debug
                0x10003a1c        0x2 .build/obj_astronaut_vial/quantum/action_layer.o
                0x10003a1c                layer_debug
 .text.update_source_layers_cache_impl
                0x10003a1e       0x30 .build/obj_astronaut_vial/quantum/action_layer.o
                0x10003a1e                update_source_layers_cache_impl
 .text.read_source_layers_cache_impl
                0x10003a4e       0x26 .build/obj_astronaut_vial/quantum/action_layer.o
                0x10003a4e                read_source_layers_cache_impl
 .text.update_source_layers_cache
                0x10003a74       0x28 .build/obj_astronaut_vial/quantum/action_layer.o
                0x10003a74                update_source_layers_cache
 .text.read_source_layers_cache
                0x10003a9c       0x28 .build/obj_astronaut_vial/quantum/action_layer.o
                0x10003a9c                read_source_layers_cache
 .text.layer_switch_get_layer
                0x10003ac4       0x44 .build/obj_astronaut_vial/quantum/action_layer.o
                0x10003ac4                layer_switch_get_layer
 .text.layer_switch_get_action
                0x10003b08       0x14 .build/obj_astronaut_vial/quantum/action_layer.o
                0x10003b08                layer_switch_get_action
 .text.store_or_get_action
                0x10003b1c       0x44 .build/obj_astronaut_vial/quantum/action_layer.o
                0x10003b1c                store_or_get_action
 .text.update_tri_layer_state
                0x10003b60       0x2a .build/obj_astronaut_vial/quantum/action_layer.o
                0x10003b60                update_tri_layer_state
 *fill*         0x10003b8a        0x2 
 .text.update_tri_layer
                0x10003b8c       0x1c .build/obj_astronaut_vial/quantum/action_layer.o
                0x10003b8c                update_tri_layer
 .text.debug_waiting_buffer
                0x10003ba8       0x44 .build/obj_astronaut_vial/quantum/action_tapping.o
 .text.debug_tapping_key
                0x10003bec       0x20 .build/obj_astronaut_vial/quantum/action_tapping.o
 .text.waiting_buffer_typed.isra.0
                0x10003c0c       0x4c .build/obj_astronaut_vial/quantum/action_tapping.o
 .text.waiting_buffer_scan_tap
                0x10003c58       0x88 .build/obj_astronaut_vial/quantum/action_tapping.o
 .text.process_tapping
                0x10003ce0      0x2d4 .build/obj_astronaut_vial/quantum/action_tapping.o
 .text.action_tapping_process
                0x10003fb4       0xcc .build/obj_astronaut_vial/quantum/action_tapping.o
                0x10003fb4                action_tapping_process
 .text.get_oneshot_locked_mods
                0x10004080        0xc .build/obj_astronaut_vial/quantum/action_util.o
                0x10004080                get_oneshot_locked_mods
 .text.has_oneshot_mods_timed_out
                0x1000408c       0x2c .build/obj_astronaut_vial/quantum/action_util.o
                0x1000408c                has_oneshot_mods_timed_out
 .text.get_oneshot_layer
                0x100040b8        0xc .build/obj_astronaut_vial/quantum/action_util.o
                0x100040b8                get_oneshot_layer
 .text.get_oneshot_layer_state
                0x100040c4       0x10 .build/obj_astronaut_vial/quantum/action_util.o
                0x100040c4                get_oneshot_layer_state
 .text.has_oneshot_layer_timed_out
                0x100040d4       0x30 .build/obj_astronaut_vial/quantum/action_util.o
                0x100040d4                has_oneshot_layer_timed_out
 .text.is_oneshot_layer_active
                0x10004104       0x14 .build/obj_astronaut_vial/quantum/action_util.o
                0x10004104                is_oneshot_layer_active
 .text.get_mods
                0x10004118        0xc .build/obj_astronaut_vial/quantum/action_util.o
                0x10004118                get_mods
 .text.add_mods
                0x10004124       0x10 .build/obj_astronaut_vial/quantum/action_util.o
                0x10004124                add_mods
 .text.del_mods
                0x10004134       0x10 .build/obj_astronaut_vial/quantum/action_util.o
                0x10004134                del_mods
 .text.set_mods
                0x10004144        0xc .build/obj_astronaut_vial/quantum/action_util.o
                0x10004144                set_mods
 .text.clear_mods
                0x10004150        0xc .build/obj_astronaut_vial/quantum/action_util.o
                0x10004150                clear_mods
 .text.get_weak_mods
                0x1000415c        0xc .build/obj_astronaut_vial/quantum/action_util.o
                0x1000415c                get_weak_mods
 .text.add_weak_mods
                0x10004168       0x10 .build/obj_astronaut_vial/quantum/action_util.o
                0x10004168                add_weak_mods
 .text.del_weak_mods
                0x10004178       0x10 .build/obj_astronaut_vial/quantum/action_util.o
                0x10004178                del_weak_mods
 .text.clear_weak_mods
                0x10004188        0xc .build/obj_astronaut_vial/quantum/action_util.o
                0x10004188                clear_weak_mods
 .text.set_weak_override_mods
                0x10004194        0xc .build/obj_astronaut_vial/quantum/action_util.o
                0x10004194                set_weak_override_mods
 .text.clear_weak_override_mods
                0x100041a0        0xc .build/obj_astronaut_vial/quantum/action_util.o
                0x100041a0                clear_weak_override_mods
 .text.set_suppressed_override_mods
                0x100041ac        0xc .build/obj_astronaut_vial/quantum/action_util.o
                0x100041ac                set_suppressed_override_mods
 .text.clear_suppressed_override_mods
                0x100041b8        0xc .build/obj_astronaut_vial/quantum/action_util.o
                0x100041b8                clear_suppressed_override_mods
 .text.get_oneshot_mods
                0x100041c4        0xc .build/obj_astronaut_vial/quantum/action_util.o
                0x100041c4                get_oneshot_mods
 .text.oneshot_locked_mods_changed_user
                0x100041d0        0x2 .build/obj_astronaut_vial/quantum/action_util.o
                0x100041d0                oneshot_locked_mods_changed_user
 .text.oneshot_locked_mods_changed_kb
                0x100041d2        0x8 .build/obj_astronaut_vial/quantum/action_util.o
                0x100041d2                oneshot_locked_mods_changed_kb
 *fill*         0x100041da        0x2 
 .text.add_oneshot_locked_mods
                0x100041dc       0x20 .build/obj_astronaut_vial/quantum/action_util.o
                0x100041dc                add_oneshot_locked_mods
 .text.del_oneshot_locked_mods
                0x100041fc       0x1c .build/obj_astronaut_vial/quantum/action_util.o
                0x100041fc                del_oneshot_locked_mods
 .text.oneshot_mods_changed_user
                0x10004218        0x2 .build/obj_astronaut_vial/quantum/action_util.o
                0x10004218                oneshot_mods_changed_user
 .text.oneshot_mods_changed_kb
                0x1000421a        0x8 .build/obj_astronaut_vial/quantum/action_util.o
                0x1000421a                oneshot_mods_changed_kb
 *fill*         0x10004222        0x2 
 .text.add_oneshot_mods
                0x10004224       0x2c .build/obj_astronaut_vial/quantum/action_util.o
                0x10004224                add_oneshot_mods
 .text.del_oneshot_mods
                0x10004250       0x2c .build/obj_astronaut_vial/quantum/action_util.o
                0x10004250                del_oneshot_mods
 .text.set_oneshot_mods
                0x1000427c       0x34 .build/obj_astronaut_vial/quantum/action_util.o
                0x1000427c                set_oneshot_mods
 .text.clear_oneshot_mods
                0x100042b0       0x20 .build/obj_astronaut_vial/quantum/action_util.o
                0x100042b0                clear_oneshot_mods
 .text.get_mods_for_report
                0x100042d0       0x60 .build/obj_astronaut_vial/quantum/action_util.o
 .text.send_6kro_report
                0x10004330       0x38 .build/obj_astronaut_vial/quantum/action_util.o
                0x10004330                send_6kro_report
 .text.send_nkro_report
                0x10004368       0x38 .build/obj_astronaut_vial/quantum/action_util.o
                0x10004368                send_nkro_report
 .text.send_keyboard_report
                0x100043a0       0x28 .build/obj_astronaut_vial/quantum/action_util.o
                0x100043a0                send_keyboard_report
 .text.oneshot_layer_changed_user
                0x100043c8        0x2 .build/obj_astronaut_vial/quantum/action_util.o
                0x100043c8                oneshot_layer_changed_user
 .text.oneshot_layer_changed_kb
                0x100043ca        0x8 .build/obj_astronaut_vial/quantum/action_util.o
                0x100043ca                oneshot_layer_changed_kb
 *fill*         0x100043d2        0x2 
 .text.set_oneshot_layer
                0x100043d4       0x3c .build/obj_astronaut_vial/quantum/action_util.o
                0x100043d4                set_oneshot_layer
 .text.reset_oneshot_layer
                0x10004410       0x1c .build/obj_astronaut_vial/quantum/action_util.o
                0x10004410                reset_oneshot_layer
 .text.clear_oneshot_layer_state
                0x1000442c       0x30 .build/obj_astronaut_vial/quantum/action_util.o
                0x1000442c                clear_oneshot_layer_state
 .text.oneshot_set
                0x1000445c       0x30 .build/obj_astronaut_vial/quantum/action_util.o
                0x1000445c                oneshot_set
 .text.oneshot_toggle
                0x1000448c       0x18 .build/obj_astronaut_vial/quantum/action_util.o
                0x1000448c                oneshot_toggle
 .text.oneshot_enable
                0x100044a4        0xa .build/obj_astronaut_vial/quantum/action_util.o
                0x100044a4                oneshot_enable
 .text.oneshot_disable
                0x100044ae        0xa .build/obj_astronaut_vial/quantum/action_util.o
                0x100044ae                oneshot_disable
 .text.eeconfig_disable
                0x100044b8       0x18 .build/obj_astronaut_vial/quantum/eeconfig.o
                0x100044b8                eeconfig_disable
 .text.eeconfig_is_enabled
                0x100044d0       0x1c .build/obj_astronaut_vial/quantum/eeconfig.o
                0x100044d0                eeconfig_is_enabled
 .text.eeconfig_read_debug
                0x100044ec        0xa .build/obj_astronaut_vial/quantum/eeconfig.o
                0x100044ec                eeconfig_read_debug
 .text.eeconfig_read_default_layer
                0x100044f6        0xa .build/obj_astronaut_vial/quantum/eeconfig.o
                0x100044f6                eeconfig_read_default_layer
 .text.eeconfig_read_keymap
                0x10004500        0xa .build/obj_astronaut_vial/quantum/eeconfig.o
                0x10004500                eeconfig_read_keymap
 .text.eeconfig_update_keymap
                0x1000450a        0xc .build/obj_astronaut_vial/quantum/eeconfig.o
                0x1000450a                eeconfig_update_keymap
 .text.eeconfig_update_kb
                0x10004516        0xc .build/obj_astronaut_vial/quantum/eeconfig.o
                0x10004516                eeconfig_update_kb
 .text.eeconfig_update_user
                0x10004522        0xc .build/obj_astronaut_vial/quantum/eeconfig.o
                0x10004522                eeconfig_update_user
 .text.eeconfig_init_user
                0x1000452e        0xa .build/obj_astronaut_vial/quantum/eeconfig.o
                0x1000452e                eeconfig_init_user
 .text.eeconfig_init_kb
                0x10004538        0xe .build/obj_astronaut_vial/quantum/eeconfig.o
                0x10004538                eeconfig_init_kb
 *fill*         0x10004546        0x2 
 .text.eeconfig_init_quantum
                0x10004548       0x90 .build/obj_astronaut_vial/quantum/eeconfig.o
                0x10004548                eeconfig_init_quantum
 .text.eeconfig_init
                0x100045d8        0x8 .build/obj_astronaut_vial/quantum/eeconfig.o
                0x100045d8                eeconfig_init
 .text.eeconfig_update_handedness
                0x100045e0        0xc .build/obj_astronaut_vial/quantum/eeconfig.o
                0x100045e0                eeconfig_update_handedness
 .text.generate_tick_event
                0x100045ec       0x30 .build/obj_astronaut_vial/quantum/keyboard.o
 .text.last_input_activity_elapsed
                0x1000461c       0x10 .build/obj_astronaut_vial/quantum/keyboard.o
                0x1000461c                last_input_activity_elapsed
 .text.last_matrix_activity_trigger
                0x1000462c       0x18 .build/obj_astronaut_vial/quantum/keyboard.o
                0x1000462c                last_matrix_activity_trigger
 .text.matrix_setup
                0x10004644        0x2 .build/obj_astronaut_vial/quantum/keyboard.o
                0x10004644                matrix_setup
 .text.keyboard_pre_init_user
                0x10004646        0x2 .build/obj_astronaut_vial/quantum/keyboard.o
                0x10004646                keyboard_pre_init_user
 .text.keyboard_pre_init_kb
                0x10004648        0x8 .build/obj_astronaut_vial/quantum/keyboard.o
                0x10004648                keyboard_pre_init_kb
 .text.keyboard_post_init_kb
                0x10004650        0x8 .build/obj_astronaut_vial/quantum/keyboard.o
                0x10004650                keyboard_post_init_kb
 .text.matrix_can_read
                0x10004658        0x4 .build/obj_astronaut_vial/quantum/keyboard.o
                0x10004658                matrix_can_read
 .text.keyboard_setup
                0x1000465c       0x24 .build/obj_astronaut_vial/quantum/keyboard.o
                0x1000465c                keyboard_setup
 .text.should_process_keypress
                0x10004680        0x8 .build/obj_astronaut_vial/quantum/keyboard.o
                0x10004680                should_process_keypress
 .text.housekeeping_task_kb
                0x10004688        0x2 .build/obj_astronaut_vial/quantum/keyboard.o
                0x10004688                housekeeping_task_kb
 .text.housekeeping_task
                0x1000468a        0xc .build/obj_astronaut_vial/quantum/keyboard.o
                0x1000468a                housekeeping_task
 *fill*         0x10004696        0x2 
 .text.quantum_init
                0x10004698       0x40 .build/obj_astronaut_vial/quantum/keyboard.o
                0x10004698                quantum_init
 .text.keyboard_init
                0x100046d8       0x44 .build/obj_astronaut_vial/quantum/keyboard.o
                0x100046d8                keyboard_init
 .text.quantum_task
                0x1000471c       0x1c .build/obj_astronaut_vial/quantum/keyboard.o
                0x1000471c                quantum_task
 .text.keyboard_task
                0x10004738       0xc8 .build/obj_astronaut_vial/quantum/keyboard.o
                0x10004738                keyboard_task
 .text.action_for_keycode
                0x10004800      0x1d4 .build/obj_astronaut_vial/quantum/keymap_common.o
                0x10004800                action_for_keycode
 .text.keymap_key_to_keycode
                0x100049d4       0x40 .build/obj_astronaut_vial/quantum/keymap_common.o
                0x100049d4                keymap_key_to_keycode
 .text.action_for_key
                0x10004a14       0x12 .build/obj_astronaut_vial/quantum/keymap_common.o
                0x10004a14                action_for_key
 *fill*         0x10004a26        0x2 
 .text.keycode_config
                0x10004a28      0x124 .build/obj_astronaut_vial/quantum/keycode_config.o
                0x10004a28                keycode_config
 .text.mod_config
                0x10004b4c       0x98 .build/obj_astronaut_vial/quantum/keycode_config.o
                0x10004b4c                mod_config
 .text.sync_timer_init
                0x10004be4        0xc .build/obj_astronaut_vial/quantum/sync_timer.o
                0x10004be4                sync_timer_init
 .text.sync_timer_update
                0x10004bf0       0x1c .build/obj_astronaut_vial/quantum/sync_timer.o
                0x10004bf0                sync_timer_update
 .text.sync_timer_read32
                0x10004c0c       0x20 .build/obj_astronaut_vial/quantum/sync_timer.o
                0x10004c0c                sync_timer_read32
 .text.sync_timer_elapsed32
                0x10004c2c       0x1c .build/obj_astronaut_vial/quantum/sync_timer.o
                0x10004c2c                sync_timer_elapsed32
 .text.null_sendchar_func
                0x10004c48        0x4 .build/obj_astronaut_vial/quantum/logging/print.o
 .text.print_set_sendchar
                0x10004c4c        0xc .build/obj_astronaut_vial/quantum/logging/print.o
                0x10004c4c                print_set_sendchar
 .text.putchar_
                0x10004c58       0x10 .build/obj_astronaut_vial/quantum/logging/print.o
                0x10004c58                putchar_
 .text.matrix_init_user
                0x10004c68        0x2 .build/obj_astronaut_vial/quantum/matrix_common.o
                0x10004c68                matrix_init_user
 .text.matrix_init_kb
                0x10004c6a        0x8 .build/obj_astronaut_vial/quantum/matrix_common.o
                0x10004c6a                matrix_init_kb
 .text.matrix_scan_user
                0x10004c72        0x2 .build/obj_astronaut_vial/quantum/matrix_common.o
                0x10004c72                matrix_scan_user
 .text.matrix_scan_kb
                0x10004c74        0x8 .build/obj_astronaut_vial/quantum/matrix_common.o
                0x10004c74                matrix_scan_kb
 .text.matrix_is_on
                0x10004c7c       0x18 .build/obj_astronaut_vial/quantum/matrix_common.o
                0x10004c7c                matrix_is_on
 .text.matrix_get_row
                0x10004c94        0xc .build/obj_astronaut_vial/quantum/matrix_common.o
                0x10004c94                matrix_get_row
 .text.matrix_print
                0x10004ca0       0x50 .build/obj_astronaut_vial/quantum/matrix_common.o
                0x10004ca0                matrix_print
 .text.matrix_io_delay
                0x10004cf0        0xa .build/obj_astronaut_vial/quantum/matrix_common.o
                0x10004cf0                matrix_io_delay
 *fill*         0x10004cfa        0x2 
 .text.matrix_output_select_delay
                0x10004cfc      0x184 .build/obj_astronaut_vial/quantum/matrix_common.o
                0x10004cfc                matrix_output_select_delay
 .text.matrix_output_unselect_delay
                0x10004e80        0x8 .build/obj_astronaut_vial/quantum/matrix_common.o
                0x10004e80                matrix_output_unselect_delay
 .text.matrix_slave_scan_user
                0x10004e88        0x2 .build/obj_astronaut_vial/quantum/matrix_common.o
                0x10004e88                matrix_slave_scan_user
 .text.matrix_slave_scan_kb
                0x10004e8a        0x8 .build/obj_astronaut_vial/quantum/matrix_common.o
                0x10004e8a                matrix_slave_scan_kb
 *fill*         0x10004e92        0x2 
 .text.matrix_post_scan
                0x10004e94       0x90 .build/obj_astronaut_vial/quantum/matrix_common.o
                0x10004e94                matrix_post_scan
 .text.gpio_atomic_set_pin_input_high
                0x10004f24       0x44 .build/obj_astronaut_vial/quantum/matrix.o
 .text.matrix_init_pins
                0x10004f68       0x3c .build/obj_astronaut_vial/quantum/matrix.o
                0x10004f68                matrix_init_pins
 .text.matrix_read_cols_on_row
                0x10004fa4       0xb8 .build/obj_astronaut_vial/quantum/matrix.o
                0x10004fa4                matrix_read_cols_on_row
 .text.matrix_init
                0x1000505c       0x80 .build/obj_astronaut_vial/quantum/matrix.o
                0x1000505c                matrix_init
 .text.matrix_scan
                0x100050dc       0x70 .build/obj_astronaut_vial/quantum/matrix.o
                0x100050dc                matrix_scan
 .text.debounce_init
                0x1000514c        0x2 .build/obj_astronaut_vial/quantum/debounce/sym_defer_g.o
                0x1000514c                debounce_init
 *fill*         0x1000514e        0x2 
 .text.debounce
                0x10005150       0x5c .build/obj_astronaut_vial/quantum/debounce/sym_defer_g.o
                0x10005150                debounce
 .text.is_keyboard_left_impl
                0x100051ac       0x30 .build/obj_astronaut_vial/quantum/split_common/split_util.o
                0x100051ac                is_keyboard_left_impl
 .text.is_keyboard_master_impl
                0x100051dc       0x28 .build/obj_astronaut_vial/quantum/split_common/split_util.o
                0x100051dc                is_keyboard_master_impl
 .text.is_keyboard_left
                0x10005204        0xc .build/obj_astronaut_vial/quantum/split_common/split_util.o
                0x10005204                is_keyboard_left
 .text.is_keyboard_master
                0x10005210        0xc .build/obj_astronaut_vial/quantum/split_common/split_util.o
                0x10005210                is_keyboard_master
 .text.split_pre_init
                0x1000521c       0x30 .build/obj_astronaut_vial/quantum/split_common/split_util.o
                0x1000521c                split_pre_init
 .text.split_post_init
                0x1000524c       0x10 .build/obj_astronaut_vial/quantum/split_common/split_util.o
                0x1000524c                split_post_init
 .text.is_transport_connected
                0x1000525c       0x14 .build/obj_astronaut_vial/quantum/split_common/split_util.o
                0x1000525c                is_transport_connected
 .text.transport_master_if_connected
                0x10005270       0x5c .build/obj_astronaut_vial/quantum/split_common/split_util.o
                0x10005270                transport_master_if_connected
 .text.transport_master_init
                0x100052cc        0x8 .build/obj_astronaut_vial/quantum/split_common/transport.o
                0x100052cc                transport_master_init
 .text.transport_slave_init
                0x100052d4        0x8 .build/obj_astronaut_vial/quantum/split_common/transport.o
                0x100052d4                transport_slave_init
 .text.transport_execute_transaction
                0x100052dc       0x6c .build/obj_astronaut_vial/quantum/split_common/transport.o
                0x100052dc                transport_execute_transaction
 .text.transport_master
                0x10005348        0x8 .build/obj_astronaut_vial/quantum/split_common/transport.o
                0x10005348                transport_master
 .text.transport_slave
                0x10005350        0x8 .build/obj_astronaut_vial/quantum/split_common/transport.o
                0x10005350                transport_slave
 .text.sync_timer_handlers_master
                0x10005358       0x3c .build/obj_astronaut_vial/quantum/split_common/transactions.o
 .text.slave_matrix_handlers_master
                0x10005394       0xac .build/obj_astronaut_vial/quantum/split_common/transactions.o
 .text.transaction_handler_master.isra.0
                0x10005440       0x44 .build/obj_astronaut_vial/quantum/split_common/transactions.o
 .text.transactions_master
                0x10005484       0x24 .build/obj_astronaut_vial/quantum/split_common/transactions.o
                0x10005484                transactions_master
 .text.transactions_slave
                0x100054a8       0x48 .build/obj_astronaut_vial/quantum/split_common/transactions.o
                0x100054a8                transactions_slave
 .text.protocol_keyboard_task
                0x100054f0        0x8 .build/obj_astronaut_vial/quantum/main.o
                0x100054f0                protocol_keyboard_task
 .text.startup.main
                0x100054f8       0x3c .build/obj_astronaut_vial/quantum/main.o
                0x100054f8                main
 .text.putchar_via_gadget
                0x10005534       0x24 .build/obj_astronaut_vial/printf.o
 .text.out_rev_
                0x10005558       0x56 .build/obj_astronaut_vial/printf.o
 *fill*         0x100055ae        0x2 
 .text.print_integer
                0x100055b0      0x174 .build/obj_astronaut_vial/printf.o
 .text.putchar_wrapper
                0x10005724        0x8 .build/obj_astronaut_vial/printf.o
 .text.vsnprintf_impl.constprop.0
                0x1000572c      0x39c .build/obj_astronaut_vial/printf.o
 .text.vprintf  0x10005ac8       0x28 .build/obj_astronaut_vial/printf.o
                0x10005ac8                vprintf
 .text.printf   0x10005af0       0x16 .build/obj_astronaut_vial/printf.o
                0x10005af0                printf
 *fill*         0x10005b06        0x2 
 .text.decode_utf8
                0x10005b08       0xb0 .build/obj_astronaut_vial/quantum/unicode/utf8.o
                0x10005b08                decode_utf8
 .text.hsv_to_rgb_impl
                0x10005bb8       0xa0 .build/obj_astronaut_vial/quantum/color.o
                0x10005bb8                hsv_to_rgb_impl
 .text.hsv_to_rgb
                0x10005c58       0x2c .build/obj_astronaut_vial/quantum/color.o
                0x10005c58                hsv_to_rgb
 .text.hsv_to_rgb_nocie
                0x10005c84       0x28 .build/obj_astronaut_vial/quantum/color.o
                0x10005c84                hsv_to_rgb_nocie
 .text.qp_init  0x10005cac       0x96 .build/obj_astronaut_vial/quantum/painter/qp.o
                0x10005cac                qp_init
 .text.qp_power
                0x10005d42       0x32 .build/obj_astronaut_vial/quantum/painter/qp.o
                0x10005d42                qp_power
 .text.qp_flush
                0x10005d74       0x2c .build/obj_astronaut_vial/quantum/painter/qp.o
                0x10005d74                qp_flush
 .text.qp_set_viewport_offsets
                0x10005da0        0xa .build/obj_astronaut_vial/quantum/painter/qp.o
                0x10005da0                qp_set_viewport_offsets
 *fill*         0x10005daa        0x2 
 .text.qp_internal_register_device
                0x10005dac       0x18 .build/obj_astronaut_vial/quantum/painter/qp_internal.o
                0x10005dac                qp_internal_register_device
 .text.qp_internal_task
                0x10005dc4       0x78 .build/obj_astronaut_vial/quantum/painter/qp_internal.o
                0x10005dc4                qp_internal_task
 .text.mem_get  0x10005e3c       0x1e .build/obj_astronaut_vial/quantum/painter/qp_stream.o
 .text.mem_put  0x10005e5a       0x20 .build/obj_astronaut_vial/quantum/painter/qp_stream.o
 .text.mem_seek
                0x10005e7a       0x2c .build/obj_astronaut_vial/quantum/painter/qp_stream.o
 .text.mem_tell
                0x10005ea6        0x4 .build/obj_astronaut_vial/quantum/painter/qp_stream.o
 .text.mem_is_eof
                0x10005eaa        0x6 .build/obj_astronaut_vial/quantum/painter/qp_stream.o
 .text.mem_close
                0x10005eb0        0x2 .build/obj_astronaut_vial/quantum/painter/qp_stream.o
 .text.qp_stream_read_impl
                0x10005eb2       0x2e .build/obj_astronaut_vial/quantum/painter/qp_stream.o
                0x10005eb2                qp_stream_read_impl
 .text.qp_make_memory_stream
                0x10005ee0       0x4c .build/obj_astronaut_vial/quantum/painter/qp_stream.o
                0x10005ee0                qp_make_memory_stream
 .text.qgf_validate_block_header
                0x10005f2c       0x34 .build/obj_astronaut_vial/quantum/painter/qgf.o
                0x10005f2c                qgf_validate_block_header
 .text.qgf_parse_format
                0x10005f60       0x40 .build/obj_astronaut_vial/quantum/painter/qgf.o
                0x10005f60                qgf_parse_format
 .text.qgf_parse_frame_descriptor
                0x10005fa0       0x36 .build/obj_astronaut_vial/quantum/painter/qgf.o
                0x10005fa0                qgf_parse_frame_descriptor
 *fill*         0x10005fd6        0x2 
 .text.qgf_read_graphics_descriptor
                0x10005fd8       0xa0 .build/obj_astronaut_vial/quantum/painter/qgf.o
                0x10005fd8                qgf_read_graphics_descriptor
 .text.qgf_seek_to_frame_descriptor
                0x10006078       0x76 .build/obj_astronaut_vial/quantum/painter/qgf.o
                0x10006078                qgf_seek_to_frame_descriptor
 .text.qgf_validate_frame_descriptor
                0x100060ee       0x4a .build/obj_astronaut_vial/quantum/painter/qgf.o
                0x100060ee                qgf_validate_frame_descriptor
 .text.qgf_validate_palette_descriptor
                0x10006138       0x3c .build/obj_astronaut_vial/quantum/painter/qgf.o
                0x10006138                qgf_validate_palette_descriptor
 .text.qgf_validate_delta_descriptor
                0x10006174       0x24 .build/obj_astronaut_vial/quantum/painter/qgf.o
                0x10006174                qgf_validate_delta_descriptor
 .text.qgf_validate_frame_data_descriptor
                0x10006198       0x2c .build/obj_astronaut_vial/quantum/painter/qgf.o
                0x10006198                qgf_validate_frame_data_descriptor
 .text.qgf_validate_stream
                0x100061c4       0x8c .build/obj_astronaut_vial/quantum/painter/qgf.o
                0x100061c4                qgf_validate_stream
 .text.qgf_get_total_size
                0x10006250       0x30 .build/obj_astronaut_vial/quantum/painter/qgf.o
                0x10006250                qgf_get_total_size
 .text.qff_validate_ascii_descriptor
                0x10006280       0x28 .build/obj_astronaut_vial/quantum/painter/qff.o
 .text.qff_read_font_descriptor
                0x100062a8       0xd8 .build/obj_astronaut_vial/quantum/painter/qff.o
                0x100062a8                qff_read_font_descriptor
 .text.qff_validate_stream
                0x10006380       0x74 .build/obj_astronaut_vial/quantum/painter/qff.o
                0x10006380                qff_validate_stream
 .text.qff_get_total_size
                0x100063f4       0x3a .build/obj_astronaut_vial/quantum/painter/qff.o
                0x100063f4                qff_get_total_size
 .text.qp_internal_num_pixels_in_buffer
                0x1000642e        0xe .build/obj_astronaut_vial/quantum/painter/qp_draw_core.o
                0x1000642e                qp_internal_num_pixels_in_buffer
 .text.qp_internal_fill_pixdata
                0x1000643c       0x74 .build/obj_astronaut_vial/quantum/painter/qp_draw_core.o
                0x1000643c                qp_internal_fill_pixdata
 .text.qp_internal_invalidate_palette
                0x100064b0       0x18 .build/obj_astronaut_vial/quantum/painter/qp_draw_core.o
                0x100064b0                qp_internal_invalidate_palette
 .text.qp_internal_interpolate_palette
                0x100064c8      0x104 .build/obj_astronaut_vial/quantum/painter/qp_draw_core.o
                0x100064c8                qp_internal_interpolate_palette
 .text.qp_internal_load_qgf_palette
                0x100065cc       0x60 .build/obj_astronaut_vial/quantum/painter/qp_draw_core.o
                0x100065cc                qp_internal_load_qgf_palette
 .text.qp_internal_fillrect_helper_impl
                0x1000662c       0x90 .build/obj_astronaut_vial/quantum/painter/qp_draw_core.o
                0x1000662c                qp_internal_fillrect_helper_impl
 .text.qp_rect  0x100066bc      0x11a .build/obj_astronaut_vial/quantum/painter/qp_draw_core.o
                0x100066bc                qp_rect
 .text.qp_drawimage_byte_uncompressed_decoder
                0x100067d6        0xe .build/obj_astronaut_vial/quantum/painter/qp_draw_codec.o
 .text.qp_drawimage_byte_rle_decoder
                0x100067e4       0x50 .build/obj_astronaut_vial/quantum/painter/qp_draw_codec.o
 .text.qp_internal_pixel_appender
                0x10006834       0x54 .build/obj_astronaut_vial/quantum/painter/qp_draw_codec.o
                0x10006834                qp_internal_pixel_appender
 .text.qp_internal_byte_appender
                0x10006888       0x50 .build/obj_astronaut_vial/quantum/painter/qp_draw_codec.o
                0x10006888                qp_internal_byte_appender
 .text.qp_internal_bpp_capable
                0x100068d8        0x4 .build/obj_astronaut_vial/quantum/painter/qp_draw_codec.o
                0x100068d8                qp_internal_bpp_capable
 .text.qp_internal_decode_palette
                0x100068dc       0x6a .build/obj_astronaut_vial/quantum/painter/qp_draw_codec.o
                0x100068dc                qp_internal_decode_palette
 .text.qp_internal_send_bytes
                0x10006946       0x2c .build/obj_astronaut_vial/quantum/painter/qp_draw_codec.o
                0x10006946                qp_internal_send_bytes
 *fill*         0x10006972        0x2 
 .text.qp_internal_appender
                0x10006974       0xa8 .build/obj_astronaut_vial/quantum/painter/qp_draw_codec.o
                0x10006974                qp_internal_appender
 .text.qp_internal_prepare_input_state
                0x10006a1c       0x1c .build/obj_astronaut_vial/quantum/painter/qp_draw_codec.o
                0x10006a1c                qp_internal_prepare_input_state
 .text.qp_drawimage_recolor_impl
                0x10006a38      0x1b0 .build/obj_astronaut_vial/quantum/painter/qp_draw_image.o
 .text.qp_load_image_mem
                0x10006be8       0x88 .build/obj_astronaut_vial/quantum/painter/qp_draw_image.o
                0x10006be8                qp_load_image_mem
 .text.qp_close_image
                0x10006c70       0x1c .build/obj_astronaut_vial/quantum/painter/qp_draw_image.o
                0x10006c70                qp_close_image
 .text.qp_drawimage_recolor
                0x10006c8c       0x6e .build/obj_astronaut_vial/quantum/painter/qp_draw_image.o
                0x10006c8c                qp_drawimage_recolor
 *fill*         0x10006cfa        0x2 
 .text.qp_internal_animation_tick
                0x10006cfc       0x18 .build/obj_astronaut_vial/quantum/painter/qp_draw_image.o
                0x10006cfc                qp_internal_animation_tick
 .text.qp_iterate_code_points
                0x10006d14      0x15c .build/obj_astronaut_vial/quantum/painter/qp_draw_text.o
 .text.qp_font_code_point_handler_drawglyph
                0x10006e70       0x52 .build/obj_astronaut_vial/quantum/painter/qp_draw_text.o
 .text.qp_close_font
                0x10006ec2       0x1c .build/obj_astronaut_vial/quantum/painter/qp_draw_text.o
                0x10006ec2                qp_close_font
 *fill*         0x10006ede        0x2 
 .text.qp_load_font_mem
                0x10006ee0       0xb4 .build/obj_astronaut_vial/quantum/painter/qp_draw_text.o
                0x10006ee0                qp_load_font_mem
 .text.qp_drawtext_recolor
                0x10006f94      0x160 .build/obj_astronaut_vial/quantum/painter/qp_draw_text.o
                0x10006f94                qp_drawtext_recolor
 .text.qp_tft_panel_power
                0x100070f4       0x18 .build/obj_astronaut_vial/drivers/painter/tft_panel/qp_tft_panel.o
                0x100070f4                qp_tft_panel_power
 .text.qp_tft_panel_clear
                0x1000710c        0xe .build/obj_astronaut_vial/drivers/painter/tft_panel/qp_tft_panel.o
                0x1000710c                qp_tft_panel_clear
 .text.qp_tft_panel_flush
                0x1000711a        0x4 .build/obj_astronaut_vial/drivers/painter/tft_panel/qp_tft_panel.o
                0x1000711a                qp_tft_panel_flush
 .text.qp_tft_panel_viewport
                0x1000711e       0xae .build/obj_astronaut_vial/drivers/painter/tft_panel/qp_tft_panel.o
                0x1000711e                qp_tft_panel_viewport
 .text.qp_tft_panel_pixdata
                0x100071cc       0x10 .build/obj_astronaut_vial/drivers/painter/tft_panel/qp_tft_panel.o
                0x100071cc                qp_tft_panel_pixdata
 .text.qp_tft_panel_palette_convert_rgb565_swapped
                0x100071dc       0x62 .build/obj_astronaut_vial/drivers/painter/tft_panel/qp_tft_panel.o
                0x100071dc                qp_tft_panel_palette_convert_rgb565_swapped
 .text.qp_tft_panel_append_pixels_rgb565
                0x1000723e       0x2a .build/obj_astronaut_vial/drivers/painter/tft_panel/qp_tft_panel.o
                0x1000723e                qp_tft_panel_append_pixels_rgb565
 .text.qp_tft_panel_append_pixdata
                0x10007268        0x6 .build/obj_astronaut_vial/drivers/painter/tft_panel/qp_tft_panel.o
                0x10007268                qp_tft_panel_append_pixdata
 *fill*         0x1000726e        0x2 
 .text.qp_st7789_init
                0x10007270       0x64 .build/obj_astronaut_vial/drivers/painter/st77xx/qp_st7789.o
                0x10007270                qp_st7789_init
 .text.qp_st7789_make_spi_device
                0x100072d4       0x6c .build/obj_astronaut_vial/drivers/painter/st77xx/qp_st7789.o
                0x100072d4                qp_st7789_make_spi_device
 .text.qp_comms_init
                0x10007340       0x18 .build/obj_astronaut_vial/quantum/painter/qp_comms.o
                0x10007340                qp_comms_init
 .text.qp_comms_start
                0x10007358       0x18 .build/obj_astronaut_vial/quantum/painter/qp_comms.o
                0x10007358                qp_comms_start
 .text.qp_comms_stop
                0x10007370       0x14 .build/obj_astronaut_vial/quantum/painter/qp_comms.o
                0x10007370                qp_comms_stop
 .text.qp_comms_send
                0x10007384       0x18 .build/obj_astronaut_vial/quantum/painter/qp_comms.o
                0x10007384                qp_comms_send
 .text.qp_comms_command
                0x1000739c        0xa .build/obj_astronaut_vial/quantum/painter/qp_comms.o
                0x1000739c                qp_comms_command
 .text.qp_comms_command_databyte
                0x100073a6       0x1a .build/obj_astronaut_vial/quantum/painter/qp_comms.o
                0x100073a6                qp_comms_command_databyte
 .text.qp_comms_command_databuf
                0x100073c0       0x18 .build/obj_astronaut_vial/quantum/painter/qp_comms.o
                0x100073c0                qp_comms_command_databuf
 .text.qp_comms_bulk_command_sequence
                0x100073d8        0xa .build/obj_astronaut_vial/quantum/painter/qp_comms.o
                0x100073d8                qp_comms_bulk_command_sequence
 .text.qp_comms_spi_start
                0x100073e2       0x12 .build/obj_astronaut_vial/drivers/painter/comms/qp_comms_spi.o
                0x100073e2                qp_comms_spi_start
 .text.qp_comms_spi_send_data
                0x100073f4       0x2a .build/obj_astronaut_vial/drivers/painter/comms/qp_comms_spi.o
                0x100073f4                qp_comms_spi_send_data
 .text.qp_comms_spi_dc_reset_send_data
                0x1000741e       0x16 .build/obj_astronaut_vial/drivers/painter/comms/qp_comms_spi.o
                0x1000741e                qp_comms_spi_dc_reset_send_data
 .text.qp_comms_spi_stop
                0x10007434       0x16 .build/obj_astronaut_vial/drivers/painter/comms/qp_comms_spi.o
                0x10007434                qp_comms_spi_stop
 .text.qp_comms_spi_dc_reset_send_command
                0x1000744a       0x18 .build/obj_astronaut_vial/drivers/painter/comms/qp_comms_spi.o
                0x1000744a                qp_comms_spi_dc_reset_send_command
 *fill*         0x10007462        0x2 
 .text.qp_comms_spi_dc_reset_bulk_command_sequence
                0x10007464       0x90 .build/obj_astronaut_vial/drivers/painter/comms/qp_comms_spi.o
                0x10007464                qp_comms_spi_dc_reset_bulk_command_sequence
 .text.qp_comms_spi_init
                0x100074f4       0x38 .build/obj_astronaut_vial/drivers/painter/comms/qp_comms_spi.o
                0x100074f4                qp_comms_spi_init
 .text.qp_comms_spi_dc_reset_init
                0x1000752c       0x80 .build/obj_astronaut_vial/drivers/painter/comms/qp_comms_spi.o
                0x1000752c                qp_comms_spi_dc_reset_init
 .text.eeprom_read_byte
                0x100075ac       0x1a .build/obj_astronaut_vial/eeprom_driver.o
                0x100075ac                eeprom_read_byte
 .text.eeprom_read_word
                0x100075c6       0x1a .build/obj_astronaut_vial/eeprom_driver.o
                0x100075c6                eeprom_read_word
 .text.eeprom_read_dword
                0x100075e0       0x14 .build/obj_astronaut_vial/eeprom_driver.o
                0x100075e0                eeprom_read_dword
 .text.eeprom_write_byte
                0x100075f4       0x14 .build/obj_astronaut_vial/eeprom_driver.o
                0x100075f4                eeprom_write_byte
 .text.eeprom_write_word
                0x10007608       0x14 .build/obj_astronaut_vial/eeprom_driver.o
                0x10007608                eeprom_write_word
 .text.eeprom_write_dword
                0x1000761c       0x10 .build/obj_astronaut_vial/eeprom_driver.o
                0x1000761c                eeprom_write_dword
 .text.eeprom_update_block
                0x1000762c       0x3a .build/obj_astronaut_vial/eeprom_driver.o
                0x1000762c                eeprom_update_block
 .text.eeprom_update_byte
                0x10007666       0x18 .build/obj_astronaut_vial/eeprom_driver.o
                0x10007666                eeprom_update_byte
 .text.eeprom_update_word
                0x1000767e       0x18 .build/obj_astronaut_vial/eeprom_driver.o
                0x1000767e                eeprom_update_word
 .text.eeprom_update_dword
                0x10007696       0x18 .build/obj_astronaut_vial/eeprom_driver.o
                0x10007696                eeprom_update_dword
 .text.eeprom_driver_init
                0x100076ae        0x8 .build/obj_astronaut_vial/eeprom_wear_leveling.o
                0x100076ae                eeprom_driver_init
 .text.eeprom_driver_format
                0x100076b6        0x8 .build/obj_astronaut_vial/eeprom_wear_leveling.o
                0x100076b6                eeprom_driver_format
 .text.eeprom_read_block
                0x100076be        0xe .build/obj_astronaut_vial/eeprom_wear_leveling.o
                0x100076be                eeprom_read_block
 .text.eeprom_write_block
                0x100076cc        0xe .build/obj_astronaut_vial/eeprom_wear_leveling.o
                0x100076cc                eeprom_write_block
 *fill*         0x100076da        0x2 
 .text.wear_leveling_clear_cache
                0x100076dc       0x20 .build/obj_astronaut_vial/wear_leveling.o
 .text.wear_leveling_unlock
                0x100076fc       0x24 .build/obj_astronaut_vial/wear_leveling.o
 .text.wear_leveling_lock
                0x10007720       0x28 .build/obj_astronaut_vial/wear_leveling.o
 .text.wear_leveling_erase
                0x10007748       0x2e .build/obj_astronaut_vial/wear_leveling.o
                0x10007748                wear_leveling_erase
 *fill*         0x10007776        0x2 
 .text.wear_leveling_read
                0x10007778       0x24 .build/obj_astronaut_vial/wear_leveling.o
                0x10007778                wear_leveling_read
 .text.wear_leveling_consolidate_force
                0x1000779c       0x6c .build/obj_astronaut_vial/wear_leveling.o
 .text.wear_leveling_consolidate_if_needed
                0x10007808       0x20 .build/obj_astronaut_vial/wear_leveling.o
 .text.wear_leveling_append_raw
                0x10007828       0x28 .build/obj_astronaut_vial/wear_leveling.o
 .text.wear_leveling_write
                0x10007850      0x160 .build/obj_astronaut_vial/wear_leveling.o
                0x10007850                wear_leveling_write
 .text.wear_leveling_init
                0x100079b0      0x184 .build/obj_astronaut_vial/wear_leveling.o
                0x100079b0                wear_leveling_init
 .text.backing_store_init
                0x10007b34       0x1c .build/obj_astronaut_vial/wear_leveling_rp2040_flash.o
                0x10007b34                backing_store_init
 .text.backing_store_unlock
                0x10007b50        0x4 .build/obj_astronaut_vial/wear_leveling_rp2040_flash.o
                0x10007b50                backing_store_unlock
 .text.backing_store_erase
                0x10007b54       0x28 .build/obj_astronaut_vial/wear_leveling_rp2040_flash.o
                0x10007b54                backing_store_erase
 .text.backing_store_write_bulk
                0x10007b7c       0x24 .build/obj_astronaut_vial/wear_leveling_rp2040_flash.o
                0x10007b7c                backing_store_write_bulk
 .text.backing_store_write
                0x10007ba0       0x12 .build/obj_astronaut_vial/wear_leveling_rp2040_flash.o
                0x10007ba0                backing_store_write
 .text.backing_store_lock
                0x10007bb2        0x4 .build/obj_astronaut_vial/wear_leveling_rp2040_flash.o
                0x10007bb2                backing_store_lock
 *fill*         0x10007bb6        0x2 
 .text.backing_store_read_bulk
                0x10007bb8       0x20 .build/obj_astronaut_vial/wear_leveling_rp2040_flash.o
                0x10007bb8                backing_store_read_bulk
 .text.backing_store_read
                0x10007bd8        0xa .build/obj_astronaut_vial/wear_leveling_rp2040_flash.o
                0x10007bd8                backing_store_read
 *fill*         0x10007be2        0x2 
 .text.reload_tap_dance
                0x10007be4       0x30 .build/obj_astronaut_vial/quantum/vial.o
 .text.reload_combo
                0x10007c14       0x58 .build/obj_astronaut_vial/quantum/vial.o
 .text.vial_keycode_firewall
                0x10007c6c       0x1c .build/obj_astronaut_vial/quantum/vial.o
 .text.reload_key_override
                0x10007c88       0x9c .build/obj_astronaut_vial/quantum/vial.o
 .text.vial_init
                0x10007d24       0x10 .build/obj_astronaut_vial/quantum/vial.o
                0x10007d24                vial_init
 .text.vial_handle_cmd
                0x10007d34      0x278 .build/obj_astronaut_vial/quantum/vial.o
                0x10007d34                vial_handle_cmd
 .text.vial_keycode_down
                0x10007fac       0x40 .build/obj_astronaut_vial/quantum/vial.o
                0x10007fac                vial_keycode_down
 .text.vial_keycode_up
                0x10007fec       0x3c .build/obj_astronaut_vial/quantum/vial.o
                0x10007fec                vial_keycode_up
 .text.on_dance_reset
                0x10008028       0x9c .build/obj_astronaut_vial/quantum/vial.o
 .text.vial_keycode_tap
                0x100080c4       0x48 .build/obj_astronaut_vial/quantum/vial.o
                0x100080c4                vial_keycode_tap
 .text.on_dance_finished
                0x1000810c       0xa0 .build/obj_astronaut_vial/quantum/vial.o
 .text.on_dance
                0x100081ac       0x3c .build/obj_astronaut_vial/quantum/vial.o
 .text.get_tapping_term
                0x100081e8       0x30 .build/obj_astronaut_vial/quantum/vial.o
                0x100081e8                get_tapping_term
 .text.tap_dance_count
                0x10008218        0x4 .build/obj_astronaut_vial/quantum/vial.o
                0x10008218                tap_dance_count
 .text.tap_dance_get
                0x1000821c       0x18 .build/obj_astronaut_vial/quantum/vial.o
                0x1000821c                tap_dance_get
 .text.process_record_vial